Archive member included to satisfy reference by file (symbol)

contiki-avr-rss2.a(powertrace.o)
                              wimea-ict-rss2.co (powertrace_print1)
contiki-avr-rss2.a(contiki-main.o)
                              wimea-ict-rss2.co (rf230_driver)
contiki-avr-rss2.a(params.o)  contiki-avr-rss2.a(contiki-main.o) (params_get_channel)
contiki-avr-rss2.a(battery-sensor.)
                              wimea-ict-rss2.co (battery_sensor)
contiki-avr-rss2.a(i2c.o)     contiki-avr-rss2.a(contiki-main.o) (i2c_init)
contiki-avr-rss2.a(leds.o)    contiki-avr-rss2.a(contiki-main.o) (leds_on)
contiki-avr-rss2.a(temp_mcu-sensor)
                              wimea-ict-rss2.co (temp_mcu_sensor)
contiki-avr-rss2.a(adc.o)     wimea-ict-rss2.co (adc_read_v_in)
contiki-avr-rss2.a(pulse-sensor.o)
                              wimea-ict-rss2.co (pulse_sensor)
contiki-avr-rss2.a(temp-sensor.o)
                              wimea-ict-rss2.co (temp_sensor)
contiki-avr-rss2.a(ds1307.o)  wimea-ict-rss2.co (DS1307_init)
contiki-avr-rss2.a(ff.o)      wimea-ict-rss2.co (f_open)
contiki-avr-rss2.a(ms5611.o)  wimea-ict-rss2.co (missing_p_value)
contiki-avr-rss2.a(mcp3424.o)
                              wimea-ict-rss2.co (missing_adc_value)
contiki-avr-rss2.a(sht25.o)   wimea-ict-rss2.co (missing_t_value)
contiki-avr-rss2.a(clock.o)   contiki-avr-rss2.a(contiki-main.o) (clock_init)
contiki-avr-rss2.a(rs232.o)   contiki-avr-rss2.a(contiki-main.o) (rs232_init)
contiki-avr-rss2.a(watchdog.o)
                              contiki-avr-rss2.a(contiki-main.o) (watchdog_init)
contiki-avr-rss2.a(random.o)  contiki-avr-rss2.a(contiki-main.o) (random_init)
contiki-avr-rss2.a(rf230bb.o)
                              contiki-avr-rss2.a(clock.o) (RF230_receive_on)
contiki-avr-rss2.a(halbb.o)   contiki-avr-rss2.a(rf230bb.o) (hal_init)
contiki-avr-rss2.a(bme280-sensor.o)
                              wimea-ict-rss2.co (bme280_sensor)
contiki-avr-rss2.a(ctimer.o)  contiki-avr-rss2.a(contiki-main.o) (ctimer_init)
contiki-avr-rss2.a(autostart.o)
                              contiki-avr-rss2.a(contiki-main.o) (autostart_start)
contiki-avr-rss2.a(energest.o)
                              contiki-avr-rss2.a(contiki-main.o) (energest_init)
contiki-avr-rss2.a(etimer.o)  contiki-avr-rss2.a(clock.o) (etimer_request_poll)
contiki-avr-rss2.a(process.o)
                              wimea-ict-rss2.co (process_current)
contiki-avr-rss2.a(rtimer.o)  contiki-avr-rss2.a(contiki-main.o) (rtimer_init)
contiki-avr-rss2.a(timer.o)   contiki-avr-rss2.a(etimer.o) (timer_set)
contiki-avr-rss2.a(serial-line.o)
                              wimea-ict-rss2.co (serial_line_event_message)
contiki-avr-rss2.a(ringbuf.o)
                              contiki-avr-rss2.a(serial-line.o) (ringbuf_init)
contiki-avr-rss2.a(list.o)    contiki-avr-rss2.a(ctimer.o) (list_init)
contiki-avr-rss2.a(broadcast.o)
                              wimea-ict-rss2.co (broadcast_open)
contiki-avr-rss2.a(rime.o)    contiki-avr-rss2.a(contiki-main.o) (rime_driver)
contiki-avr-rss2.a(announcement.o)
                              contiki-avr-rss2.a(rime.o) (announcement_init)
contiki-avr-rss2.a(nullmac.o)
                              contiki-avr-rss2.a(contiki-main.o) (nullmac_driver)
contiki-avr-rss2.a(nullrdc.o)
                              contiki-avr-rss2.a(contiki-main.o) (nullrdc_driver)
contiki-avr-rss2.a(queuebuf.o)
                              contiki-avr-rss2.a(contiki-main.o) (queuebuf_init)
contiki-avr-rss2.a(packetbuf.o)
                              contiki-avr-rss2.a(rf230bb.o) (packetbuf_set_datalen)
contiki-avr-rss2.a(linkaddr.o)
                              contiki-avr-rss2.a(broadcast.o) (linkaddr_copy)
contiki-avr-rss2.a(nullsec.o)
                              contiki-avr-rss2.a(rime.o) (nullsec_driver)
contiki-avr-rss2.a(diskio.o)  contiki-avr-rss2.a(ff.o) (disk_status)
contiki-avr-rss2.a(rtimer-arch.o)
                              contiki-avr-rss2.a(rtimer.o) (rtimer_arch_init)
contiki-avr-rss2.a(bme280.o)  contiki-avr-rss2.a(bme280-sensor.o) (bme280_init)
contiki-avr-rss2.a(memb.o)    contiki-avr-rss2.a(queuebuf.o) (memb_init)
contiki-avr-rss2.a(broadcast-annou)
                              contiki-avr-rss2.a(rime.o) (broadcast_announcement_init)
contiki-avr-rss2.a(abc.o)     contiki-avr-rss2.a(broadcast.o) (abc_open)
contiki-avr-rss2.a(channel.o)
                              contiki-avr-rss2.a(abc.o) (channel_open)
contiki-avr-rss2.a(chameleon.o)
                              contiki-avr-rss2.a(rime.o) (chameleon_init)
contiki-avr-rss2.a(mac.o)     contiki-avr-rss2.a(nullrdc.o) (mac_call_sent_callback)
contiki-avr-rss2.a(framer-802154.o)
                              contiki-avr-rss2.a(nullrdc.o) (framer_802154)
contiki-avr-rss2.a(bme280-arch.o)
                              contiki-avr-rss2.a(bme280.o) (bme280_arch_i2c_init)
contiki-avr-rss2.a(chameleon-bitop)
                              contiki-avr-rss2.a(chameleon.o) (chameleon_bitopt)
[...]
Memory Configuration

Name             Origin             Length             Attributes
text             0x0000000000000000 0x0000000000100000 xr
data             0x0000000000800200 0x000000000000fe00 rw !x
eeprom           0x0000000000810000 0x0000000000010000 rw !x
fuse             0x0000000000820000 0x0000000000000003 rw !x
lock             0x0000000000830000 0x0000000000000400 rw !x
signature        0x0000000000840000 0x0000000000000400 rw !x
user_signatures  0x0000000000850000 0x0000000000000400 rw !x
*default*        0x0000000000000000 0xffffffffffffffff

Linker script and memory map

Address of section .data set to 0x800200
LOAD /usr/lib/gcc/avr/5.4.0/../../../avr/lib/avr6/crtatmega256rfr2.o
Address of section .bootloader set to 0x3e000
LOAD wimea-ict-rss2.co
LOAD contiki-avr-rss2.a
LOAD /usr/lib/gcc/avr/5.4.0/../../../avr/lib/avr6/libprintf_flt.a
LOAD /usr/lib/gcc/avr/5.4.0/../../../avr/lib/avr6/libm.a
START GROUP
LOAD /usr/lib/gcc/avr/5.4.0/avr6/libgcc.a
LOAD /usr/lib/gcc/avr/5.4.0/../../../avr/lib/avr6/libm.a
LOAD /usr/lib/gcc/avr/5.4.0/../../../avr/lib/avr6/libc.a
LOAD /usr/lib/gcc/avr/5.4.0/../../../avr/lib/avr6/libatmega256rfr2.a
END GROUP
                0x0000000000100000                __TEXT_REGION_LENGTH__ = DEFINED (__TEXT_REGION_LENGTH__)?__TEXT_REGION_LENGTH__:0x100000
                0x000000000000fe00                __DATA_REGION_LENGTH__ = DEFINED (__DATA_REGION_LENGTH__)?__DATA_REGION_LENGTH__:0xfe00
                0x0000000000010000                __EEPROM_REGION_LENGTH__ = DEFINED (__EEPROM_REGION_LENGTH__)?__EEPROM_REGION_LENGTH__:0x10000
                [0x0000000000000003]                __FUSE_REGION_LENGTH__ = DEFINED (__FUSE_REGION_LENGTH__)?__FUSE_REGION_LENGTH__:0x400
                0x0000000000000400                __LOCK_REGION_LENGTH__ = DEFINED (__LOCK_REGION_LENGTH__)?__LOCK_REGION_LENGTH__:0x400
                0x0000000000000400                __SIGNATURE_REGION_LENGTH__ = DEFINED (__SIGNATURE_REGION_LENGTH__)?__SIGNATURE_REGION_LENGTH__:0x400
                0x0000000000000400                __USER_SIGNATURE_REGION_LENGTH__ = DEFINED (__USER_SIGNATURE_REGION_LENGTH__)?__USER_SIGNATURE_REGION_LENGTH__:0x400

.hash
 *(.hash)

.dynsym
 *(.dynsym)

.dynstr
 *(.dynstr)

.gnu.version
 *(.gnu.version)

.gnu.version_d
 *(.gnu.version_d)

.gnu.version_r
 *(.gnu.version_r)

.rel.init
 *(.rel.init)

.rela.init
 *(.rela.init)

.rel.text
 *(.rel.text)
 *(.rel.text.*)
 *(.rel.gnu.linkonce.t*)

.rela.text
 *(.rela.text)
 *(.rela.text.*)
 *(.rela.gnu.linkonce.t*)

.rel.fini
 *(.rel.fini)

.rela.fini
 *(.rela.fini)

.rel.rodata
 *(.rel.rodata)
 *(.rel.rodata.*)
 *(.rel.gnu.linkonce.r*)

.rela.rodata
 *(.rela.rodata)
 *(.rela.rodata.*)
 *(.rela.gnu.linkonce.r*)

.rel.data
 *(.rel.data)
 *(.rel.data.*)
 *(.rel.gnu.linkonce.d*)

.rela.data
 *(.rela.data)
 *(.rela.data.*)
 *(.rela.gnu.linkonce.d*)

.rel.ctors
 *(.rel.ctors)

.rela.ctors
 *(.rela.ctors)

.rel.dtors
 *(.rel.dtors)

.rela.dtors
 *(.rela.dtors)

.rel.got
 *(.rel.got)

.rela.got
 *(.rela.got)

.rel.bss
 *(.rel.bss)

.rela.bss
 *(.rela.bss)

.rel.plt
 *(.rel.plt)

.rela.plt
 *(.rela.plt)

.text           0x0000000000000000     0xe046
 *(.vectors)
 .vectors       0x0000000000000000      0x134 /usr/lib/gcc/avr/5.4.0/../../../avr/lib/avr6/crtatmega256rfr2.o
                0x0000000000000000                __vectors
                0x0000000000000000                __vector_default
 *(.vectors)
 *(.progmem.gcc*)
 .progmem.gcc_sw_table.set_value
                0x0000000000000134       0x10 contiki-avr-rss2.a(rf230bb.o)
 .progmem.gcc_sw_table.get_value
                0x0000000000000144       0x22 contiki-avr-rss2.a(rf230bb.o)
                0x0000000000000166                . = ALIGN (0x2)
                0x0000000000000166                __trampolines_start = .
 *(.trampolines)
 .trampolines   0x0000000000000166      0x1bc linker stubs
 *(.trampolines*)
                0x0000000000000322                __trampolines_end = .
 *libprintf_flt.a:*(.progmem.data)
 .progmem.data  0x0000000000000322        0x8 /usr/lib/gcc/avr/5.4.0/../../../avr/lib/avr6/libprintf_flt.a(vfprintf_flt.o)
 *libc.a:*(.progmem.data)
 .progmem.data  0x000000000000032a       0xfa /usr/lib/gcc/avr/5.4.0/../../../avr/lib/avr6/libc.a(ftoa_engine.o)
 *(.progmem*)
 .progmem.data.__c.4499
                0x0000000000000424       0x1d contiki-avr-rss2.a(contiki-main.o)
 .progmem.data.__c.4492
                0x0000000000000441        0x8 contiki-avr-rss2.a(contiki-main.o)
 .progmem.data.__c.4490
                0x0000000000000449       0x11 contiki-avr-rss2.a(contiki-main.o)
 .progmem.data.__c.4488
                0x000000000000045a       0x54 contiki-avr-rss2.a(contiki-main.o)
 .progmem.data.__c.4486
                0x00000000000004ae        0x2 contiki-avr-rss2.a(contiki-main.o)
 .progmem.data.__c.4481
                0x00000000000004b0        0x4 contiki-avr-rss2.a(contiki-main.o)
 .progmem.data.__c.4478
                0x00000000000004b4        0xd contiki-avr-rss2.a(contiki-main.o)
 .progmem.data.__c.4474
                0x00000000000004c1       0x3c contiki-avr-rss2.a(contiki-main.o)
 .progmem.data.__c.4247
                0x00000000000004fd       0x2d contiki-avr-rss2.a(params.o)
 .progmem.data.default_domain_name
                0x000000000000052a        0xa contiki-avr-rss2.a(params.o)
                0x000000000000052a                default_domain_name
 .progmem.data.default_server_name
                0x0000000000000534        0xe contiki-avr-rss2.a(params.o)
                0x0000000000000534                default_server_name
 .progmem.data.default_mac_address
                0x0000000000000542        0x8 contiki-avr-rss2.a(params.o)
                0x0000000000000542                default_mac_address
                0x000000000000054a                . = ALIGN (0x2)
 *(.jumptables)
 *(.jumptables*)
 *(.lowtext)
 *(.lowtext*)
                0x000000000000054a                __ctors_start = .
 *(.ctors)
                0x000000000000054a                __ctors_end = .
                0x000000000000054a                __dtors_start = .
 *(.dtors)
                0x000000000000054a                __dtors_end = .
 SORT(*)(.ctors)
 SORT(*)(.dtors)
 *(.init0)
 .init0         0x000000000000054a        0x0 /usr/lib/gcc/avr/5.4.0/../../../avr/lib/avr6/crtatmega256rfr2.o
                0x000000000000054a                __init
 *(.init0)
 *(.init1)
 *(.init1)
 *(.init2)
 .init2         0x000000000000054a       0x10 /usr/lib/gcc/avr/5.4.0/../../../avr/lib/avr6/crtatmega256rfr2.o
 *(.init2)
 *(.init3)
 *(.init3)
 *(.init4)
 .init4         0x000000000000055a       0x1a /usr/lib/gcc/avr/5.4.0/avr6/libgcc.a(_copy_data.o)
                0x000000000000055a                __do_copy_data
 .init4         0x0000000000000574       0x10 /usr/lib/gcc/avr/5.4.0/avr6/libgcc.a(_clear_bss.o)
                0x0000000000000574                __do_clear_bss
 *(.init4)
 *(.init5)
 *(.init5)
 *(.init6)
 *(.init6)
 *(.init7)
 *(.init7)
 *(.init8)
 *(.init8)
 *(.init9)
 .init9         0x0000000000000584        0x8 /usr/lib/gcc/avr/5.4.0/../../../avr/lib/avr6/crtatmega256rfr2.o
 *(.init9)
 *(.text)
 .text          0x000000000000058c        0x4 /usr/lib/gcc/avr/5.4.0/../../../avr/lib/avr6/crtatmega256rfr2.o
                0x000000000000058c                __vector_38
                0x000000000000058c                __vector_22
                0x000000000000058c                __vector_28
                0x000000000000058c                __vector_67
                0x000000000000058c                __vector_1
                0x000000000000058c                __vector_75
                0x000000000000058c                __vector_71
                0x000000000000058c                __vector_34
                0x000000000000058c                __vector_24
                0x000000000000058c                __vector_12
                0x000000000000058c                __vector_55
                0x000000000000058c                __vector_69
                0x000000000000058c                __vector_46
                0x000000000000058c                __bad_interrupt
                0x000000000000058c                __vector_72
                0x000000000000058c                __vector_6
                0x000000000000058c                __vector_31
                0x000000000000058c                __vector_35
                0x000000000000058c                __vector_74
                0x000000000000058c                __vector_39
                0x000000000000058c                __vector_23
                0x000000000000058c                __vector_68
                0x000000000000058c                __vector_30
                0x000000000000058c                __vector_73
                0x000000000000058c                __vector_45
                0x000000000000058c                __vector_11
                0x000000000000058c                __vector_54
                0x000000000000058c                __vector_17
                0x000000000000058c                __vector_19
                0x000000000000058c                __vector_56
                0x000000000000058c                __vector_7
                0x000000000000058c                __vector_49
                0x000000000000058c                __vector_41
                0x000000000000058c                __vector_43
                0x000000000000058c                __vector_27
                0x000000000000058c                __vector_5
                0x000000000000058c                __vector_33
                0x000000000000058c                __vector_76
                0x000000000000058c                __vector_47
                0x000000000000058c                __vector_52
                0x000000000000058c                __vector_37
                0x000000000000058c                __vector_44
                0x000000000000058c                __vector_51
                0x000000000000058c                __vector_9
                0x000000000000058c                __vector_2
                0x000000000000058c                __vector_21
                0x000000000000058c                __vector_15
                0x000000000000058c                __vector_66
                0x000000000000058c                __vector_70
                0x000000000000058c                __vector_29
                0x000000000000058c                __vector_40
                0x000000000000058c                __vector_8
                0x000000000000058c                __vector_26
                0x000000000000058c                __vector_48
                0x000000000000058c                __vector_14
                0x000000000000058c                __vector_53
                0x000000000000058c                __vector_10
                0x000000000000058c                __vector_50
                0x000000000000058c                __vector_16
                0x000000000000058c                __vector_18
                0x000000000000058c                __vector_20
                0x000000000000058c                __vector_42
                0x000000000000058c                __vector_65
                0x0000000000000590                . = ALIGN (0x2)
 *(.text.*)
 .text.process_thread_buffer_process
                0x0000000000000590        0xa wimea-ict-rss2.co
 .text.process_thread_broadcast_data_process
                0x000000000000059a      0x1f2 wimea-ict-rss2.co
 .text.broadcast_recv
                0x000000000000078c       0x98 wimea-ict-rss2.co
 .text.process_thread_mcu_sleep_process
                0x0000000000000824       0x7a wimea-ict-rss2.co
 .text.process_thread_powertrace_process
                0x000000000000089e      0x390 wimea-ict-rss2.co
 .text.process_thread_windspeed_process
                0x0000000000000c2e      0x188 wimea-ict-rss2.co
 .text.return_alias.part.0
                0x0000000000000db6       0x1a wimea-ict-rss2.co
 .text.get_fattime
                0x0000000000000dd0      0x142 wimea-ict-rss2.co
                0x0000000000000dd0                get_fattime
 .text.print_help_command_menu
                0x0000000000000f12      0x116 wimea-ict-rss2.co
                0x0000000000000f12                print_help_command_menu
 .text.display_reporting_interval
                0x0000000000001028       0xac wimea-ict-rss2.co
                0x0000000000001028                display_reporting_interval
 .text.display_powertrace_interval
                0x00000000000010d4       0x26 wimea-ict-rss2.co
                0x00000000000010d4                display_powertrace_interval
 .text.change_powertrace_interval
                0x00000000000010fa       0x56 wimea-ict-rss2.co
                0x00000000000010fa                change_powertrace_interval
 .text.show_report_interval
                0x0000000000001150       0x98 wimea-ict-rss2.co
                0x0000000000001150                show_report_interval
 .text.change_reporting_interval
                0x00000000000011e8       0xb8 wimea-ict-rss2.co
                0x00000000000011e8                change_reporting_interval
 .text.display_system_uptime
                0x00000000000012a0       0xb8 wimea-ict-rss2.co
                0x00000000000012a0                display_system_uptime
 .text.change_node_name
                0x0000000000001358       0x76 wimea-ict-rss2.co
                0x0000000000001358                change_node_name
 .text.display_node_name
                0x00000000000013ce       0x74 wimea-ict-rss2.co
                0x00000000000013ce                display_node_name
 .text.return_time
                0x0000000000001442       0x7c wimea-ict-rss2.co
                0x0000000000001442                return_time
 .text.return_date
                0x00000000000014be       0x7c wimea-ict-rss2.co
                0x00000000000014be                return_date
 .text.set_datetime
                0x000000000000153a      0x186 wimea-ict-rss2.co
                0x000000000000153a                set_datetime
 .text.set_default_report0mask
                0x00000000000016c0       0x16 wimea-ict-rss2.co
                0x00000000000016c0                set_default_report0mask
 .text.set_default_report1mask
                0x00000000000016d6       0x16 wimea-ict-rss2.co
                0x00000000000016d6                set_default_report1mask
 .text.set_default_report2mask
                0x00000000000016ec       0x16 wimea-ict-rss2.co
                0x00000000000016ec                set_default_report2mask
 .text.set_default_report3mask
                0x0000000000001702       0x16 wimea-ict-rss2.co
                0x0000000000001702                set_default_report3mask
 .text.process_thread_default_config_process
                0x0000000000001718      0x338 wimea-ict-rss2.co
 .text.display_tagmask
                0x0000000000001a50       0xf4 wimea-ict-rss2.co
                0x0000000000001a50                display_tagmask
 .text.trim     0x0000000000001b44       0x5e wimea-ict-rss2.co
                0x0000000000001b44                trim
 .text.set_alias
                0x0000000000001ba2       0x56 wimea-ict-rss2.co
                0x0000000000001ba2                set_alias
 .text.return_alias
                0x0000000000001bf8       0x22 wimea-ict-rss2.co
                0x0000000000001bf8                return_alias
 .text.display_system_information
                0x0000000000001c1a      0x180 wimea-ict-rss2.co
                0x0000000000001c1a                display_system_information
 .text.change_alias
                0x0000000000001d9a       0xfc wimea-ict-rss2.co
                0x0000000000001d9a                change_alias
 .text.auto_set_report_mask
                0x0000000000001e96      0x4a0 wimea-ict-rss2.co
                0x0000000000001e96                auto_set_report_mask
 .text.removefromreportmask
                0x0000000000002336      0x32a wimea-ict-rss2.co
                0x0000000000002336                removefromreportmask
 .text.add2reportmask
                0x0000000000002660      0x2d6 wimea-ict-rss2.co
                0x0000000000002660                add2reportmask
 .text.process_thread_serial_input_process
                0x0000000000002936      0x4d4 wimea-ict-rss2.co
 .text.error_log
                0x0000000000002e0a       0x58 wimea-ict-rss2.co
                0x0000000000002e0a                error_log
 .text.read_sensor_values_report0
                0x0000000000002e62      0xae6 wimea-ict-rss2.co
                0x0000000000002e62                read_sensor_values_report0
 .text.read_sensor_values_report2
                0x0000000000003948      0x836 wimea-ict-rss2.co
                0x0000000000003948                read_sensor_values_report2
 .text.read_sensor_values_report3
                0x000000000000417e      0x866 wimea-ict-rss2.co
                0x000000000000417e                read_sensor_values_report3
 .text.check_sensor_connection
                0x00000000000049e4      0x226 wimea-ict-rss2.co
                0x00000000000049e4                check_sensor_connection
 .text.process_thread_sensor_data_process_report0
                0x0000000000004c0a      0x238 wimea-ict-rss2.co
 .text.process_thread_sensor_data_process_report1
                0x0000000000004e42       0xfe wimea-ict-rss2.co
 .text.process_thread_sensor_data_process_report2
                0x0000000000004f40      0x13a wimea-ict-rss2.co
 .text.process_thread_sensor_data_process_report3
                0x000000000000507a      0x144 wimea-ict-rss2.co
 .text.powertrace_print1
                0x00000000000051be      0x2ac contiki-avr-rss2.a(powertrace.o)
                0x00000000000051be                powertrace_print1
 .text.rng_get_uint8
                0x000000000000546a       0x2c contiki-avr-rss2.a(contiki-main.o)
                0x000000000000546a                rng_get_uint8
 .text.print_mcusr
                0x0000000000005496       0x56 contiki-avr-rss2.a(contiki-main.o)
                0x0000000000005496                print_mcusr
 .text.initialize
                0x00000000000054ec      0x2c2 contiki-avr-rss2.a(contiki-main.o)
                0x00000000000054ec                initialize
 .text.startup.main
                0x00000000000057ae       0xd6 contiki-avr-rss2.a(contiki-main.o)
                0x00000000000057ae                main
 .text.params_get_channel
                0x0000000000005884      0x11c contiki-avr-rss2.a(params.o)
                0x0000000000005884                params_get_channel
 .text.params_get_panid
                0x00000000000059a0        0x8 contiki-avr-rss2.a(params.o)
                0x00000000000059a0                params_get_panid
 .text.params_get_panaddr
                0x00000000000059a8        0x8 contiki-avr-rss2.a(params.o)
                0x00000000000059a8                params_get_panaddr
 .text.params_get_txpower
                0x00000000000059b0        0x8 contiki-avr-rss2.a(params.o)
                0x00000000000059b0                params_get_txpower
 .text.value    0x00000000000059b8       0x3a contiki-avr-rss2.a(battery-sensor.)
 .text.configure
                0x00000000000059f2        0x6 contiki-avr-rss2.a(battery-sensor.)
 .text.status   0x00000000000059f8        0x6 contiki-avr-rss2.a(battery-sensor.)
 .text.i2c_init
                0x00000000000059fe       0x2c contiki-avr-rss2.a(i2c.o)
                0x00000000000059fe                i2c_init
 .text.i2c_start
                0x0000000000005a2a       0x68 contiki-avr-rss2.a(i2c.o)
                0x0000000000005a2a                i2c_start
 .text.i2c_start_wait
                0x0000000000005a92       0x4e contiki-avr-rss2.a(i2c.o)
                0x0000000000005a92                i2c_start_wait
 .text.i2c_stop
                0x0000000000005ae0       0x10 contiki-avr-rss2.a(i2c.o)
                0x0000000000005ae0                i2c_stop
 .text.i2c_write1
                0x0000000000005af0       0x22 contiki-avr-rss2.a(i2c.o)
                0x0000000000005af0                i2c_write1
 .text.i2c_send
                0x0000000000005b12       0x1a contiki-avr-rss2.a(i2c.o)
                0x0000000000005b12                i2c_send
 .text.i2c_write
                0x0000000000005b2c       0x14 contiki-avr-rss2.a(i2c.o)
                0x0000000000005b2c                i2c_write
 .text.i2c_write_mem
                0x0000000000005b40       0x20 contiki-avr-rss2.a(i2c.o)
                0x0000000000005b40                i2c_write_mem
 .text.i2c_readAck
                0x0000000000005b60       0x14 contiki-avr-rss2.a(i2c.o)
                0x0000000000005b60                i2c_readAck
 .text.i2c_readNak
                0x0000000000005b74       0x14 contiki-avr-rss2.a(i2c.o)
                0x0000000000005b74                i2c_readNak
 .text.i2c_read_mem
                0x0000000000005b88       0x74 contiki-avr-rss2.a(i2c.o)
                0x0000000000005b88                i2c_read_mem
 .text.i2c_at24mac_read
                0x0000000000005bfc       0x16 contiki-avr-rss2.a(i2c.o)
                0x0000000000005bfc                i2c_at24mac_read
 .text.i2c_probe
                0x0000000000005c12       0x74 contiki-avr-rss2.a(i2c.o)
                0x0000000000005c12                i2c_probe
 .text.leds_on  0x0000000000005c86        0xa contiki-avr-rss2.a(leds.o)
                0x0000000000005c86                leds_on
 .text.leds_off
                0x0000000000005c90        0xa contiki-avr-rss2.a(leds.o)
                0x0000000000005c90                leds_off
 .text.leds_init
                0x0000000000005c9a        0xa contiki-avr-rss2.a(leds.o)
                0x0000000000005c9a                leds_init
 .text.value    0x0000000000005ca4       0x9a contiki-avr-rss2.a(temp_mcu-sensor)
 .text.configure
                0x0000000000005d3e        0x6 contiki-avr-rss2.a(temp_mcu-sensor)
 .text.status   0x0000000000005d44        0x6 contiki-avr-rss2.a(temp_mcu-sensor)
 .text.adc_read
                0x0000000000005d4a       0x96 contiki-avr-rss2.a(adc.o)
                0x0000000000005d4a                adc_read
 .text.adc_read_v_in
                0x0000000000005de0       0x2a contiki-avr-rss2.a(adc.o)
                0x0000000000005de0                adc_read_v_in
 .text.adc_read_a1
                0x0000000000005e0a       0x1e contiki-avr-rss2.a(adc.o)
                0x0000000000005e0a                adc_read_a1
 .text.adc_read_a2
                0x0000000000005e28       0x1e contiki-avr-rss2.a(adc.o)
                0x0000000000005e28                adc_read_a2
 .text.status   0x0000000000005e46        0x6 contiki-avr-rss2.a(pulse-sensor.o)
 .text.value    0x0000000000005e4c       0x30 contiki-avr-rss2.a(pulse-sensor.o)
 .text.configure
                0x0000000000005e7c       0x2e contiki-avr-rss2.a(pulse-sensor.o)
 .text.__vector_3
                0x0000000000005eaa       0x40 contiki-avr-rss2.a(pulse-sensor.o)
                0x0000000000005eaa                __vector_3
 .text.__vector_4
                0x0000000000005eea       0x2a contiki-avr-rss2.a(pulse-sensor.o)
                0x0000000000005eea                __vector_4
 .text.status   0x0000000000005f14        0x6 contiki-avr-rss2.a(temp-sensor.o)
 .text.ds18b20_probe
                0x0000000000005f1a       0x30 contiki-avr-rss2.a(temp-sensor.o)
                0x0000000000005f1a                ds18b20_probe
 .text.configure
                0x0000000000005f4a        0xa contiki-avr-rss2.a(temp-sensor.o)
 .text.write_bit
                0x0000000000005f54       0x2e contiki-avr-rss2.a(temp-sensor.o)
                0x0000000000005f54                write_bit
 .text.read_bit
                0x0000000000005f82       0x3a contiki-avr-rss2.a(temp-sensor.o)
                0x0000000000005f82                read_bit
 .text.read_byte
                0x0000000000005fbc       0x2e contiki-avr-rss2.a(temp-sensor.o)
                0x0000000000005fbc                read_byte
 .text.write_byte
                0x0000000000005fea       0x36 contiki-avr-rss2.a(temp-sensor.o)
                0x0000000000005fea                write_byte
 .text.crc8_ds18b20
                0x0000000000006020       0x2e contiki-avr-rss2.a(temp-sensor.o)
                0x0000000000006020                crc8_ds18b20
 .text.ds18b20_get_temp
                0x000000000000604e       0xe2 contiki-avr-rss2.a(temp-sensor.o)
                0x000000000000604e                ds18b20_get_temp
 .text.value    0x0000000000006130       0x46 contiki-avr-rss2.a(temp-sensor.o)
 .text.status   0x0000000000006176        0x6 contiki-avr-rss2.a(ds1307.o)
 .text.DS1307_init
                0x000000000000617c       0x28 contiki-avr-rss2.a(ds1307.o)
                0x000000000000617c                DS1307_init
 .text.bcd_to_dec
                0x00000000000061a4       0x12 contiki-avr-rss2.a(ds1307.o)
                0x00000000000061a4                bcd_to_dec
 .text.dec_to_bcd
                0x00000000000061b6       0x12 contiki-avr-rss2.a(ds1307.o)
                0x00000000000061b6                dec_to_bcd
 .text.set_seconds
                0x00000000000061c8        0xe contiki-avr-rss2.a(ds1307.o)
                0x00000000000061c8                set_seconds
 .text.set_minutes
                0x00000000000061d6        0xe contiki-avr-rss2.a(ds1307.o)
                0x00000000000061d6                set_minutes
 .text.set_hours
                0x00000000000061e4        0xe contiki-avr-rss2.a(ds1307.o)
                0x00000000000061e4                set_hours
 .text.set_day  0x00000000000061f2        0xe contiki-avr-rss2.a(ds1307.o)
                0x00000000000061f2                set_day
 .text.set_month
                0x0000000000006200        0xe contiki-avr-rss2.a(ds1307.o)
                0x0000000000006200                set_month
 .text.set_year
                0x000000000000620e        0xe contiki-avr-rss2.a(ds1307.o)
                0x000000000000620e                set_year
 .text.configure
                0x000000000000621c       0x4e contiki-avr-rss2.a(ds1307.o)
 .text.get_seconds
                0x000000000000626a       0x26 contiki-avr-rss2.a(ds1307.o)
                0x000000000000626a                get_seconds
 .text.get_minutes
                0x0000000000006290       0x26 contiki-avr-rss2.a(ds1307.o)
                0x0000000000006290                get_minutes
 .text.get_hours
                0x00000000000062b6       0x26 contiki-avr-rss2.a(ds1307.o)
                0x00000000000062b6                get_hours
 .text.get_day  0x00000000000062dc       0x26 contiki-avr-rss2.a(ds1307.o)
                0x00000000000062dc                get_day
 .text.get_month
                0x0000000000006302       0x26 contiki-avr-rss2.a(ds1307.o)
                0x0000000000006302                get_month
 .text.get_year
                0x0000000000006328       0x2e contiki-avr-rss2.a(ds1307.o)
                0x0000000000006328                get_year
 .text.value    0x0000000000006356       0x48 contiki-avr-rss2.a(ds1307.o)
 .text.mem_cpy  0x000000000000639e       0x3e contiki-avr-rss2.a(ff.o)
 .text.check_fs
                0x00000000000063dc       0x74 contiki-avr-rss2.a(ff.o)
 .text.chk_mounted
                0x0000000000006450      0x540 contiki-avr-rss2.a(ff.o)
 .text.sync_window.part.3
                0x0000000000006990       0xbc contiki-avr-rss2.a(ff.o)
 .text.sync_window
                0x0000000000006a4c       0x10 contiki-avr-rss2.a(ff.o)
 .text.move_window
                0x0000000000006a5c       0x78 contiki-avr-rss2.a(ff.o)
 .text.clust2sect
                0x0000000000006ad4       0x50 contiki-avr-rss2.a(ff.o)
                0x0000000000006ad4                clust2sect
 .text.get_fat  0x0000000000006b24      0x19e contiki-avr-rss2.a(ff.o)
                0x0000000000006b24                get_fat
 .text.dir_sdi  0x0000000000006cc2      0x156 contiki-avr-rss2.a(ff.o)
 .text.put_fat  0x0000000000006e18      0x246 contiki-avr-rss2.a(ff.o)
                0x0000000000006e18                put_fat
 .text.create_chain
                0x000000000000705e      0x19e contiki-avr-rss2.a(ff.o)
 .text.dir_next
                0x00000000000071fc      0x208 contiki-avr-rss2.a(ff.o)
 .text.follow_path
                0x0000000000007404      0x25a contiki-avr-rss2.a(ff.o)
 .text.dir_alloc.part.8.constprop.15
                0x000000000000765e       0x3c contiki-avr-rss2.a(ff.o)
 .text.dir_register
                0x000000000000769a       0x70 contiki-avr-rss2.a(ff.o)
 .text.remove_chain
                0x000000000000770a       0xea contiki-avr-rss2.a(ff.o)
 .text.f_open   0x00000000000077f4      0x266 contiki-avr-rss2.a(ff.o)
                0x00000000000077f4                f_open
 .text.status   0x0000000000007a5a        0x6 contiki-avr-rss2.a(ms5611.o)
 .text.configure
                0x0000000000007a60        0x6 contiki-avr-rss2.a(ms5611.o)
 .text.cmd_reset
                0x0000000000007a66       0x14 contiki-avr-rss2.a(ms5611.o)
                0x0000000000007a66                cmd_reset
 .text.cmd_adc  0x0000000000007a7a       0xd6 contiki-avr-rss2.a(ms5611.o)
                0x0000000000007a7a                cmd_adc
 .text.cmd_prom
                0x0000000000007b50       0x40 contiki-avr-rss2.a(ms5611.o)
                0x0000000000007b50                cmd_prom
 .text.crc4     0x0000000000007b90       0x7a contiki-avr-rss2.a(ms5611.o)
                0x0000000000007b90                crc4
 .text.value    0x0000000000007c0a      0x1b8 contiki-avr-rss2.a(ms5611.o)
 .text.missing_p_value
                0x0000000000007dc2        0x6 contiki-avr-rss2.a(ms5611.o)
                0x0000000000007dc2                missing_p_value
 .text.status   0x0000000000007dc8        0x6 contiki-avr-rss2.a(mcp3424.o)
 .text.configure
                0x0000000000007dce        0x6 contiki-avr-rss2.a(mcp3424.o)
 .text.value    0x0000000000007dd4       0x78 contiki-avr-rss2.a(mcp3424.o)
 .text.missing_adc_value
                0x0000000000007e4c        0x6 contiki-avr-rss2.a(mcp3424.o)
                0x0000000000007e4c                missing_adc_value
 .text.status   0x0000000000007e52        0x6 contiki-avr-rss2.a(sht25.o)
 .text.configure
                0x0000000000007e58        0x6 contiki-avr-rss2.a(sht25.o)
 .text.value    0x0000000000007e5e      0x106 contiki-avr-rss2.a(sht25.o)
 .text.missing_t_value
                0x0000000000007f64        0x6 contiki-avr-rss2.a(sht25.o)
                0x0000000000007f64                missing_t_value
 .text.missing_rh_value
                0x0000000000007f6a        0x6 contiki-avr-rss2.a(sht25.o)
                0x0000000000007f6a                missing_rh_value
 .text.clock_init
                0x0000000000007f70       0x28 contiki-avr-rss2.a(clock.o)
                0x0000000000007f70                clock_init
 .text.clock_time
                0x0000000000007f98       0x34 contiki-avr-rss2.a(clock.o)
                0x0000000000007f98                clock_time
 .text.clock_seconds
                0x0000000000007fcc       0x34 contiki-avr-rss2.a(clock.o)
                0x0000000000007fcc                clock_seconds
 .text.clock_delay_usec
                0x0000000000008000       0x12 contiki-avr-rss2.a(clock.o)
                0x0000000000008000                clock_delay_usec
 .text.clock_delay_msec
                0x0000000000008012       0x12 contiki-avr-rss2.a(clock.o)
                0x0000000000008012                clock_delay_msec
 .text.__vector_13
                0x0000000000008024      0x104 contiki-avr-rss2.a(clock.o)
                0x0000000000008024                __vector_13
 .text.__vector_25
                0x0000000000008128       0x5e contiki-avr-rss2.a(rs232.o)
                0x0000000000008128                __vector_25
 .text.__vector_36
                0x0000000000008186       0x5e contiki-avr-rss2.a(rs232.o)
                0x0000000000008186                __vector_36
 .text.rs232_init
                0x00000000000081e4       0x40 contiki-avr-rss2.a(rs232.o)
                0x00000000000081e4                rs232_init
 .text.rs232_send
                0x0000000000008224       0x24 contiki-avr-rss2.a(rs232.o)
                0x0000000000008224                rs232_send
 .text.rs232_stdout_putchar
                0x0000000000008248       0x2a contiki-avr-rss2.a(rs232.o)
                0x0000000000008248                rs232_stdout_putchar
 .text.rs232_set_input
                0x0000000000008272       0x1c contiki-avr-rss2.a(rs232.o)
                0x0000000000008272                rs232_set_input
 .text.rs232_redirect_stdout
                0x000000000000828e       0x12 contiki-avr-rss2.a(rs232.o)
                0x000000000000828e                rs232_redirect_stdout
 .text.watchdog_init
                0x00000000000082a0       0x1e contiki-avr-rss2.a(watchdog.o)
                0x00000000000082a0                watchdog_init
 .text.watchdog_start
                0x00000000000082be       0x16 contiki-avr-rss2.a(watchdog.o)
                0x00000000000082be                watchdog_start
 .text.watchdog_periodic
                0x00000000000082d4        0x4 contiki-avr-rss2.a(watchdog.o)
                0x00000000000082d4                watchdog_periodic
 .text.random_init
                0x00000000000082d8        0x4 contiki-avr-rss2.a(random.o)
                0x00000000000082d8                random_init
 .text.random_rand
                0x00000000000082dc        0x4 contiki-avr-rss2.a(random.o)
                0x00000000000082dc                random_rand
 .text.set_object
                0x00000000000082e0        0x6 contiki-avr-rss2.a(rf230bb.o)
 .text.rf230_pending_packet
                0x00000000000082e6        0x8 contiki-avr-rss2.a(rf230bb.o)
 .text.radio_reset_state_machine
                0x00000000000082ee       0x32 contiki-avr-rss2.a(rf230bb.o)
 .text.set_txpower
                0x0000000000008320       0x1e contiki-avr-rss2.a(rf230bb.o)
 .text.get_object
                0x000000000000833e       0x30 contiki-avr-rss2.a(rf230bb.o)
 .text.rf230_isidle
                0x000000000000836e       0x28 contiki-avr-rss2.a(rf230bb.o)
 .text.rf230_waitidle
                0x0000000000008396       0x12 contiki-avr-rss2.a(rf230bb.o)
 .text.radio_off
                0x00000000000083a8      0x124 contiki-avr-rss2.a(rf230bb.o)
 .text.rf230_off
                0x00000000000084cc       0x16 contiki-avr-rss2.a(rf230bb.o)
 .text.rf230_receiving_packet
                0x00000000000084e2       0x26 contiki-avr-rss2.a(rf230bb.o)
 .text.rf230_prepare
                0x0000000000008508       0x32 contiki-avr-rss2.a(rf230bb.o)
 .text.rf230_get_panid
                0x000000000000853a       0x14 contiki-avr-rss2.a(rf230bb.o)
                0x000000000000853a                rf230_get_panid
 .text.radio_get_trx_state
                0x000000000000854e        0xc contiki-avr-rss2.a(rf230bb.o)
                0x000000000000854e                radio_get_trx_state
 .text.radio_set_trx_state
                0x000000000000855a       0xd0 contiki-avr-rss2.a(rf230bb.o)
 .text.radio_on
                0x000000000000862a       0x68 contiki-avr-rss2.a(rf230bb.o)
 .text.rf230_on
                0x0000000000008692       0x12 contiki-avr-rss2.a(rf230bb.o)
 .text.rf230_cca
                0x00000000000086a4      0x126 contiki-avr-rss2.a(rf230bb.o)
 .text.rf230_set_rpc
                0x00000000000087ca        0x6 contiki-avr-rss2.a(rf230bb.o)
                0x00000000000087ca                rf230_set_rpc
 .text.rf230_warm_reset
                0x00000000000087d0       0x46 contiki-avr-rss2.a(rf230bb.o)
                0x00000000000087d0                rf230_warm_reset
 .text.rf230_init
                0x0000000000008816       0x74 contiki-avr-rss2.a(rf230bb.o)
                0x0000000000008816                rf230_init
 .text.rf230_get_channel
                0x000000000000888a        0x6 contiki-avr-rss2.a(rf230bb.o)
                0x000000000000888a                rf230_get_channel
 .text.rf230_set_channel
                0x0000000000008890       0x1c contiki-avr-rss2.a(rf230bb.o)
                0x0000000000008890                rf230_set_channel
 .text.set_value
                0x00000000000088ac       0xe0 contiki-avr-rss2.a(rf230bb.o)
 .text.rf230_set_pan_addr
                0x000000000000898c       0x48 contiki-avr-rss2.a(rf230bb.o)
                0x000000000000898c                rf230_set_pan_addr
 .text.rf230_get_last_rx_packet_timestamp
                0x00000000000089d4       0x12 contiki-avr-rss2.a(rf230bb.o)
                0x00000000000089d4                rf230_get_last_rx_packet_timestamp
 .text.rf230_interrupt
                0x00000000000089e6       0x26 contiki-avr-rss2.a(rf230bb.o)
                0x00000000000089e6                rf230_interrupt
 .text.flushrx  0x0000000000008a0c       0x26 contiki-avr-rss2.a(rf230bb.o)
 .text.rf230_read
                0x0000000000008a32       0x92 contiki-avr-rss2.a(rf230bb.o)
 .text.process_thread_rf230_process
                0x0000000000008ac4      0x154 contiki-avr-rss2.a(rf230bb.o)
 .text.rf230_set_txpower
                0x0000000000008c18        0x4 contiki-avr-rss2.a(rf230bb.o)
                0x0000000000008c18                rf230_set_txpower
 .text.rf230_get_txpower
                0x0000000000008c1c       0x18 contiki-avr-rss2.a(rf230bb.o)
                0x0000000000008c1c                rf230_get_txpower
 .text.rf230_transmit
                0x0000000000008c34      0x254 contiki-avr-rss2.a(rf230bb.o)
 .text.rf230_send
                0x0000000000008e88       0x32 contiki-avr-rss2.a(rf230bb.o)
 .text.rf230_get_raw_rssi
                0x0000000000008eba       0x48 contiki-avr-rss2.a(rf230bb.o)
                0x0000000000008eba                rf230_get_raw_rssi
 .text.get_value
                0x0000000000008f02       0xca contiki-avr-rss2.a(rf230bb.o)
 .text.hal_init
                0x0000000000008fcc        0x2 contiki-avr-rss2.a(halbb.o)
                0x0000000000008fcc                hal_init
 .text.hal_subregister_read
                0x0000000000008fce       0x16 contiki-avr-rss2.a(halbb.o)
                0x0000000000008fce                hal_subregister_read
 .text.hal_subregister_write
                0x0000000000008fe4       0x38 contiki-avr-rss2.a(halbb.o)
                0x0000000000008fe4                hal_subregister_write
 .text.hal_frame_read
                0x000000000000901c       0x54 contiki-avr-rss2.a(halbb.o)
                0x000000000000901c                hal_frame_read
 .text.hal_frame_write
                0x0000000000009070       0x1c contiki-avr-rss2.a(halbb.o)
                0x0000000000009070                hal_frame_write
 .text.__vector_60
                0x000000000000908c       0x70 contiki-avr-rss2.a(halbb.o)
                0x000000000000908c                __vector_60
 .text.__vector_59
                0x00000000000090fc       0x50 contiki-avr-rss2.a(halbb.o)
                0x00000000000090fc                __vector_59
 .text.__vector_64
                0x000000000000914c       0x18 contiki-avr-rss2.a(halbb.o)
                0x000000000000914c                __vector_64
 .text.__vector_63
                0x0000000000009164       0x18 contiki-avr-rss2.a(halbb.o)
                0x0000000000009164                __vector_63
 .text.__vector_62
                0x000000000000917c       0x14 contiki-avr-rss2.a(halbb.o)
                0x000000000000917c                __vector_62
 .text.__vector_58
                0x0000000000009190       0x14 contiki-avr-rss2.a(halbb.o)
                0x0000000000009190                __vector_58
 .text.__vector_57
                0x00000000000091a4       0x14 contiki-avr-rss2.a(halbb.o)
                0x00000000000091a4                __vector_57
 .text.__vector_61
                0x00000000000091b8       0x18 contiki-avr-rss2.a(halbb.o)
                0x00000000000091b8                __vector_61
 .text.status   0x00000000000091d0        0x6 contiki-avr-rss2.a(bme280-sensor.o)
 .text.configure
                0x00000000000091d6        0xa contiki-avr-rss2.a(bme280-sensor.o)
 .text.value    0x00000000000091e0       0x84 contiki-avr-rss2.a(bme280-sensor.o)
 .text.process_thread_ctimer_process
                0x0000000000009264       0xcc contiki-avr-rss2.a(ctimer.o)
 .text.ctimer_init
                0x0000000000009330       0x18 contiki-avr-rss2.a(ctimer.o)
                0x0000000000009330                ctimer_init
 .text.ctimer_set_with_process
                0x0000000000009348       0x66 contiki-avr-rss2.a(ctimer.o)
                0x0000000000009348                ctimer_set_with_process
 .text.ctimer_set
                0x00000000000093ae       0x1e contiki-avr-rss2.a(ctimer.o)
                0x00000000000093ae                ctimer_set
 .text.autostart_start
                0x00000000000093cc       0x1e contiki-avr-rss2.a(autostart.o)
                0x00000000000093cc                autostart_start
 .text.energest_init
                0x00000000000093ea       0x2c contiki-avr-rss2.a(energest.o)
                0x00000000000093ea                energest_init
 .text.energest_type_time
                0x0000000000009416       0x6c contiki-avr-rss2.a(energest.o)
                0x0000000000009416                energest_type_time
 .text.energest_flush
                0x0000000000009482       0x5c contiki-avr-rss2.a(energest.o)
                0x0000000000009482                energest_flush
 .text.update_time
                0x00000000000094de       0xba contiki-avr-rss2.a(etimer.o)
 .text.etimer_request_poll
                0x0000000000009598        0x8 contiki-avr-rss2.a(etimer.o)
                0x0000000000009598                etimer_request_poll
 .text.process_thread_etimer_process
                0x00000000000095a0      0x106 contiki-avr-rss2.a(etimer.o)
 .text.add_timer
                0x00000000000096a6       0x5e contiki-avr-rss2.a(etimer.o)
 .text.etimer_set
                0x0000000000009704       0x14 contiki-avr-rss2.a(etimer.o)
                0x0000000000009704                etimer_set
 .text.etimer_reset
                0x0000000000009718       0x14 contiki-avr-rss2.a(etimer.o)
                0x0000000000009718                etimer_reset
 .text.etimer_expired
                0x000000000000972c       0x16 contiki-avr-rss2.a(etimer.o)
                0x000000000000972c                etimer_expired
 .text.etimer_pending
                0x0000000000009742       0x16 contiki-avr-rss2.a(etimer.o)
                0x0000000000009742                etimer_pending
 .text.call_process.part.0
                0x0000000000009758       0x54 contiki-avr-rss2.a(process.o)
 .text.call_process
                0x00000000000097ac        0xc contiki-avr-rss2.a(process.o)
 .text.exit_process
                0x00000000000097b8       0xd6 contiki-avr-rss2.a(process.o)
 .text.do_poll  0x000000000000988e       0x3e contiki-avr-rss2.a(process.o)
 .text.process_alloc_event
                0x00000000000098cc        0xe contiki-avr-rss2.a(process.o)
                0x00000000000098cc                process_alloc_event
 .text.process_init
                0x00000000000098da       0x20 contiki-avr-rss2.a(process.o)
                0x00000000000098da                process_init
 .text.process_run
                0x00000000000098fa       0xaa contiki-avr-rss2.a(process.o)
                0x00000000000098fa                process_run
 .text.process_post
                0x00000000000099a4       0x3a contiki-avr-rss2.a(process.o)
                0x00000000000099a4                process_post
 .text.process_post_synch
                0x00000000000099de       0x1e contiki-avr-rss2.a(process.o)
                0x00000000000099de                process_post_synch
 .text.process_start
                0x00000000000099fc       0x42 contiki-avr-rss2.a(process.o)
                0x00000000000099fc                process_start
 .text.process_poll
                0x0000000000009a3e       0x18 contiki-avr-rss2.a(process.o)
                0x0000000000009a3e                process_poll
 .text.rtimer_init
                0x0000000000009a56        0x4 contiki-avr-rss2.a(rtimer.o)
                0x0000000000009a56                rtimer_init
 .text.rtimer_run_next
                0x0000000000009a5a       0x3e contiki-avr-rss2.a(rtimer.o)
                0x0000000000009a5a                rtimer_run_next
 .text.timer_set
                0x0000000000009a98       0x20 contiki-avr-rss2.a(timer.o)
                0x0000000000009a98                timer_set
 .text.timer_reset
                0x0000000000009ab8       0x24 contiki-avr-rss2.a(timer.o)
                0x0000000000009ab8                timer_reset
 .text.timer_expired
                0x0000000000009adc       0x56 contiki-avr-rss2.a(timer.o)
                0x0000000000009adc                timer_expired
 .text.process_thread_serial_line_process
                0x0000000000009b32      0x136 contiki-avr-rss2.a(serial-line.o)
 .text.serial_line_input_byte
                0x0000000000009c68       0x48 contiki-avr-rss2.a(serial-line.o)
                0x0000000000009c68                serial_line_input_byte
 .text.serial_line_init
                0x0000000000009cb0       0x1a contiki-avr-rss2.a(serial-line.o)
                0x0000000000009cb0                serial_line_init
 .text.ringbuf_init
                0x0000000000009cca       0x10 contiki-avr-rss2.a(ringbuf.o)
                0x0000000000009cca                ringbuf_init
 .text.ringbuf_put
                0x0000000000009cda       0x40 contiki-avr-rss2.a(ringbuf.o)
                0x0000000000009cda                ringbuf_put
 .text.ringbuf_get
                0x0000000000009d1a       0x3a contiki-avr-rss2.a(ringbuf.o)
                0x0000000000009d1a                ringbuf_get
 .text.list_init
                0x0000000000009d54        0x8 contiki-avr-rss2.a(list.o)
                0x0000000000009d54                list_init
 .text.list_head
                0x0000000000009d5c        0x8 contiki-avr-rss2.a(list.o)
                0x0000000000009d5c                list_head
 .text.list_tail
                0x0000000000009d64       0x20 contiki-avr-rss2.a(list.o)
                0x0000000000009d64                list_tail
 .text.list_remove
                0x0000000000009d84       0x36 contiki-avr-rss2.a(list.o)
                0x0000000000009d84                list_remove
 .text.list_add
                0x0000000000009dba       0x32 contiki-avr-rss2.a(list.o)
                0x0000000000009dba                list_add
 .text.list_item_next
                0x0000000000009dec       0x12 contiki-avr-rss2.a(list.o)
                0x0000000000009dec                list_item_next
 .text.sent_by_abc
                0x0000000000009dfe       0x18 contiki-avr-rss2.a(broadcast.o)
 .text.recv_from_abc
                0x0000000000009e16       0x4e contiki-avr-rss2.a(broadcast.o)
 .text.broadcast_open
                0x0000000000009e64       0x36 contiki-avr-rss2.a(broadcast.o)
                0x0000000000009e64                broadcast_open
 .text.broadcast_close
                0x0000000000009e9a        0x4 contiki-avr-rss2.a(broadcast.o)
                0x0000000000009e9a                broadcast_close
 .text.broadcast_send
                0x0000000000009e9e       0x1a contiki-avr-rss2.a(broadcast.o)
                0x0000000000009e9e                broadcast_send
 .text.packet_sent
                0x0000000000009eb8       0x52 contiki-avr-rss2.a(rime.o)
 .text.input    0x0000000000009f0a       0x4c contiki-avr-rss2.a(rime.o)
 .text.init     0x0000000000009f56       0x4e contiki-avr-rss2.a(rime.o)
 .text.rime_output
                0x0000000000009fa4       0x2c contiki-avr-rss2.a(rime.o)
                0x0000000000009fa4                rime_output
 .text.announcement_init
                0x0000000000009fd0        0x8 contiki-avr-rss2.a(announcement.o)
                0x0000000000009fd0                announcement_init
 .text.announcement_register_observer_callback
                0x0000000000009fd8        0xa contiki-avr-rss2.a(announcement.o)
                0x0000000000009fd8                announcement_register_observer_callback
 .text.announcement_list
                0x0000000000009fe2        0x8 contiki-avr-rss2.a(announcement.o)
                0x0000000000009fe2                announcement_list
 .text.announcement_heard
                0x0000000000009fea       0x62 contiki-avr-rss2.a(announcement.o)
                0x0000000000009fea                announcement_heard
 .text.send_packet
                0x000000000000a04c        0xa contiki-avr-rss2.a(nullmac.o)
 .text.packet_input
                0x000000000000a056        0xa contiki-avr-rss2.a(nullmac.o)
 .text.on       0x000000000000a060        0xa contiki-avr-rss2.a(nullmac.o)
 .text.off      0x000000000000a06a        0xa contiki-avr-rss2.a(nullmac.o)
 .text.channel_check_interval
                0x000000000000a074        0x6 contiki-avr-rss2.a(nullmac.o)
 .text.init     0x000000000000a07a        0x2 contiki-avr-rss2.a(nullmac.o)
 .text.on       0x000000000000a07c        0xa contiki-avr-rss2.a(nullrdc.o)
 .text.channel_check_interval
                0x000000000000a086        0x6 contiki-avr-rss2.a(nullrdc.o)
 .text.init     0x000000000000a08c        0x4 contiki-avr-rss2.a(nullrdc.o)
 .text.send_one_packet
                0x000000000000a090       0x98 contiki-avr-rss2.a(nullrdc.o)
 .text.send_list
                0x000000000000a128       0x40 contiki-avr-rss2.a(nullrdc.o)
 .text.send_packet
                0x000000000000a168        0x4 contiki-avr-rss2.a(nullrdc.o)
 .text.off      0x000000000000a16c       0x18 contiki-avr-rss2.a(nullrdc.o)
 .text.packet_input
                0x000000000000a184       0x34 contiki-avr-rss2.a(nullrdc.o)
 .text.queuebuf_init
                0x000000000000a1b8       0x10 contiki-avr-rss2.a(queuebuf.o)
                0x000000000000a1b8                queuebuf_init
 .text.queuebuf_to_packetbuf
                0x000000000000a1c8       0x44 contiki-avr-rss2.a(queuebuf.o)
                0x000000000000a1c8                queuebuf_to_packetbuf
 .text.packetbuf_hdrreduce
                0x000000000000a20c       0x3a contiki-avr-rss2.a(packetbuf.o)
                0x000000000000a20c                packetbuf_hdrreduce
 .text.packetbuf_set_datalen
                0x000000000000a246        0xa contiki-avr-rss2.a(packetbuf.o)
                0x000000000000a246                packetbuf_set_datalen
 .text.packetbuf_hdrptr
                0x000000000000a250        0x6 contiki-avr-rss2.a(packetbuf.o)
                0x000000000000a250                packetbuf_hdrptr
 .text.packetbuf_datalen
                0x000000000000a256        0xa contiki-avr-rss2.a(packetbuf.o)
                0x000000000000a256                packetbuf_datalen
 .text.packetbuf_hdrlen
                0x000000000000a260        0xc contiki-avr-rss2.a(packetbuf.o)
                0x000000000000a260                packetbuf_hdrlen
 .text.packetbuf_compact
                0x000000000000a26c       0x62 contiki-avr-rss2.a(packetbuf.o)
                0x000000000000a26c                packetbuf_compact
 .text.packetbuf_dataptr
                0x000000000000a2ce        0xc contiki-avr-rss2.a(packetbuf.o)
                0x000000000000a2ce                packetbuf_dataptr
 .text.packetbuf_totlen
                0x000000000000a2da       0x16 contiki-avr-rss2.a(packetbuf.o)
                0x000000000000a2da                packetbuf_totlen
 .text.packetbuf_hdralloc
                0x000000000000a2f0       0x4a contiki-avr-rss2.a(packetbuf.o)
                0x000000000000a2f0                packetbuf_hdralloc
 .text.packetbuf_attr_clear
                0x000000000000a33a       0x30 contiki-avr-rss2.a(packetbuf.o)
                0x000000000000a33a                packetbuf_attr_clear
 .text.packetbuf_clear
                0x000000000000a36a       0x18 contiki-avr-rss2.a(packetbuf.o)
                0x000000000000a36a                packetbuf_clear
 .text.packetbuf_copyfrom
                0x000000000000a382       0x44 contiki-avr-rss2.a(packetbuf.o)
                0x000000000000a382                packetbuf_copyfrom
 .text.packetbuf_attr_copyfrom
                0x000000000000a3c6       0x22 contiki-avr-rss2.a(packetbuf.o)
                0x000000000000a3c6                packetbuf_attr_copyfrom
 .text.packetbuf_set_attr
                0x000000000000a3e8       0x16 contiki-avr-rss2.a(packetbuf.o)
                0x000000000000a3e8                packetbuf_set_attr
 .text.packetbuf_attr
                0x000000000000a3fe       0x12 contiki-avr-rss2.a(packetbuf.o)
                0x000000000000a3fe                packetbuf_attr
 .text.packetbuf_set_addr
                0x000000000000a410       0x14 contiki-avr-rss2.a(packetbuf.o)
                0x000000000000a410                packetbuf_set_addr
 .text.packetbuf_addr
                0x000000000000a424        0xc contiki-avr-rss2.a(packetbuf.o)
                0x000000000000a424                packetbuf_addr
 .text.packetbuf_holds_broadcast
                0x000000000000a430        0xc contiki-avr-rss2.a(packetbuf.o)
                0x000000000000a430                packetbuf_holds_broadcast
 .text.linkaddr_copy
                0x000000000000a43c        0xe contiki-avr-rss2.a(linkaddr.o)
                0x000000000000a43c                linkaddr_copy
 .text.linkaddr_cmp
                0x000000000000a44a       0x18 contiki-avr-rss2.a(linkaddr.o)
                0x000000000000a44a                linkaddr_cmp
 .text.linkaddr_set_node_addr
                0x000000000000a462        0xa contiki-avr-rss2.a(linkaddr.o)
                0x000000000000a462                linkaddr_set_node_addr
 .text.init     0x000000000000a46c        0x2 contiki-avr-rss2.a(nullsec.o)
 .text.input    0x000000000000a46e        0xa contiki-avr-rss2.a(nullsec.o)
 .text.send     0x000000000000a478       0x2c contiki-avr-rss2.a(nullsec.o)
 .text.xmit_mmc
                0x000000000000a4a4       0x80 contiki-avr-rss2.a(diskio.o)
 .text.rcvr_mmc
                0x000000000000a524       0x64 contiki-avr-rss2.a(diskio.o)
 .text.deselect
                0x000000000000a588       0x20 contiki-avr-rss2.a(diskio.o)
 .text.wait_ready
                0x000000000000a5a8       0x4e contiki-avr-rss2.a(diskio.o)
 .text.select   0x000000000000a5f6       0x3e contiki-avr-rss2.a(diskio.o)
 .text.send_cmd
                0x000000000000a634       0xd0 contiki-avr-rss2.a(diskio.o)
 .text.rcvr_datablock
                0x000000000000a704       0x80 contiki-avr-rss2.a(diskio.o)
 .text.xmit_datablock
                0x000000000000a784       0x7a contiki-avr-rss2.a(diskio.o)
 .text.disk_status
                0x000000000000a7fe        0xe contiki-avr-rss2.a(diskio.o)
                0x000000000000a7fe                disk_status
 .text.disk_initialize
                0x000000000000a80c      0x15e contiki-avr-rss2.a(diskio.o)
                0x000000000000a80c                disk_initialize
 .text.disk_read
                0x000000000000a96a       0x98 contiki-avr-rss2.a(diskio.o)
                0x000000000000a96a                disk_read
 .text.disk_write
                0x000000000000aa02       0xc2 contiki-avr-rss2.a(diskio.o)
                0x000000000000aa02                disk_write
 .text.__vector_32
                0x000000000000aac4       0xf0 contiki-avr-rss2.a(rtimer-arch.o)
                0x000000000000aac4                __vector_32
 .text.rtimer_arch_init
                0x000000000000abb4       0x34 contiki-avr-rss2.a(rtimer-arch.o)
                0x000000000000abb4                rtimer_arch_init
 .text.rtimer_arch_schedule
                0x000000000000abe8       0x22 contiki-avr-rss2.a(rtimer-arch.o)
                0x000000000000abe8                rtimer_arch_schedule
 .text.bme280_t_overscale100
                0x000000000000ac0a      0x100 contiki-avr-rss2.a(bme280.o)
                0x000000000000ac0a                bme280_t_overscale100
 .text.bme280_init
                0x000000000000ad0a      0x1de contiki-avr-rss2.a(bme280.o)
                0x000000000000ad0a                bme280_init
 .text.bme280_read
                0x000000000000aee8      0x678 contiki-avr-rss2.a(bme280.o)
                0x000000000000aee8                bme280_read
 .text.memb_init
                0x000000000000b560       0x3c contiki-avr-rss2.a(memb.o)
                0x000000000000b560                memb_init
 .text.memb_inmemb
                0x000000000000b59c       0x3a contiki-avr-rss2.a(memb.o)
                0x000000000000b59c                memb_inmemb
 .text.adv_packet_sent
                0x000000000000b5d6        0x2 contiki-avr-rss2.a(broadcast-annou)
 .text.set_timers
                0x000000000000b5d8       0x54 contiki-avr-rss2.a(broadcast-annou)
 .text.send_timer
                0x000000000000b62c       0x4a contiki-avr-rss2.a(broadcast-annou)
 .text.send_adv
                0x000000000000b676       0x8e contiki-avr-rss2.a(broadcast-annou)
 .text.adv_packet_received
                0x000000000000b704       0x86 contiki-avr-rss2.a(broadcast-annou)
 .text.new_announcement
                0x000000000000b78a       0x30 contiki-avr-rss2.a(broadcast-annou)
 .text.broadcast_announcement_init
                0x000000000000b7ba       0x72 contiki-avr-rss2.a(broadcast-annou)
                0x000000000000b7ba                broadcast_announcement_init
 .text.abc_open
                0x000000000000b82c       0x32 contiki-avr-rss2.a(abc.o)
                0x000000000000b82c                abc_open
 .text.abc_close
                0x000000000000b85e        0x4 contiki-avr-rss2.a(abc.o)
                0x000000000000b85e                abc_close
 .text.abc_send
                0x000000000000b862        0x4 contiki-avr-rss2.a(abc.o)
                0x000000000000b862                abc_send
 .text.abc_input
                0x000000000000b866       0x18 contiki-avr-rss2.a(abc.o)
                0x000000000000b866                abc_input
 .text.abc_sent
                0x000000000000b87e       0x18 contiki-avr-rss2.a(abc.o)
                0x000000000000b87e                abc_sent
 .text.channel_init
                0x000000000000b896        0x8 contiki-avr-rss2.a(channel.o)
                0x000000000000b896                channel_init
 .text.channel_open
                0x000000000000b89e       0x10 contiki-avr-rss2.a(channel.o)
                0x000000000000b89e                channel_open
 .text.channel_close
                0x000000000000b8ae        0xa contiki-avr-rss2.a(channel.o)
                0x000000000000b8ae                channel_close
 .text.channel_lookup
                0x000000000000b8b8       0x2e contiki-avr-rss2.a(channel.o)
                0x000000000000b8b8                channel_lookup
 .text.channel_set_attributes
                0x000000000000b8e6       0x2a contiki-avr-rss2.a(channel.o)
                0x000000000000b8e6                channel_set_attributes
 .text.chameleon_init
                0x000000000000b910        0x4 contiki-avr-rss2.a(chameleon.o)
                0x000000000000b910                chameleon_init
 .text.chameleon_parse
                0x000000000000b914       0x26 contiki-avr-rss2.a(chameleon.o)
                0x000000000000b914                chameleon_parse
 .text.chameleon_create
                0x000000000000b93a       0x36 contiki-avr-rss2.a(chameleon.o)
                0x000000000000b93a                chameleon_create
 .text.chameleon_hdrsize
                0x000000000000b970        0xa contiki-avr-rss2.a(chameleon.o)
                0x000000000000b970                chameleon_hdrsize
 .text.mac_call_sent_callback
                0x000000000000b97a       0x10 contiki-avr-rss2.a(mac.o)
                0x000000000000b97a                mac_call_sent_callback
 .text.parse    0x000000000000b98a       0xda contiki-avr-rss2.a(framer-802154.o)
 .text.create_frame.isra.0
                0x000000000000ba64      0x156 contiki-avr-rss2.a(framer-802154.o)
 .text.create   0x000000000000bbba        0x8 contiki-avr-rss2.a(framer-802154.o)
 .text.hdr_length
                0x000000000000bbc2        0x8 contiki-avr-rss2.a(framer-802154.o)
 .text.bme280_arch_i2c_init
                0x000000000000bbca        0x2 contiki-avr-rss2.a(bme280-arch.o)
                0x000000000000bbca                bme280_arch_i2c_init
 .text.bme280_arch_i2c_write_mem
                0x000000000000bbcc        0x4 contiki-avr-rss2.a(bme280-arch.o)
                0x000000000000bbcc                bme280_arch_i2c_write_mem
 .text.bme280_arch_i2c_read_mem
                0x000000000000bbd0        0x4 contiki-avr-rss2.a(bme280-arch.o)
                0x000000000000bbd0                bme280_arch_i2c_read_mem
 .text.get_bits_in_byte
                0x000000000000bbd4       0x3c contiki-avr-rss2.a(chameleon-bitop)
 .text.header_size
                0x000000000000bc10       0x18 contiki-avr-rss2.a(chameleon-bitop)
 .text.get_bits
                0x000000000000bc28       0xe6 contiki-avr-rss2.a(chameleon-bitop)
                0x000000000000bc28                get_bits
 .text.unpack_header
                0x000000000000bd0e      0x110 contiki-avr-rss2.a(chameleon-bitop)
 .text.set_bits
                0x000000000000be1e      0x13c contiki-avr-rss2.a(chameleon-bitop)
                0x000000000000be1e                set_bits
 .text.pack_header
                0x000000000000bf5a       0xfe contiki-avr-rss2.a(chameleon-bitop)
 .text.frame802154_get_pan_id
                0x000000000000c058        0xa contiki-avr-rss2.a(frame802154.o)
                0x000000000000c058                frame802154_get_pan_id
 .text.frame802154_has_panid
                0x000000000000c062       0xfc contiki-avr-rss2.a(frame802154.o)
                0x000000000000c062                frame802154_has_panid
 .text.field_len
                0x000000000000c15e       0xd2 contiki-avr-rss2.a(frame802154.o)
 .text.frame802154_is_broadcast_addr
                0x000000000000c230       0x2a contiki-avr-rss2.a(frame802154.o)
                0x000000000000c230                frame802154_is_broadcast_addr
 .text.frame802154_hdrlen
                0x000000000000c25a       0x4c contiki-avr-rss2.a(frame802154.o)
                0x000000000000c25a                frame802154_hdrlen
 .text.frame802154_create_fcf
                0x000000000000c2a6       0xaa contiki-avr-rss2.a(frame802154.o)
                0x000000000000c2a6                frame802154_create_fcf
 .text.frame802154_create
                0x000000000000c350       0xee contiki-avr-rss2.a(frame802154.o)
                0x000000000000c350                frame802154_create
 .text.frame802154_parse_fcf
                0x000000000000c43e       0x5c contiki-avr-rss2.a(frame802154.o)
                0x000000000000c43e                frame802154_parse_fcf
 .text.frame802154_parse
                0x000000000000c49a      0x1d6 contiki-avr-rss2.a(frame802154.o)
                0x000000000000c49a                frame802154_parse
 .text.avr-libc
                0x000000000000c670      0x74c /usr/lib/gcc/avr/5.4.0/../../../avr/lib/avr6/libprintf_flt.a(vfprintf_flt.o)
                0x000000000000c670                vfprintf
 .text.avr-libc.fplib
                0x000000000000cdbc        0xe /usr/lib/gcc/avr/5.4.0/../../../avr/lib/avr6/libm.a(addsf3.o)
                0x000000000000cdbc                __subsf3
                0x000000000000cdbe                __addsf3
 .text.avr-libc.fplib
                0x000000000000cdca       0xcc /usr/lib/gcc/avr/5.4.0/../../../avr/lib/avr6/libm.a(addsf3x.o)
                0x000000000000cdec                __addsf3x
 .text.avr-libc.fplib
                0x000000000000ce96        0xa /usr/lib/gcc/avr/5.4.0/../../../avr/lib/avr6/libm.a(cmpsf2.o)
                0x000000000000ce96                __lesf2
                0x000000000000ce96                __nesf2
                0x000000000000ce96                __eqsf2
                0x000000000000ce96                __cmpsf2
                0x000000000000ce96                __ltsf2
 .text.avr-libc.fplib
                0x000000000000cea0        0x8 /usr/lib/gcc/avr/5.4.0/../../../avr/lib/avr6/libm.a(divsf3.o)
                0x000000000000cea0                __divsf3
 .text.avr-libc.fplib
                0x000000000000cea8       0xdc /usr/lib/gcc/avr/5.4.0/../../../avr/lib/avr6/libm.a(divsf3x.o)
                0x000000000000cec8                __divsf3x
                0x000000000000cece                __divsf3_pse
 .text.avr-libc.fplib
                0x000000000000cf84        0xe /usr/lib/gcc/avr/5.4.0/../../../avr/lib/avr6/libm.a(fixsfsi.o)
                0x000000000000cf84                __fixsfsi
 .text.avr-libc.fplib
                0x000000000000cf92       0x5e /usr/lib/gcc/avr/5.4.0/../../../avr/lib/avr6/libm.a(fixunssfsi.o)
                0x000000000000cf92                __fixunssfsi
 .text.avr-libc.fplib
                0x000000000000cff0       0x7a /usr/lib/gcc/avr/5.4.0/../../../avr/lib/avr6/libm.a(floatsisf.o)
                0x000000000000cff0                __floatunsisf
                0x000000000000cff4                __floatsisf
 .text.avr-libc.fplib
                0x000000000000d06a       0x48 /usr/lib/gcc/avr/5.4.0/../../../avr/lib/avr6/libm.a(fp_cmp.o)
                0x000000000000d06a                __fp_cmp
 .text.avr-libc.fplib
                0x000000000000d0b2        0xc /usr/lib/gcc/avr/5.4.0/../../../avr/lib/avr6/libm.a(fp_inf.o)
                0x000000000000d0b2                __fp_inf
 .text.avr-libc.fplib
                0x000000000000d0be        0x6 /usr/lib/gcc/avr/5.4.0/../../../avr/lib/avr6/libm.a(fp_nan.o)
                0x000000000000d0be                __fp_nan
 .text.avr-libc.fplib
                0x000000000000d0c4        0xe /usr/lib/gcc/avr/5.4.0/../../../avr/lib/avr6/libm.a(fp_pscA.o)
                0x000000000000d0c4                __fp_pscA
 .text.avr-libc.fplib
                0x000000000000d0d2        0xe /usr/lib/gcc/avr/5.4.0/../../../avr/lib/avr6/libm.a(fp_pscB.o)
                0x000000000000d0d2                __fp_pscB
 .text.avr-libc.fplib
                0x000000000000d0e0       0x22 /usr/lib/gcc/avr/5.4.0/../../../avr/lib/avr6/libm.a(fp_round.o)
                0x000000000000d0e0                __fp_round
 .text.avr-libc.fplib
                0x000000000000d102       0x44 /usr/lib/gcc/avr/5.4.0/../../../avr/lib/avr6/libm.a(fp_split3.o)
                0x000000000000d102                __fp_split3
                0x000000000000d112                __fp_splitA
 .text.avr-libc.fplib
                0x000000000000d146        0xe /usr/lib/gcc/avr/5.4.0/../../../avr/lib/avr6/libm.a(fp_zero.o)
                0x000000000000d146                __fp_zero
                0x000000000000d148                __fp_szero
 .text.avr-libc.fplib
                0x000000000000d154        0xa /usr/lib/gcc/avr/5.4.0/../../../avr/lib/avr6/libm.a(gesf2.o)
                0x000000000000d154                __gtsf2
                0x000000000000d154                __gesf2
 .text.avr-libc.fplib
                0x000000000000d15e        0x8 /usr/lib/gcc/avr/5.4.0/../../../avr/lib/avr6/libm.a(mulsf3.o)
                0x000000000000d15e                __mulsf3
 .text.avr-libc.fplib
                0x000000000000d166       0xd2 /usr/lib/gcc/avr/5.4.0/../../../avr/lib/avr6/libm.a(mulsf3x.o)
                0x000000000000d184                __mulsf3x
                0x000000000000d18a                __mulsf3_pse
 .text.libgcc.mul
                0x000000000000d238       0x20 /usr/lib/gcc/avr/5.4.0/avr6/libgcc.a(_mulsi3.o)
                0x000000000000d238                __mulsi3
 .text.libgcc.div
                0x000000000000d258       0x18 /usr/lib/gcc/avr/5.4.0/avr6/libgcc.a(_udivmodqi4.o)
                0x000000000000d258                __udivmodqi4
 .text.libgcc.div
                0x000000000000d270       0x28 /usr/lib/gcc/avr/5.4.0/avr6/libgcc.a(_udivmodhi4.o)
                0x000000000000d270                __udivmodhi4
 .text.libgcc.div
                0x000000000000d298       0x44 /usr/lib/gcc/avr/5.4.0/avr6/libgcc.a(_udivmodsi4.o)
                0x000000000000d298                __udivmodsi4
 .text.libgcc.div
                0x000000000000d2dc       0x2e /usr/lib/gcc/avr/5.4.0/avr6/libgcc.a(_divmodsi4.o)
                0x000000000000d2dc                __divmodsi4
 .text.libgcc.div
                0x000000000000d30a       0x10 /usr/lib/gcc/avr/5.4.0/avr6/libgcc.a(_negsi2.o)
                0x000000000000d30a                __negsi2
 .text.libgcc   0x000000000000d31a       0x10 /usr/lib/gcc/avr/5.4.0/avr6/libgcc.a(_tablejump2.o)
                0x000000000000d31a                __tablejump2__
 .text.libgcc.mul
                0x000000000000d32a        0xe /usr/lib/gcc/avr/5.4.0/avr6/libgcc.a(_usmulhisi3.o)
                0x000000000000d32a                __usmulhisi3
                0x000000000000d32e                __usmulhisi3_tail
 .text.libgcc.mul
                0x000000000000d338       0x16 /usr/lib/gcc/avr/5.4.0/avr6/libgcc.a(_muluhisi3.o)
                0x000000000000d338                __muluhisi3
 .text.libgcc.mul
                0x000000000000d34e       0x10 /usr/lib/gcc/avr/5.4.0/avr6/libgcc.a(_mulshisi3.o)
                0x000000000000d34e                __mulshisi3
                0x000000000000d354                __mulohisi3
 .text.libgcc.mul
                0x000000000000d35e       0xa0 /usr/lib/gcc/avr/5.4.0/avr6/libgcc.a(_muldi3.o)
                0x000000000000d35e                __muldi3
 .text.libgcc.mul
                0x000000000000d3fe       0x12 /usr/lib/gcc/avr/5.4.0/avr6/libgcc.a(_muldi3_6.o)
                0x000000000000d3fe                __muldi3_6
 .text.libgcc.div
                0x000000000000d410       0x62 /usr/lib/gcc/avr/5.4.0/avr6/libgcc.a(_divdi3.o)
                0x000000000000d410                __moddi3
                0x000000000000d414                __divdi3
                0x000000000000d416                __divdi3_moddi3
 .text.libgcc.div
                0x000000000000d472       0x1c /usr/lib/gcc/avr/5.4.0/avr6/libgcc.a(_udivdi3.o)
                0x000000000000d472                __umoddi3
                0x000000000000d476                __udivdi3
                0x000000000000d478                __udivdi3_umoddi3
 .text.libgcc.div
                0x000000000000d48e       0xa2 /usr/lib/gcc/avr/5.4.0/avr6/libgcc.a(_udivmod64.o)
                0x000000000000d48e                __udivmod64
 .text.libgcc   0x000000000000d530       0x20 /usr/lib/gcc/avr/5.4.0/avr6/libgcc.a(_negdi2.o)
                0x000000000000d530                __negdi2
 .text.libgcc.prologue
                0x000000000000d550       0x38 /usr/lib/gcc/avr/5.4.0/avr6/libgcc.a(_prologue.o)
                0x000000000000d550                __prologue_saves__
 .text.libgcc.prologue
                0x000000000000d588       0x36 /usr/lib/gcc/avr/5.4.0/avr6/libgcc.a(_epilogue.o)
                0x000000000000d588                __epilogue_restores__
 .text.libgcc.builtins
                0x000000000000d5be       0x32 /usr/lib/gcc/avr/5.4.0/avr6/libgcc.a(_ashldi3.o)
                0x000000000000d5be                __ashldi3
 .text.libgcc.builtins
                0x000000000000d5f0       0x3c /usr/lib/gcc/avr/5.4.0/avr6/libgcc.a(_ashrdi3.o)
                0x000000000000d5f0                __ashrdi3
                0x000000000000d5f4                __lshrdi3
 .text.libgcc   0x000000000000d62c       0x12 /usr/lib/gcc/avr/5.4.0/avr6/libgcc.a(_adddi3.o)
                0x000000000000d62c                __adddi3
 .text.libgcc   0x000000000000d63e       0x12 /usr/lib/gcc/avr/5.4.0/avr6/libgcc.a(_subdi3.o)
                0x000000000000d63e                __subdi3
 .text.libgcc   0x000000000000d650       0x18 /usr/lib/gcc/avr/5.4.0/avr6/libgcc.a(_cmpdi2_s8.o)
                0x000000000000d650                __cmpdi2_s8
 .text.libgcc.mul
                0x000000000000d668       0x1e /usr/lib/gcc/avr/5.4.0/avr6/libgcc.a(_umulhisi3.o)
                0x000000000000d668                __umulhisi3
 .text.avr-libc
                0x000000000000d686      0x242 /usr/lib/gcc/avr/5.4.0/../../../avr/lib/avr6/libc.a(malloc.o)
                0x000000000000d686                malloc
                0x000000000000d7b6                free
 .text.avr-libc
                0x000000000000d8c8       0xb4 /usr/lib/gcc/avr/5.4.0/../../../avr/lib/avr6/libc.a(rand.o)
                0x000000000000d95a                rand_r
                0x000000000000d95e                rand
                0x000000000000d966                srand
 .text.avr-libc
                0x000000000000d97c       0x3c /usr/lib/gcc/avr/5.4.0/../../../avr/lib/avr6/libc.a(atoi.o)
                0x000000000000d97c                atoi
 .text.avr-libc
                0x000000000000d9b8      0x1b0 /usr/lib/gcc/avr/5.4.0/../../../avr/lib/avr6/libc.a(ftoa_engine.o)
                0x000000000000d9b8                __ftoa_engine
 .text.avr-libc
                0x000000000000db68       0x12 /usr/lib/gcc/avr/5.4.0/../../../avr/lib/avr6/libc.a(isspace.o)
                0x000000000000db68                isspace
 .text.avr-libc
                0x000000000000db7a       0x16 /usr/lib/gcc/avr/5.4.0/../../../avr/lib/avr6/libc.a(strnlen_P.o)
                0x000000000000db7a                strnlen_P
 .text.avr-libc
                0x000000000000db90        0x8 /usr/lib/gcc/avr/5.4.0/../../../avr/lib/avr6/libc.a(strtok.o)
                0x000000000000db90                strtok
 .text.avr-libc
                0x000000000000db98       0x1a /usr/lib/gcc/avr/5.4.0/../../../avr/lib/avr6/libc.a(memcmp.o)
                0x000000000000db98                memcmp
 .text.avr-libc
                0x000000000000dbb2       0x12 /usr/lib/gcc/avr/5.4.0/../../../avr/lib/avr6/libc.a(memcpy.o)
                0x000000000000dbb2                memcpy
 .text.avr-libc
                0x000000000000dbc4        0xe /usr/lib/gcc/avr/5.4.0/../../../avr/lib/avr6/libc.a(memset.o)
                0x000000000000dbc4                memset
 .text.avr-libc
                0x000000000000dbd2       0x16 /usr/lib/gcc/avr/5.4.0/../../../avr/lib/avr6/libc.a(strcat.o)
                0x000000000000dbd2                strcat
 .text.avr-libc
                0x000000000000dbe8       0x16 /usr/lib/gcc/avr/5.4.0/../../../avr/lib/avr6/libc.a(strchr.o)
                0x000000000000dbe8                strchr
 .text.avr-libc
                0x000000000000dbfe        0xe /usr/lib/gcc/avr/5.4.0/../../../avr/lib/avr6/libc.a(strcpy.o)
                0x000000000000dbfe                strcpy
 .text.avr-libc
                0x000000000000dc0c       0x28 /usr/lib/gcc/avr/5.4.0/../../../avr/lib/avr6/libc.a(strlcpy.o)
                0x000000000000dc0c                strlcpy
 .text.avr-libc
                0x000000000000dc34       0x20 /usr/lib/gcc/avr/5.4.0/../../../avr/lib/avr6/libc.a(strncat.o)
                0x000000000000dc34                strncat
 .text.avr-libc
                0x000000000000dc54       0x1c /usr/lib/gcc/avr/5.4.0/../../../avr/lib/avr6/libc.a(strncmp.o)
                0x000000000000dc54                strncmp
 .text.avr-libc
                0x000000000000dc70       0x16 /usr/lib/gcc/avr/5.4.0/../../../avr/lib/avr6/libc.a(strnlen.o)
                0x000000000000dc70                strnlen
 .text.avr-libc
                0x000000000000dc86       0x4e /usr/lib/gcc/avr/5.4.0/../../../avr/lib/avr6/libc.a(strtok_r.o)
                0x000000000000dc86                strtok_r
 .text.avr-libc
                0x000000000000dcd4       0x10 /usr/lib/gcc/avr/5.4.0/../../../avr/lib/avr6/libc.a(mul10.o)
                0x000000000000dcd4                __mulhi_const_10
 .text.avr-libc
                0x000000000000dce4       0x78 /usr/lib/gcc/avr/5.4.0/../../../avr/lib/avr6/libc.a(fputc.o)
                0x000000000000dce4                fputc
 .text.avr-libc
                0x000000000000dd5c       0x28 /usr/lib/gcc/avr/5.4.0/../../../avr/lib/avr6/libc.a(printf.o)
                0x000000000000dd5c                printf
 .text.avr-libc
                0x000000000000dd84       0x50 /usr/lib/gcc/avr/5.4.0/../../../avr/lib/avr6/libc.a(printf_p.o)
                0x000000000000dd84                printf_P
 .text.avr-libc
                0x000000000000ddd4        0xc /usr/lib/gcc/avr/5.4.0/../../../avr/lib/avr6/libc.a(putchar.o)
                0x000000000000ddd4                putchar
 .text.avr-libc
                0x000000000000dde0       0x60 /usr/lib/gcc/avr/5.4.0/../../../avr/lib/avr6/libc.a(puts.o)
                0x000000000000dde0                puts
 .text.avr-libc
                0x000000000000de40       0x7a /usr/lib/gcc/avr/5.4.0/../../../avr/lib/avr6/libc.a(snprintf.o)
                0x000000000000de40                snprintf
 .text.avr-libc
                0x000000000000deba       0xbc /usr/lib/gcc/avr/5.4.0/../../../avr/lib/avr6/libc.a(ultoa_invert.o)
                0x000000000000deba                __ultoa_invert
 .text.avr-libc
                0x000000000000df76        0x6 /usr/lib/gcc/avr/5.4.0/../../../avr/lib/avr6/libc.a(cty_isfalse.o)
                0x000000000000df76                __ctype_isfalse
                0x000000000000df7a                __ctype_istrue
 .text.avr-libc
                0x000000000000df7c       0x20 /usr/lib/gcc/avr/5.4.0/../../../avr/lib/avr6/libatmega256rfr2.a(eerd_block.o)
                0x000000000000df7c                eeprom_read_block
                0x000000000000df80                eeprom_read_blraw
 .text.avr-libc
                0x000000000000df9c       0x10 /usr/lib/gcc/avr/5.4.0/../../../avr/lib/avr6/libatmega256rfr2.a(eerd_byte.o)
                0x000000000000df9c                eeprom_read_byte
 .text.avr-libc
                0x000000000000dfac        0xc /usr/lib/gcc/avr/5.4.0/../../../avr/lib/avr6/libatmega256rfr2.a(eerd_word.o)
                0x000000000000dfac                eeprom_read_word
 .text.avr-libc
                0x000000000000dfb8       0x20 /usr/lib/gcc/avr/5.4.0/../../../avr/lib/avr6/libatmega256rfr2.a(eeupd_block.o)
                0x000000000000dfb8                eeprom_update_block
 .text.avr-libc
                0x000000000000dfd8       0x24 /usr/lib/gcc/avr/5.4.0/../../../avr/lib/avr6/libatmega256rfr2.a(eeupd_byte.o)
                0x000000000000dfd8                eeprom_update_byte
                0x000000000000dfda                eeprom_update_r18
 .text.avr-libc
                0x000000000000dffc        0xc /usr/lib/gcc/avr/5.4.0/../../../avr/lib/avr6/libatmega256rfr2.a(eeupd_word.o)
                0x000000000000dffc                eeprom_update_word
 .text.avr-libc
                0x000000000000e008       0x14 /usr/lib/gcc/avr/5.4.0/../../../avr/lib/avr6/libatmega256rfr2.a(eewr_block.o)
                0x000000000000e008                eeprom_write_block
 .text.avr-libc
                0x000000000000e01c       0x1c /usr/lib/gcc/avr/5.4.0/../../../avr/lib/avr6/libatmega256rfr2.a(eewr_byte.o)
                0x000000000000e01c                eeprom_write_byte
                0x000000000000e01e                eeprom_write_r18
 .text.avr-libc
                0x000000000000e038        0xa /usr/lib/gcc/avr/5.4.0/../../../avr/lib/avr6/libatmega256rfr2.a(eewr_word.o)
                0x000000000000e038                eeprom_write_word
                0x000000000000e042                . = ALIGN (0x2)
 *(.fini9)
 .fini9         0x000000000000e042        0x0 /usr/lib/gcc/avr/5.4.0/avr6/libgcc.a(_exit.o)
                0x000000000000e042                exit
                0x000000000000e042                _exit
 *(.fini9)
 *(.fini8)
 *(.fini8)
 *(.fini7)
 *(.fini7)
 *(.fini6)
 *(.fini6)
 *(.fini5)
 *(.fini5)
 *(.fini4)
 *(.fini4)
 *(.fini3)
 *(.fini3)
 *(.fini2)
 *(.fini2)
 *(.fini1)
 *(.fini1)
 *(.fini0)
 .fini0         0x000000000000e042        0x4 /usr/lib/gcc/avr/5.4.0/avr6/libgcc.a(_exit.o)
 *(.fini0)
                0x000000000000e046                _etext = .

.data           0x0000000000800200     0x14cc load address 0x000000000000e046
                0x0000000000800200                PROVIDE (__data_start, .)
 *(.data)
 .data          0x0000000000800200        0x6 /usr/lib/gcc/avr/5.4.0/../../../avr/lib/avr6/libc.a(malloc.o)
                0x0000000000800200                __malloc_heap_end
                0x0000000000800202                __malloc_heap_start
                0x0000000000800204                __malloc_margin
 .data          0x0000000000800206        0x4 /usr/lib/gcc/avr/5.4.0/../../../avr/lib/avr6/libc.a(rand.o)
 *(.data*)
 .data.ttl      0x000000000080020a        0x1 wimea-ict-rss2.co
                0x000000000080020a                ttl
 .data.default_sensors
                0x000000000080020b       0x32 wimea-ict-rss2.co
 .data.windspeed_process
                0x000000000080023d        0xa wimea-ict-rss2.co
                0x000000000080023d                windspeed_process
 .data.powertrace_process
                0x0000000000800247        0xa wimea-ict-rss2.co
                0x0000000000800247                powertrace_process
 .data.mcu_sleep_process
                0x0000000000800251        0xa wimea-ict-rss2.co
                0x0000000000800251                mcu_sleep_process
 .data.buffer_process
                0x000000000080025b        0xa wimea-ict-rss2.co
                0x000000000080025b                buffer_process
 .data.sensor_data_process_report3
                0x0000000000800265        0xa wimea-ict-rss2.co
                0x0000000000800265                sensor_data_process_report3
 .data.sensor_data_process_report2
                0x000000000080026f        0xa wimea-ict-rss2.co
                0x000000000080026f                sensor_data_process_report2
 .data.sensor_data_process_report1
                0x0000000000800279        0xa wimea-ict-rss2.co
                0x0000000000800279                sensor_data_process_report1
 .data.sensor_data_process_report0
                0x0000000000800283        0xa wimea-ict-rss2.co
                0x0000000000800283                sensor_data_process_report0
 .data.broadcast_data_process
                0x000000000080028d        0xa wimea-ict-rss2.co
                0x000000000080028d                broadcast_data_process
 .data.default_config_process
                0x0000000000800297        0xa wimea-ict-rss2.co
                0x0000000000800297                default_config_process
 .data.serial_input_process
                0x00000000008002a1        0xa wimea-ict-rss2.co
                0x00000000008002a1                serial_input_process
 .data.missing_p_value_flag
                0x00000000008002ab        0x1 contiki-avr-rss2.a(ms5611.o)
 .data.missing_adc_value_flag
                0x00000000008002ac        0x1 contiki-avr-rss2.a(mcp3424.o)
                0x00000000008002ac                missing_adc_value_flag
 .data.missing_rh_value_flag
                0x00000000008002ad        0x1 contiki-avr-rss2.a(sht25.o)
 .data.missing_t_value_flag
                0x00000000008002ae        0x1 contiki-avr-rss2.a(sht25.o)
 .data.rs232_stdout
                0x00000000008002af        0xe contiki-avr-rss2.a(rs232.o)
 .data.rpc      0x00000000008002bd        0x1 contiki-avr-rss2.a(rf230bb.o)
 .data.rf230_process
                0x00000000008002be        0xa contiki-avr-rss2.a(rf230bb.o)
                0x00000000008002be                rf230_process
 .data.ctimer_process
                0x00000000008002c8        0xa contiki-avr-rss2.a(ctimer.o)
                0x00000000008002c8                ctimer_process
 .data.etimer_process
                0x00000000008002d2        0xa contiki-avr-rss2.a(etimer.o)
                0x00000000008002d2                etimer_process
 .data.serial_line_process
                0x00000000008002dc        0xa contiki-avr-rss2.a(serial-line.o)
                0x00000000008002dc                serial_line_process
 .data.buframmem
                0x00000000008002e6        0x8 contiki-avr-rss2.a(queuebuf.o)
 .data.bufmem   0x00000000008002ee        0x8 contiki-avr-rss2.a(queuebuf.o)
 .data.Stat     0x00000000008002f6        0x1 contiki-avr-rss2.a(diskio.o)
 .data.mac_pan_id
                0x00000000008002f7        0x2 contiki-avr-rss2.a(frame802154.o)
 *(.rodata)
 .rodata        0x00000000008002f9       0x2e wimea-ict-rss2.co
 *(.rodata*)
 .rodata.str1.1
                0x0000000000800327     0x1119 wimea-ict-rss2.co
                                       0x113a (size before relaxing)
 .rodata.broadcast_call
                0x0000000000801440        0x4 wimea-ict-rss2.co
 .rodata.autostart_processes
                0x0000000000801444       0x18 wimea-ict-rss2.co
                0x0000000000801444                autostart_processes
 .rodata.str1.1
                0x000000000080145c       0x79 contiki-avr-rss2.a(contiki-main.o)
 .rodata.str1.1
                0x00000000008014d5        0x8 contiki-avr-rss2.a(battery-sensor.)
 .rodata.battery_sensor
                0x00000000008014dd        0x8 contiki-avr-rss2.a(battery-sensor.)
                0x00000000008014dd                battery_sensor
 .rodata.str1.1
                0x00000000008014e5        0x9 contiki-avr-rss2.a(temp_mcu-sensor)
 .rodata.temp_mcu_sensor
                0x00000000008014ee        0x8 contiki-avr-rss2.a(temp_mcu-sensor)
                0x00000000008014ee                temp_mcu_sensor
 .rodata.str1.1
                0x00000000008014f6        0x6 contiki-avr-rss2.a(pulse-sensor.o)
 .rodata.pulse_sensor
                0x00000000008014fc        0x8 contiki-avr-rss2.a(pulse-sensor.o)
                0x00000000008014fc                pulse_sensor
 .rodata.str1.1
                0x0000000000801504        0x5 contiki-avr-rss2.a(temp-sensor.o)
 .rodata.temp_sensor
                0x0000000000801509        0x8 contiki-avr-rss2.a(temp-sensor.o)
                0x0000000000801509                temp_sensor
 .rodata.str1.1
                0x0000000000801511        0x4 contiki-avr-rss2.a(ds1307.o)
 .rodata.ds1307_sensor
                0x0000000000801515        0x8 contiki-avr-rss2.a(ds1307.o)
                0x0000000000801515                ds1307_sensor
 .rodata.str1.1
                0x000000000080151d       0x1f contiki-avr-rss2.a(ff.o)
 .rodata.ExCvt  0x000000000080153c       0x80 contiki-avr-rss2.a(ff.o)
 .rodata.str1.1
                0x00000000008015bc        0x9 contiki-avr-rss2.a(ms5611.o)
 .rodata.ms5611_sensor
                0x00000000008015c5        0x8 contiki-avr-rss2.a(ms5611.o)
                0x00000000008015c5                ms5611_sensor
 .rodata.CSWTCH.4
                0x00000000008015cd        0x3 contiki-avr-rss2.a(mcp3424.o)
 .rodata.str1.1
                0x00000000008015d0        0xf contiki-avr-rss2.a(mcp3424.o)
 .rodata.mcp3424_sensor
                0x00000000008015df        0x8 contiki-avr-rss2.a(mcp3424.o)
                0x00000000008015df                mcp3424_sensor
 .rodata.str1.1
                0x00000000008015e7        0xd contiki-avr-rss2.a(sht25.o)
 .rodata.sht25_sensor
                0x00000000008015f4        0x8 contiki-avr-rss2.a(sht25.o)
                0x00000000008015f4                sht25_sensor
 .rodata.str1.1
                0x00000000008015fc        0xd contiki-avr-rss2.a(rf230bb.o)
 .rodata.rf230_driver
                0x0000000000801609       0x1c contiki-avr-rss2.a(rf230bb.o)
                0x0000000000801609                rf230_driver
 .rodata.str1.1
                0x0000000000801625        0x7 contiki-avr-rss2.a(bme280-sensor.o)
 .rodata.bme280_sensor
                0x000000000080162c        0x8 contiki-avr-rss2.a(bme280-sensor.o)
                0x000000000080162c                bme280_sensor
 .rodata.str1.1
                0x0000000000801634        0xf contiki-avr-rss2.a(ctimer.o)
 .rodata.str1.1
                0x0000000000801643        0xc contiki-avr-rss2.a(etimer.o)
 .rodata.str1.1
                0x000000000080164f        0xe contiki-avr-rss2.a(serial-line.o)
 .rodata.broadcast
                0x000000000080165d        0x4 contiki-avr-rss2.a(broadcast.o)
 .rodata.attributes
                0x0000000000801661        0x4 contiki-avr-rss2.a(broadcast.o)
 .rodata.str1.1
                0x0000000000801665        0x5 contiki-avr-rss2.a(rime.o)
 .rodata.rime_driver
                0x000000000080166a        0x6 contiki-avr-rss2.a(rime.o)
                0x000000000080166a                rime_driver
 .rodata.str1.1
                0x0000000000801670        0x8 contiki-avr-rss2.a(nullmac.o)
 .rodata.nullmac_driver
                0x0000000000801678        0xe contiki-avr-rss2.a(nullmac.o)
                0x0000000000801678                nullmac_driver
 .rodata.str1.1
                0x0000000000801686        0x8 contiki-avr-rss2.a(nullrdc.o)
 .rodata.nullrdc_driver
                0x000000000080168e       0x10 contiki-avr-rss2.a(nullrdc.o)
                0x000000000080168e                nullrdc_driver
 .rodata.linkaddr_null
                0x000000000080169e        0x2 contiki-avr-rss2.a(linkaddr.o)
                0x000000000080169e                linkaddr_null
 .rodata.str1.1
                0x00000000008016a0        0x8 contiki-avr-rss2.a(nullsec.o)
 .rodata.nullsec_driver
                0x00000000008016a8        0x8 contiki-avr-rss2.a(nullsec.o)
                0x00000000008016a8                nullsec_driver
 .rodata.broadcast_callbacks
                0x00000000008016b0        0x4 contiki-avr-rss2.a(broadcast-annou)
 .rodata.attributes
                0x00000000008016b4        0x2 contiki-avr-rss2.a(abc.o)
 .rodata.framer_802154
                0x00000000008016b6        0x6 contiki-avr-rss2.a(framer-802154.o)
                0x00000000008016b6                framer_802154
 .rodata.chameleon_bitopt
                0x00000000008016bc        0x6 contiki-avr-rss2.a(chameleon-bitop)
                0x00000000008016bc                chameleon_bitopt
 .rodata.bitmask
                0x00000000008016c2        0x9 contiki-avr-rss2.a(chameleon-bitop)
 *(.gnu.linkonce.d*)
                0x00000000008016cc                . = ALIGN (0x2)
 *fill*         0x00000000008016cb        0x1 
                0x00000000008016cc                _edata = .
                0x00000000008016cc                PROVIDE (__data_end, .)

.bss            0x00000000008016cc     0x1361
                0x00000000008016cc                PROVIDE (__bss_start, .)
 *(.bss)
 .bss           0x00000000008016cc        0x2 /usr/lib/gcc/avr/5.4.0/../../../avr/lib/avr6/libc.a(strtok.o)
 *(.bss*)
 .bss.name2.4999
                0x00000000008016ce        0xc wimea-ict-rss2.co
 .bss.name1.4998
                0x00000000008016da        0xc wimea-ict-rss2.co
 .bss.date.4899
                0x00000000008016e6        0xf wimea-ict-rss2.co
 .bss.time.4895
                0x00000000008016f5        0xf wimea-ict-rss2.co
 .bss.adc3.4887
                0x0000000000801704        0x2 wimea-ict-rss2.co
 .bss.adc2.4886
                0x0000000000801706        0x2 wimea-ict-rss2.co
 .bss.adc1.4885
                0x0000000000801708        0x2 wimea-ict-rss2.co
 .bss.adc3.4872
                0x000000000080170a        0x2 wimea-ict-rss2.co
 .bss.adc2.4871
                0x000000000080170c        0x2 wimea-ict-rss2.co
 .bss.adc1.4870
                0x000000000080170e        0x2 wimea-ict-rss2.co
 .bss.adc3.4831
                0x0000000000801710        0x2 wimea-ict-rss2.co
 .bss.adc2.4830
                0x0000000000801712        0x2 wimea-ict-rss2.co
 .bss.adc1.4829
                0x0000000000801714        0x2 wimea-ict-rss2.co
 .bss.P0_LST.4842
                0x0000000000801716        0x2 wimea-ict-rss2.co
 .bss.listen_power.4644
                0x0000000000801718        0x4 wimea-ict-rss2.co
 .bss.transmit_power.4643
                0x000000000080171c        0x4 wimea-ict-rss2.co
 .bss.cpu_power.4642
                0x0000000000801720        0x4 wimea-ict-rss2.co
 .bss.counter.4645
                0x0000000000801724        0x2 wimea-ict-rss2.co
 .bss.j.4638    0x0000000000801726        0x2 wimea-ict-rss2.co
 .bss.t.4637    0x0000000000801728        0x2 wimea-ict-rss2.co
 .bss.periodic_timers.4632
                0x000000000080172a        0xc wimea-ict-rss2.co
 .bss.time_counter.4646
                0x0000000000801736        0x2 wimea-ict-rss2.co
 .bss.time_interval_3.4741
                0x0000000000801738        0x2 wimea-ict-rss2.co
 .bss.time_interval_2.4731
                0x000000000080173a        0x2 wimea-ict-rss2.co
 .bss.counter.4699
                0x000000000080173c        0x2 wimea-ict-rss2.co
 .bss.time_interval_0.4700
                0x000000000080173e        0x2 wimea-ict-rss2.co
 .bss.j.4702    0x0000000000801740        0x2 wimea-ict-rss2.co
 .bss.i.4701    0x0000000000801742        0x2 wimea-ict-rss2.co
 .bss.seqno.4778
                0x0000000000801744        0x1 wimea-ict-rss2.co
 .bss.broadcast
                0x0000000000801745        0xb wimea-ict-rss2.co
 .bss.max_windspeed
                0x0000000000801750        0x4 wimea-ict-rss2.co
 .bss.wind_speed
                0x0000000000801754        0x4 wimea-ict-rss2.co
 .bss.I2C_MS5611_flag
                0x0000000000801758        0x2 wimea-ict-rss2.co
 .bss.I2C_MCP3424_flag
                0x000000000080175a        0x2 wimea-ict-rss2.co
 .bss.I2C_SHT25_flag
                0x000000000080175c        0x2 wimea-ict-rss2.co
 .bss.error_status
                0x000000000080175e        0x2 wimea-ict-rss2.co
 .bss.power_save
                0x0000000000801760        0x2 wimea-ict-rss2.co
 .bss.array.3624
                0x0000000000801762       0x18 contiki-avr-rss2.a(powertrace.o)
 .bss.seqno.3641
                0x000000000080177a        0x4 contiki-avr-rss2.a(powertrace.o)
 .bss.last_listen.3621
                0x000000000080177e        0x4 contiki-avr-rss2.a(powertrace.o)
 .bss.last_transmit.3620
                0x0000000000801782        0x4 contiki-avr-rss2.a(powertrace.o)
 .bss.last_lpm.3619
                0x0000000000801786        0x4 contiki-avr-rss2.a(powertrace.o)
 .bss.last_cpu.3618
                0x000000000080178a        0x4 contiki-avr-rss2.a(powertrace.o)
 .bss.intr_counts
                0x000000000080178e        0x2 contiki-avr-rss2.a(pulse-sensor.o)
                0x000000000080178e                intr_counts
 .bss.Fsid      0x0000000000801790        0x2 contiki-avr-rss2.a(ff.o)
 .bss.FatFs     0x0000000000801792        0x2 contiki-avr-rss2.a(ff.o)
 .bss.nac_value_flag
                0x0000000000801794        0x1 contiki-avr-rss2.a(ms5611.o)
                0x0000000000801794                nac_value_flag
 .bss.ac_value_flag
                0x0000000000801795        0x1 contiki-avr-rss2.a(ms5611.o)
                0x0000000000801795                ac_value_flag
 .bss.rcount    0x0000000000801796        0x1 contiki-avr-rss2.a(clock.o)