Archive member included to satisfy reference by file (symbol)

contiki-avr-rss2.a(powertrace.o)
                              wimea-ict-rss2.co (powertrace_print1)
contiki-avr-rss2.a(contiki-main.o)
                              wimea-ict-rss2.co (rf230_driver)
contiki-avr-rss2.a(params.o)  contiki-avr-rss2.a(contiki-main.o) (params_get_channel)
contiki-avr-rss2.a(battery-sensor.)
                              wimea-ict-rss2.co (battery_sensor)
contiki-avr-rss2.a(i2c.o)     contiki-avr-rss2.a(contiki-main.o) (i2c_init)
contiki-avr-rss2.a(leds.o)    contiki-avr-rss2.a(contiki-main.o) (leds_on)
contiki-avr-rss2.a(temp_mcu-sensor)
                              wimea-ict-rss2.co (temp_mcu_sensor)
contiki-avr-rss2.a(adc.o)     wimea-ict-rss2.co (adc_read_v_in)
contiki-avr-rss2.a(pulse-sensor.o)
                              wimea-ict-rss2.co (pulse_sensor)
contiki-avr-rss2.a(temp-sensor.o)
                              wimea-ict-rss2.co (temp_sensor)
contiki-avr-rss2.a(ds1307.o)  wimea-ict-rss2.co (DS1307_init)
contiki-avr-rss2.a(ff.o)      wimea-ict-rss2.co (f_open)
contiki-avr-rss2.a(ms5611.o)  wimea-ict-rss2.co (missing_p_value)
contiki-avr-rss2.a(mcp3424.o)
                              wimea-ict-rss2.co (missing_adc_value)
contiki-avr-rss2.a(sht25.o)   wimea-ict-rss2.co (missing_t_value)
contiki-avr-rss2.a(clock.o)   contiki-avr-rss2.a(contiki-main.o) (clock_init)
contiki-avr-rss2.a(rs232.o)   contiki-avr-rss2.a(contiki-main.o) (rs232_init)
contiki-avr-rss2.a(watchdog.o)
                              contiki-avr-rss2.a(contiki-main.o) (watchdog_init)
contiki-avr-rss2.a(random.o)  contiki-avr-rss2.a(contiki-main.o) (random_init)
contiki-avr-rss2.a(rf230bb.o)
                              contiki-avr-rss2.a(clock.o) (RF230_receive_on)
contiki-avr-rss2.a(halbb.o)   contiki-avr-rss2.a(rf230bb.o) (hal_init)
contiki-avr-rss2.a(ctimer.o)  contiki-avr-rss2.a(contiki-main.o) (ctimer_init)
contiki-avr-rss2.a(autostart.o)
                              contiki-avr-rss2.a(contiki-main.o) (autostart_start)
contiki-avr-rss2.a(energest.o)
                              contiki-avr-rss2.a(contiki-main.o) (energest_init)
contiki-avr-rss2.a(etimer.o)  contiki-avr-rss2.a(clock.o) (etimer_request_poll)
contiki-avr-rss2.a(process.o)
                              wimea-ict-rss2.co (process_current)
contiki-avr-rss2.a(rtimer.o)  contiki-avr-rss2.a(contiki-main.o) (rtimer_init)
contiki-avr-rss2.a(timer.o)   contiki-avr-rss2.a(etimer.o) (timer_set)
contiki-avr-rss2.a(serial-line.o)
                              wimea-ict-rss2.co (serial_line_event_message)
contiki-avr-rss2.a(ringbuf.o)
                              contiki-avr-rss2.a(serial-line.o) (ringbuf_init)
contiki-avr-rss2.a(list.o)    contiki-avr-rss2.a(ctimer.o) (list_init)
contiki-avr-rss2.a(broadcast.o)
                              wimea-ict-rss2.co (broadcast_open)
contiki-avr-rss2.a(rime.o)    contiki-avr-rss2.a(contiki-main.o) (rime_driver)
contiki-avr-rss2.a(announcement.o)
                              contiki-avr-rss2.a(rime.o) (announcement_init)
contiki-avr-rss2.a(nullmac.o)
                              contiki-avr-rss2.a(contiki-main.o) (nullmac_driver)
contiki-avr-rss2.a(nullrdc.o)
                              contiki-avr-rss2.a(contiki-main.o) (nullrdc_driver)
contiki-avr-rss2.a(queuebuf.o)
                              contiki-avr-rss2.a(contiki-main.o) (queuebuf_init)
contiki-avr-rss2.a(packetbuf.o)
                              contiki-avr-rss2.a(rf230bb.o) (packetbuf_set_datalen)
contiki-avr-rss2.a(linkaddr.o)
                              contiki-avr-rss2.a(broadcast.o) (linkaddr_copy)
contiki-avr-rss2.a(nullsec.o)
                              contiki-avr-rss2.a(rime.o) (nullsec_driver)
contiki-avr-rss2.a(diskio.o)  contiki-avr-rss2.a(ff.o) (disk_status)
contiki-avr-rss2.a(rtimer-arch.o)
                              contiki-avr-rss2.a(rtimer.o) (rtimer_arch_init)
contiki-avr-rss2.a(memb.o)    contiki-avr-rss2.a(queuebuf.o) (memb_init)
contiki-avr-rss2.a(broadcast-annou)
                              contiki-avr-rss2.a(rime.o) (broadcast_announcement_init)
contiki-avr-rss2.a(abc.o)     contiki-avr-rss2.a(broadcast.o) (abc_open)
contiki-avr-rss2.a(channel.o)
                              contiki-avr-rss2.a(abc.o) (channel_open)
contiki-avr-rss2.a(chameleon.o)
                              contiki-avr-rss2.a(rime.o) (chameleon_init)
contiki-avr-rss2.a(mac.o)     contiki-avr-rss2.a(nullrdc.o) (mac_call_sent_callback)
contiki-avr-rss2.a(framer-802154.o)
                              contiki-avr-rss2.a(nullrdc.o) (framer_802154)
contiki-avr-rss2.a(chameleon-bitop)
                              contiki-avr-rss2.a(chameleon.o) (chameleon_bitopt)
contiki-avr-rss2.a(frame802154.o)
                              contiki-avr-rss2.a(framer-802154.o) (frame802154_get_pan_id)
/usr/lib/gcc/avr/5.4.0/../../../avr/lib/avr6/libprintf_flt.a(vfprintf_flt.o)
                              (vfprintf)
/usr/lib/gcc/avr/5.4.0/../../../avr/lib/avr6/libm.a(addsf3.o)
[...]
Memory Configuration

Name             Origin             Length             Attributes
text             0x0000000000000000 0x0000000000100000 xr
data             0x0000000000800200 0x000000000000fe00 rw !x
eeprom           0x0000000000810000 0x0000000000010000 rw !x
fuse             0x0000000000820000 0x0000000000000003 rw !x
lock             0x0000000000830000 0x0000000000000400 rw !x
signature        0x0000000000840000 0x0000000000000400 rw !x
user_signatures  0x0000000000850000 0x0000000000000400 rw !x
*default*        0x0000000000000000 0xffffffffffffffff

Linker script and memory map

Address of section .data set to 0x800200
LOAD /usr/lib/gcc/avr/5.4.0/../../../avr/lib/avr6/crtatmega256rfr2.o
Address of section .bootloader set to 0x3e000
LOAD wimea-ict-rss2.co
LOAD contiki-avr-rss2.a
LOAD /usr/lib/gcc/avr/5.4.0/../../../avr/lib/avr6/libprintf_flt.a
LOAD /usr/lib/gcc/avr/5.4.0/../../../avr/lib/avr6/libm.a
START GROUP
LOAD /usr/lib/gcc/avr/5.4.0/avr6/libgcc.a
LOAD /usr/lib/gcc/avr/5.4.0/../../../avr/lib/avr6/libm.a
LOAD /usr/lib/gcc/avr/5.4.0/../../../avr/lib/avr6/libc.a
LOAD /usr/lib/gcc/avr/5.4.0/../../../avr/lib/avr6/libatmega256rfr2.a
END GROUP
                0x0000000000100000                __TEXT_REGION_LENGTH__ = DEFINED (__TEXT_REGION_LENGTH__)?__TEXT_REGION_LENGTH__:0x100000
                0x000000000000fe00                __DATA_REGION_LENGTH__ = DEFINED (__DATA_REGION_LENGTH__)?__DATA_REGION_LENGTH__:0xfe00
                0x0000000000010000                __EEPROM_REGION_LENGTH__ = DEFINED (__EEPROM_REGION_LENGTH__)?__EEPROM_REGION_LENGTH__:0x10000
                [0x0000000000000003]                __FUSE_REGION_LENGTH__ = DEFINED (__FUSE_REGION_LENGTH__)?__FUSE_REGION_LENGTH__:0x400
                0x0000000000000400                __LOCK_REGION_LENGTH__ = DEFINED (__LOCK_REGION_LENGTH__)?__LOCK_REGION_LENGTH__:0x400
                0x0000000000000400                __SIGNATURE_REGION_LENGTH__ = DEFINED (__SIGNATURE_REGION_LENGTH__)?__SIGNATURE_REGION_LENGTH__:0x400
                0x0000000000000400                __USER_SIGNATURE_REGION_LENGTH__ = DEFINED (__USER_SIGNATURE_REGION_LENGTH__)?__USER_SIGNATURE_REGION_LENGTH__:0x400

.hash
 *(.hash)

.dynsym
 *(.dynsym)

.dynstr
 *(.dynstr)

.gnu.version
 *(.gnu.version)

.gnu.version_d
 *(.gnu.version_d)

.gnu.version_r
 *(.gnu.version_r)

.rel.init
 *(.rel.init)

.rela.init
 *(.rela.init)

.rel.text
 *(.rel.text)
 *(.rel.text.*)
 *(.rel.gnu.linkonce.t*)

.rela.text
 *(.rela.text)
 *(.rela.text.*)
 *(.rela.gnu.linkonce.t*)

.rel.fini
 *(.rel.fini)

.rela.fini
 *(.rela.fini)

.rel.rodata
 *(.rel.rodata)
 *(.rel.rodata.*)
 *(.rel.gnu.linkonce.r*)

.rela.rodata
 *(.rela.rodata)
 *(.rela.rodata.*)
 *(.rela.gnu.linkonce.r*)

.rel.data
 *(.rel.data)
 *(.rel.data.*)
 *(.rel.gnu.linkonce.d*)

.rela.data
 *(.rela.data)
 *(.rela.data.*)
 *(.rela.gnu.linkonce.d*)

.rel.ctors
 *(.rel.ctors)

.rela.ctors
 *(.rela.ctors)

.rel.dtors
 *(.rel.dtors)

.rela.dtors
 *(.rela.dtors)

.rel.got
 *(.rel.got)

.rela.got
 *(.rela.got)

.rel.bss
 *(.rel.bss)

.rela.bss
 *(.rela.bss)

.rel.plt
 *(.rel.plt)

.rela.plt
 *(.rela.plt)

.text           0x0000000000000000     0xcf98
 *(.vectors)
 .vectors       0x0000000000000000      0x134 /usr/lib/gcc/avr/5.4.0/../../../avr/lib/avr6/crtatmega256rfr2.o
                0x0000000000000000                __vectors
                0x0000000000000000                __vector_default
 *(.vectors)
 *(.progmem.gcc*)
 .progmem.gcc_sw_table.set_value
                0x0000000000000134       0x10 contiki-avr-rss2.a(rf230bb.o)
 .progmem.gcc_sw_table.get_value
                0x0000000000000144       0x22 contiki-avr-rss2.a(rf230bb.o)
                0x0000000000000166                . = ALIGN (0x2)
                0x0000000000000166                __trampolines_start = .
 *(.trampolines)
 .trampolines   0x0000000000000166      0x1a8 linker stubs
 *(.trampolines*)
                0x000000000000030e                __trampolines_end = .
 *libprintf_flt.a:*(.progmem.data)
 .progmem.data  0x000000000000030e        0x8 /usr/lib/gcc/avr/5.4.0/../../../avr/lib/avr6/libprintf_flt.a(vfprintf_flt.o)
 *libc.a:*(.progmem.data)
 .progmem.data  0x0000000000000316       0xfa /usr/lib/gcc/avr/5.4.0/../../../avr/lib/avr6/libc.a(ftoa_engine.o)
 *(.progmem*)
 .progmem.data.__c.4499
                0x0000000000000410       0x1d contiki-avr-rss2.a(contiki-main.o)
 .progmem.data.__c.4492
                0x000000000000042d        0x8 contiki-avr-rss2.a(contiki-main.o)
 .progmem.data.__c.4490
                0x0000000000000435       0x11 contiki-avr-rss2.a(contiki-main.o)
 .progmem.data.__c.4488
                0x0000000000000446       0x54 contiki-avr-rss2.a(contiki-main.o)
 .progmem.data.__c.4486
                0x000000000000049a        0x2 contiki-avr-rss2.a(contiki-main.o)
 .progmem.data.__c.4481
                0x000000000000049c        0x4 contiki-avr-rss2.a(contiki-main.o)
 .progmem.data.__c.4478
                0x00000000000004a0        0xd contiki-avr-rss2.a(contiki-main.o)
 .progmem.data.__c.4474
                0x00000000000004ad       0x3c contiki-avr-rss2.a(contiki-main.o)
 .progmem.data.__c.4247
                0x00000000000004e9       0x2d contiki-avr-rss2.a(params.o)
 .progmem.data.default_domain_name
                0x0000000000000516        0xa contiki-avr-rss2.a(params.o)
                0x0000000000000516                default_domain_name
 .progmem.data.default_server_name
                0x0000000000000520        0xe contiki-avr-rss2.a(params.o)
                0x0000000000000520                default_server_name
 .progmem.data.default_mac_address
                0x000000000000052e        0x8 contiki-avr-rss2.a(params.o)
                0x000000000000052e                default_mac_address
                0x0000000000000536                . = ALIGN (0x2)
 *(.jumptables)
 *(.jumptables*)
 *(.lowtext)
 *(.lowtext*)
                0x0000000000000536                __ctors_start = .
 *(.ctors)
                0x0000000000000536                __ctors_end = .
                0x0000000000000536                __dtors_start = .
 *(.dtors)
                0x0000000000000536                __dtors_end = .
 SORT(*)(.ctors)
 SORT(*)(.dtors)
 *(.init0)
 .init0         0x0000000000000536        0x0 /usr/lib/gcc/avr/5.4.0/../../../avr/lib/avr6/crtatmega256rfr2.o
                0x0000000000000536                __init
 *(.init0)
 *(.init1)
 *(.init1)
 *(.init2)
 .init2         0x0000000000000536       0x10 /usr/lib/gcc/avr/5.4.0/../../../avr/lib/avr6/crtatmega256rfr2.o
 *(.init2)
 *(.init3)
 *(.init3)
 *(.init4)
 .init4         0x0000000000000546       0x1a /usr/lib/gcc/avr/5.4.0/avr6/libgcc.a(_copy_data.o)
                0x0000000000000546                __do_copy_data
 .init4         0x0000000000000560       0x10 /usr/lib/gcc/avr/5.4.0/avr6/libgcc.a(_clear_bss.o)
                0x0000000000000560                __do_clear_bss
 *(.init4)
 *(.init5)
 *(.init5)
 *(.init6)
 *(.init6)
 *(.init7)
 *(.init7)
 *(.init8)
 *(.init8)
 *(.init9)
 .init9         0x0000000000000570        0x8 /usr/lib/gcc/avr/5.4.0/../../../avr/lib/avr6/crtatmega256rfr2.o
 *(.init9)
 *(.text)
 .text          0x0000000000000578        0x4 /usr/lib/gcc/avr/5.4.0/../../../avr/lib/avr6/crtatmega256rfr2.o
                0x0000000000000578                __vector_38
                0x0000000000000578                __vector_22
                0x0000000000000578                __vector_28
                0x0000000000000578                __vector_67
                0x0000000000000578                __vector_1
                0x0000000000000578                __vector_75
                0x0000000000000578                __vector_71
                0x0000000000000578                __vector_34
                0x0000000000000578                __vector_24
                0x0000000000000578                __vector_12
                0x0000000000000578                __vector_55
                0x0000000000000578                __vector_69
                0x0000000000000578                __vector_46
                0x0000000000000578                __bad_interrupt
                0x0000000000000578                __vector_72
                0x0000000000000578                __vector_6
                0x0000000000000578                __vector_31
                0x0000000000000578                __vector_35
                0x0000000000000578                __vector_74
                0x0000000000000578                __vector_39
                0x0000000000000578                __vector_23
                0x0000000000000578                __vector_68
                0x0000000000000578                __vector_30
                0x0000000000000578                __vector_73
                0x0000000000000578                __vector_45
                0x0000000000000578                __vector_11
                0x0000000000000578                __vector_54
                0x0000000000000578                __vector_17
                0x0000000000000578                __vector_19
                0x0000000000000578                __vector_56
                0x0000000000000578                __vector_7
                0x0000000000000578                __vector_49
                0x0000000000000578                __vector_41
                0x0000000000000578                __vector_43
                0x0000000000000578                __vector_27
                0x0000000000000578                __vector_5
                0x0000000000000578                __vector_33
                0x0000000000000578                __vector_76
                0x0000000000000578                __vector_47
                0x0000000000000578                __vector_52
                0x0000000000000578                __vector_37
                0x0000000000000578                __vector_44
                0x0000000000000578                __vector_51
                0x0000000000000578                __vector_9
                0x0000000000000578                __vector_2
                0x0000000000000578                __vector_21
                0x0000000000000578                __vector_15
                0x0000000000000578                __vector_66
                0x0000000000000578                __vector_70
                0x0000000000000578                __vector_29
                0x0000000000000578                __vector_40
                0x0000000000000578                __vector_8
                0x0000000000000578                __vector_26
                0x0000000000000578                __vector_48
                0x0000000000000578                __vector_14
                0x0000000000000578                __vector_53
                0x0000000000000578                __vector_10
                0x0000000000000578                __vector_50
                0x0000000000000578                __vector_16
                0x0000000000000578                __vector_18
                0x0000000000000578                __vector_20
                0x0000000000000578                __vector_42
                0x0000000000000578                __vector_65
                0x000000000000057c                . = ALIGN (0x2)
 *(.text.*)
 .text.process_thread_buffer_process
                0x000000000000057c        0xa wimea-ict-rss2.co
 .text.process_thread_broadcast_data_process
                0x0000000000000586      0x1f2 wimea-ict-rss2.co
 .text.broadcast_recv
                0x0000000000000778       0x98 wimea-ict-rss2.co
 .text.process_thread_mcu_sleep_process
                0x0000000000000810       0x7a wimea-ict-rss2.co
 .text.process_thread_powertrace_process
                0x000000000000088a      0x368 wimea-ict-rss2.co
 .text.return_alias.part.0
                0x0000000000000bf2       0x1a wimea-ict-rss2.co
 .text.get_fattime
                0x0000000000000c0c      0x142 wimea-ict-rss2.co
                0x0000000000000c0c                get_fattime
 .text.print_help_command_menu
                0x0000000000000d4e      0x116 wimea-ict-rss2.co
                0x0000000000000d4e                print_help_command_menu
 .text.display_reporting_interval
                0x0000000000000e64       0xac wimea-ict-rss2.co
                0x0000000000000e64                display_reporting_interval
 .text.display_powertrace_interval
                0x0000000000000f10       0x26 wimea-ict-rss2.co
                0x0000000000000f10                display_powertrace_interval
 .text.change_powertrace_interval
                0x0000000000000f36       0x56 wimea-ict-rss2.co
                0x0000000000000f36                change_powertrace_interval
 .text.show_report_interval
                0x0000000000000f8c       0x98 wimea-ict-rss2.co
                0x0000000000000f8c                show_report_interval
 .text.change_reporting_interval
                0x0000000000001024       0xb8 wimea-ict-rss2.co
                0x0000000000001024                change_reporting_interval
 .text.display_system_uptime
                0x00000000000010dc       0xb8 wimea-ict-rss2.co
                0x00000000000010dc                display_system_uptime
 .text.change_node_name
                0x0000000000001194       0x76 wimea-ict-rss2.co
                0x0000000000001194                change_node_name
 .text.display_node_name
                0x000000000000120a       0x74 wimea-ict-rss2.co
                0x000000000000120a                display_node_name
 .text.return_time
                0x000000000000127e       0x7c wimea-ict-rss2.co
                0x000000000000127e                return_time
 .text.return_date
                0x00000000000012fa       0x7c wimea-ict-rss2.co
                0x00000000000012fa                return_date
 .text.set_datetime
                0x0000000000001376      0x186 wimea-ict-rss2.co
                0x0000000000001376                set_datetime
 .text.set_default_report0mask
                0x00000000000014fc       0x16 wimea-ict-rss2.co
                0x00000000000014fc                set_default_report0mask
 .text.set_default_report1mask
                0x0000000000001512       0x16 wimea-ict-rss2.co
                0x0000000000001512                set_default_report1mask
 .text.set_default_report2mask
                0x0000000000001528       0x16 wimea-ict-rss2.co
                0x0000000000001528                set_default_report2mask
 .text.set_default_report3mask
                0x000000000000153e       0x16 wimea-ict-rss2.co
                0x000000000000153e                set_default_report3mask
 .text.process_thread_default_config_process
                0x0000000000001554      0x338 wimea-ict-rss2.co
 .text.display_tagmask
                0x000000000000188c       0xf4 wimea-ict-rss2.co
                0x000000000000188c                display_tagmask
 .text.trim     0x0000000000001980       0x5e wimea-ict-rss2.co
                0x0000000000001980                trim
 .text.set_alias
                0x00000000000019de       0x56 wimea-ict-rss2.co
                0x00000000000019de                set_alias
 .text.return_alias
                0x0000000000001a34       0x22 wimea-ict-rss2.co
                0x0000000000001a34                return_alias
 .text.display_system_information
                0x0000000000001a56      0x180 wimea-ict-rss2.co
                0x0000000000001a56                display_system_information
 .text.change_alias
                0x0000000000001bd6       0xfc wimea-ict-rss2.co
                0x0000000000001bd6                change_alias
 .text.auto_set_report_mask
                0x0000000000001cd2      0x4a0 wimea-ict-rss2.co
                0x0000000000001cd2                auto_set_report_mask
 .text.removefromreportmask
                0x0000000000002172      0x32a wimea-ict-rss2.co
                0x0000000000002172                removefromreportmask
 .text.add2reportmask
                0x000000000000249c      0x2d6 wimea-ict-rss2.co
                0x000000000000249c                add2reportmask
 .text.process_thread_serial_input_process
                0x0000000000002772      0x4d4 wimea-ict-rss2.co
 .text.error_log
                0x0000000000002c46       0x58 wimea-ict-rss2.co
                0x0000000000002c46                error_log
 .text.read_sensor_values_report0
                0x0000000000002c9e      0x90c wimea-ict-rss2.co
                0x0000000000002c9e                read_sensor_values_report0
 .text.read_sensor_values_report2
                0x00000000000035aa      0x836 wimea-ict-rss2.co
                0x00000000000035aa                read_sensor_values_report2
 .text.read_sensor_values_report3
                0x0000000000003de0      0x866 wimea-ict-rss2.co
                0x0000000000003de0                read_sensor_values_report3
 .text.check_sensor_connection
                0x0000000000004646      0x2ee wimea-ict-rss2.co
                0x0000000000004646                check_sensor_connection
 .text.process_thread_sensor_data_process_report0
                0x0000000000004934      0x1d8 wimea-ict-rss2.co
 .text.process_thread_sensor_data_process_report1
                0x0000000000004b0c       0xec wimea-ict-rss2.co
 .text.process_thread_sensor_data_process_report2
                0x0000000000004bf8      0x126 wimea-ict-rss2.co
 .text.process_thread_sensor_data_process_report3
                0x0000000000004d1e      0x130 wimea-ict-rss2.co
 .text.powertrace_print1
                0x0000000000004e4e      0x2ac contiki-avr-rss2.a(powertrace.o)
                0x0000000000004e4e                powertrace_print1
 .text.rng_get_uint8
                0x00000000000050fa       0x2c contiki-avr-rss2.a(contiki-main.o)
                0x00000000000050fa                rng_get_uint8
 .text.print_mcusr
                0x0000000000005126       0x56 contiki-avr-rss2.a(contiki-main.o)
                0x0000000000005126                print_mcusr
 .text.initialize
                0x000000000000517c      0x2c2 contiki-avr-rss2.a(contiki-main.o)
                0x000000000000517c                initialize
 .text.startup.main
                0x000000000000543e       0xd6 contiki-avr-rss2.a(contiki-main.o)
                0x000000000000543e                main
 .text.params_get_channel
                0x0000000000005514      0x11c contiki-avr-rss2.a(params.o)
                0x0000000000005514                params_get_channel
 .text.params_get_panid
                0x0000000000005630        0x8 contiki-avr-rss2.a(params.o)
                0x0000000000005630                params_get_panid
 .text.params_get_panaddr
                0x0000000000005638        0x8 contiki-avr-rss2.a(params.o)
                0x0000000000005638                params_get_panaddr
 .text.params_get_txpower
                0x0000000000005640        0x8 contiki-avr-rss2.a(params.o)
                0x0000000000005640                params_get_txpower
 .text.value    0x0000000000005648       0x3a contiki-avr-rss2.a(battery-sensor.)
 .text.configure
                0x0000000000005682        0x6 contiki-avr-rss2.a(battery-sensor.)
 .text.status   0x0000000000005688        0x6 contiki-avr-rss2.a(battery-sensor.)
 .text.i2c_init
                0x000000000000568e       0x2c contiki-avr-rss2.a(i2c.o)
                0x000000000000568e                i2c_init
 .text.i2c_start
                0x00000000000056ba       0x68 contiki-avr-rss2.a(i2c.o)
                0x00000000000056ba                i2c_start
 .text.i2c_start_wait
                0x0000000000005722       0x4e contiki-avr-rss2.a(i2c.o)
                0x0000000000005722                i2c_start_wait
 .text.i2c_stop
                0x0000000000005770       0x10 contiki-avr-rss2.a(i2c.o)
                0x0000000000005770                i2c_stop
 .text.i2c_write1
                0x0000000000005780       0x22 contiki-avr-rss2.a(i2c.o)
                0x0000000000005780                i2c_write1
 .text.i2c_send
                0x00000000000057a2       0x1a contiki-avr-rss2.a(i2c.o)
                0x00000000000057a2                i2c_send
 .text.i2c_write
                0x00000000000057bc       0x14 contiki-avr-rss2.a(i2c.o)
                0x00000000000057bc                i2c_write
 .text.i2c_write_mem
                0x00000000000057d0       0x20 contiki-avr-rss2.a(i2c.o)
                0x00000000000057d0                i2c_write_mem
 .text.i2c_readAck
                0x00000000000057f0       0x14 contiki-avr-rss2.a(i2c.o)
                0x00000000000057f0                i2c_readAck
 .text.i2c_readNak
                0x0000000000005804       0x14 contiki-avr-rss2.a(i2c.o)
                0x0000000000005804                i2c_readNak
 .text.i2c_read_mem
                0x0000000000005818       0x74 contiki-avr-rss2.a(i2c.o)
                0x0000000000005818                i2c_read_mem
 .text.i2c_at24mac_read
                0x000000000000588c       0x16 contiki-avr-rss2.a(i2c.o)
                0x000000000000588c                i2c_at24mac_read
 .text.i2c_probe
                0x00000000000058a2       0x74 contiki-avr-rss2.a(i2c.o)
                0x00000000000058a2                i2c_probe
 .text.leds_on  0x0000000000005916        0xa contiki-avr-rss2.a(leds.o)
                0x0000000000005916                leds_on
 .text.leds_off
                0x0000000000005920        0xa contiki-avr-rss2.a(leds.o)
                0x0000000000005920                leds_off
 .text.leds_init
                0x000000000000592a        0xa contiki-avr-rss2.a(leds.o)
                0x000000000000592a                leds_init
 .text.value    0x0000000000005934       0x9a contiki-avr-rss2.a(temp_mcu-sensor)
 .text.configure
                0x00000000000059ce        0x6 contiki-avr-rss2.a(temp_mcu-sensor)
 .text.status   0x00000000000059d4        0x6 contiki-avr-rss2.a(temp_mcu-sensor)
 .text.adc_read
                0x00000000000059da       0x96 contiki-avr-rss2.a(adc.o)
                0x00000000000059da                adc_read
 .text.adc_read_v_in
                0x0000000000005a70       0x2a contiki-avr-rss2.a(adc.o)
                0x0000000000005a70                adc_read_v_in
 .text.adc_read_a1
                0x0000000000005a9a       0x1e contiki-avr-rss2.a(adc.o)
                0x0000000000005a9a                adc_read_a1
 .text.adc_read_a2
                0x0000000000005ab8       0x1e contiki-avr-rss2.a(adc.o)
                0x0000000000005ab8                adc_read_a2
 .text.status   0x0000000000005ad6        0x6 contiki-avr-rss2.a(pulse-sensor.o)
 .text.value    0x0000000000005adc       0x30 contiki-avr-rss2.a(pulse-sensor.o)
 .text.configure
                0x0000000000005b0c       0x2e contiki-avr-rss2.a(pulse-sensor.o)
 .text.__vector_3
                0x0000000000005b3a       0x40 contiki-avr-rss2.a(pulse-sensor.o)
                0x0000000000005b3a                __vector_3
 .text.__vector_4
                0x0000000000005b7a       0x2a contiki-avr-rss2.a(pulse-sensor.o)
                0x0000000000005b7a                __vector_4
 .text.status   0x0000000000005ba4        0x6 contiki-avr-rss2.a(temp-sensor.o)
 .text.ds18b20_probe
                0x0000000000005baa       0x30 contiki-avr-rss2.a(temp-sensor.o)
                0x0000000000005baa                ds18b20_probe
 .text.configure
                0x0000000000005bda        0xa contiki-avr-rss2.a(temp-sensor.o)
 .text.write_bit
                0x0000000000005be4       0x2e contiki-avr-rss2.a(temp-sensor.o)
                0x0000000000005be4                write_bit
 .text.read_bit
                0x0000000000005c12       0x3a contiki-avr-rss2.a(temp-sensor.o)
                0x0000000000005c12                read_bit
 .text.read_byte
                0x0000000000005c4c       0x2e contiki-avr-rss2.a(temp-sensor.o)
                0x0000000000005c4c                read_byte
 .text.write_byte
                0x0000000000005c7a       0x36 contiki-avr-rss2.a(temp-sensor.o)
                0x0000000000005c7a                write_byte
 .text.crc8_ds18b20
                0x0000000000005cb0       0x2e contiki-avr-rss2.a(temp-sensor.o)
                0x0000000000005cb0                crc8_ds18b20
 .text.ds18b20_get_temp
                0x0000000000005cde       0xe2 contiki-avr-rss2.a(temp-sensor.o)
                0x0000000000005cde                ds18b20_get_temp
 .text.value    0x0000000000005dc0       0x46 contiki-avr-rss2.a(temp-sensor.o)
 .text.status   0x0000000000005e06        0x6 contiki-avr-rss2.a(ds1307.o)
 .text.DS1307_init
                0x0000000000005e0c       0x28 contiki-avr-rss2.a(ds1307.o)
                0x0000000000005e0c                DS1307_init
 .text.bcd_to_dec
                0x0000000000005e34       0x12 contiki-avr-rss2.a(ds1307.o)
                0x0000000000005e34                bcd_to_dec
 .text.dec_to_bcd
                0x0000000000005e46       0x12 contiki-avr-rss2.a(ds1307.o)
                0x0000000000005e46                dec_to_bcd
 .text.set_seconds
                0x0000000000005e58        0xe contiki-avr-rss2.a(ds1307.o)
                0x0000000000005e58                set_seconds
 .text.set_minutes
                0x0000000000005e66        0xe contiki-avr-rss2.a(ds1307.o)
                0x0000000000005e66                set_minutes
 .text.set_hours
                0x0000000000005e74        0xe contiki-avr-rss2.a(ds1307.o)
                0x0000000000005e74                set_hours
 .text.set_day  0x0000000000005e82        0xe contiki-avr-rss2.a(ds1307.o)
                0x0000000000005e82                set_day
 .text.set_month
                0x0000000000005e90        0xe contiki-avr-rss2.a(ds1307.o)
                0x0000000000005e90                set_month
 .text.set_year
                0x0000000000005e9e        0xe contiki-avr-rss2.a(ds1307.o)
                0x0000000000005e9e                set_year
 .text.configure
                0x0000000000005eac       0x4e contiki-avr-rss2.a(ds1307.o)
 .text.get_seconds
                0x0000000000005efa       0x26 contiki-avr-rss2.a(ds1307.o)
                0x0000000000005efa                get_seconds
 .text.get_minutes
                0x0000000000005f20       0x26 contiki-avr-rss2.a(ds1307.o)
                0x0000000000005f20                get_minutes
 .text.get_hours
                0x0000000000005f46       0x26 contiki-avr-rss2.a(ds1307.o)
                0x0000000000005f46                get_hours
 .text.get_day  0x0000000000005f6c       0x26 contiki-avr-rss2.a(ds1307.o)
                0x0000000000005f6c                get_day
 .text.get_month
                0x0000000000005f92       0x26 contiki-avr-rss2.a(ds1307.o)
                0x0000000000005f92                get_month
 .text.get_year
                0x0000000000005fb8       0x2e contiki-avr-rss2.a(ds1307.o)
                0x0000000000005fb8                get_year
 .text.value    0x0000000000005fe6       0x48 contiki-avr-rss2.a(ds1307.o)
 .text.mem_cpy  0x000000000000602e       0x3e contiki-avr-rss2.a(ff.o)
 .text.check_fs
                0x000000000000606c       0x74 contiki-avr-rss2.a(ff.o)
 .text.chk_mounted
                0x00000000000060e0      0x540 contiki-avr-rss2.a(ff.o)
 .text.sync_window.part.3
                0x0000000000006620       0xbc contiki-avr-rss2.a(ff.o)
 .text.sync_window
                0x00000000000066dc       0x10 contiki-avr-rss2.a(ff.o)
 .text.move_window
                0x00000000000066ec       0x78 contiki-avr-rss2.a(ff.o)
 .text.clust2sect
                0x0000000000006764       0x50 contiki-avr-rss2.a(ff.o)
                0x0000000000006764                clust2sect
 .text.get_fat  0x00000000000067b4      0x19e contiki-avr-rss2.a(ff.o)
                0x00000000000067b4                get_fat
 .text.dir_sdi  0x0000000000006952      0x156 contiki-avr-rss2.a(ff.o)
 .text.put_fat  0x0000000000006aa8      0x246 contiki-avr-rss2.a(ff.o)
                0x0000000000006aa8                put_fat
 .text.create_chain
                0x0000000000006cee      0x19e contiki-avr-rss2.a(ff.o)
 .text.dir_next
                0x0000000000006e8c      0x208 contiki-avr-rss2.a(ff.o)
 .text.follow_path
                0x0000000000007094      0x25a contiki-avr-rss2.a(ff.o)
 .text.dir_alloc.part.8.constprop.15
                0x00000000000072ee       0x3c contiki-avr-rss2.a(ff.o)
 .text.dir_register
                0x000000000000732a       0x70 contiki-avr-rss2.a(ff.o)
 .text.remove_chain
                0x000000000000739a       0xea contiki-avr-rss2.a(ff.o)
 .text.f_open   0x0000000000007484      0x266 contiki-avr-rss2.a(ff.o)
                0x0000000000007484                f_open
 .text.status   0x00000000000076ea        0x6 contiki-avr-rss2.a(ms5611.o)
 .text.configure
                0x00000000000076f0        0x6 contiki-avr-rss2.a(ms5611.o)
 .text.cmd_reset
                0x00000000000076f6       0x14 contiki-avr-rss2.a(ms5611.o)
                0x00000000000076f6                cmd_reset
 .text.cmd_adc  0x000000000000770a       0xd6 contiki-avr-rss2.a(ms5611.o)
                0x000000000000770a                cmd_adc
 .text.cmd_prom
                0x00000000000077e0       0x40 contiki-avr-rss2.a(ms5611.o)
                0x00000000000077e0                cmd_prom
 .text.crc4     0x0000000000007820       0x7a contiki-avr-rss2.a(ms5611.o)
                0x0000000000007820                crc4
 .text.value    0x000000000000789a      0x1b8 contiki-avr-rss2.a(ms5611.o)
 .text.missing_p_value
                0x0000000000007a52        0x6 contiki-avr-rss2.a(ms5611.o)
                0x0000000000007a52                missing_p_value
 .text.status   0x0000000000007a58        0x6 contiki-avr-rss2.a(mcp3424.o)
 .text.configure
                0x0000000000007a5e        0x6 contiki-avr-rss2.a(mcp3424.o)
 .text.value    0x0000000000007a64       0x78 contiki-avr-rss2.a(mcp3424.o)
 .text.missing_adc_value
                0x0000000000007adc        0x6 contiki-avr-rss2.a(mcp3424.o)
                0x0000000000007adc                missing_adc_value
 .text.status   0x0000000000007ae2        0x6 contiki-avr-rss2.a(sht25.o)
 .text.configure
                0x0000000000007ae8        0x6 contiki-avr-rss2.a(sht25.o)
 .text.value    0x0000000000007aee      0x106 contiki-avr-rss2.a(sht25.o)
 .text.missing_t_value
                0x0000000000007bf4        0x6 contiki-avr-rss2.a(sht25.o)
                0x0000000000007bf4                missing_t_value
 .text.missing_rh_value
                0x0000000000007bfa        0x6 contiki-avr-rss2.a(sht25.o)
                0x0000000000007bfa                missing_rh_value
 .text.clock_init
                0x0000000000007c00       0x28 contiki-avr-rss2.a(clock.o)
                0x0000000000007c00                clock_init
 .text.clock_time
                0x0000000000007c28       0x34 contiki-avr-rss2.a(clock.o)
                0x0000000000007c28                clock_time
 .text.clock_seconds
                0x0000000000007c5c       0x34 contiki-avr-rss2.a(clock.o)
                0x0000000000007c5c                clock_seconds
 .text.clock_delay_usec
                0x0000000000007c90       0x12 contiki-avr-rss2.a(clock.o)
                0x0000000000007c90                clock_delay_usec
 .text.clock_delay_msec
                0x0000000000007ca2       0x12 contiki-avr-rss2.a(clock.o)
                0x0000000000007ca2                clock_delay_msec
 .text.__vector_13
                0x0000000000007cb4      0x104 contiki-avr-rss2.a(clock.o)
                0x0000000000007cb4                __vector_13
 .text.__vector_25
                0x0000000000007db8       0x5e contiki-avr-rss2.a(rs232.o)
                0x0000000000007db8                __vector_25
 .text.__vector_36
                0x0000000000007e16       0x5e contiki-avr-rss2.a(rs232.o)
                0x0000000000007e16                __vector_36
 .text.rs232_init
                0x0000000000007e74       0x40 contiki-avr-rss2.a(rs232.o)
                0x0000000000007e74                rs232_init
 .text.rs232_send
                0x0000000000007eb4       0x24 contiki-avr-rss2.a(rs232.o)
                0x0000000000007eb4                rs232_send
 .text.rs232_stdout_putchar
                0x0000000000007ed8       0x2a contiki-avr-rss2.a(rs232.o)
                0x0000000000007ed8                rs232_stdout_putchar
 .text.rs232_set_input
                0x0000000000007f02       0x1c contiki-avr-rss2.a(rs232.o)
                0x0000000000007f02                rs232_set_input
 .text.rs232_redirect_stdout
                0x0000000000007f1e       0x12 contiki-avr-rss2.a(rs232.o)
                0x0000000000007f1e                rs232_redirect_stdout
 .text.watchdog_init
                0x0000000000007f30       0x1e contiki-avr-rss2.a(watchdog.o)
                0x0000000000007f30                watchdog_init
 .text.watchdog_start
                0x0000000000007f4e       0x16 contiki-avr-rss2.a(watchdog.o)
                0x0000000000007f4e                watchdog_start
 .text.watchdog_periodic
                0x0000000000007f64        0x4 contiki-avr-rss2.a(watchdog.o)
                0x0000000000007f64                watchdog_periodic
 .text.random_init
                0x0000000000007f68        0x4 contiki-avr-rss2.a(random.o)
                0x0000000000007f68                random_init
 .text.random_rand
                0x0000000000007f6c        0x4 contiki-avr-rss2.a(random.o)
                0x0000000000007f6c                random_rand
 .text.set_object
                0x0000000000007f70        0x6 contiki-avr-rss2.a(rf230bb.o)
 .text.rf230_pending_packet
                0x0000000000007f76        0x8 contiki-avr-rss2.a(rf230bb.o)
 .text.radio_reset_state_machine
                0x0000000000007f7e       0x32 contiki-avr-rss2.a(rf230bb.o)
 .text.set_txpower
                0x0000000000007fb0       0x1e contiki-avr-rss2.a(rf230bb.o)
 .text.get_object
                0x0000000000007fce       0x30 contiki-avr-rss2.a(rf230bb.o)
 .text.rf230_isidle
                0x0000000000007ffe       0x28 contiki-avr-rss2.a(rf230bb.o)
 .text.rf230_waitidle
                0x0000000000008026       0x12 contiki-avr-rss2.a(rf230bb.o)
 .text.radio_off
                0x0000000000008038      0x124 contiki-avr-rss2.a(rf230bb.o)
 .text.rf230_off
                0x000000000000815c       0x16 contiki-avr-rss2.a(rf230bb.o)
 .text.rf230_receiving_packet
                0x0000000000008172       0x26 contiki-avr-rss2.a(rf230bb.o)
 .text.rf230_prepare
                0x0000000000008198       0x32 contiki-avr-rss2.a(rf230bb.o)
 .text.rf230_get_panid
                0x00000000000081ca       0x14 contiki-avr-rss2.a(rf230bb.o)
                0x00000000000081ca                rf230_get_panid
 .text.radio_get_trx_state
                0x00000000000081de        0xc contiki-avr-rss2.a(rf230bb.o)
                0x00000000000081de                radio_get_trx_state
 .text.radio_set_trx_state
                0x00000000000081ea       0xd0 contiki-avr-rss2.a(rf230bb.o)
 .text.radio_on
                0x00000000000082ba       0x68 contiki-avr-rss2.a(rf230bb.o)
 .text.rf230_on
                0x0000000000008322       0x12 contiki-avr-rss2.a(rf230bb.o)
 .text.rf230_cca
                0x0000000000008334      0x126 contiki-avr-rss2.a(rf230bb.o)
 .text.rf230_set_rpc
                0x000000000000845a        0x6 contiki-avr-rss2.a(rf230bb.o)
                0x000000000000845a                rf230_set_rpc
 .text.rf230_warm_reset
                0x0000000000008460       0x46 contiki-avr-rss2.a(rf230bb.o)
                0x0000000000008460                rf230_warm_reset
 .text.rf230_init
                0x00000000000084a6       0x74 contiki-avr-rss2.a(rf230bb.o)
                0x00000000000084a6                rf230_init
 .text.rf230_get_channel
                0x000000000000851a        0x6 contiki-avr-rss2.a(rf230bb.o)
                0x000000000000851a                rf230_get_channel
 .text.rf230_set_channel
                0x0000000000008520       0x1c contiki-avr-rss2.a(rf230bb.o)
                0x0000000000008520                rf230_set_channel
 .text.set_value
                0x000000000000853c       0xe0 contiki-avr-rss2.a(rf230bb.o)
 .text.rf230_set_pan_addr
                0x000000000000861c       0x48 contiki-avr-rss2.a(rf230bb.o)
                0x000000000000861c                rf230_set_pan_addr
 .text.rf230_get_last_rx_packet_timestamp
                0x0000000000008664       0x12 contiki-avr-rss2.a(rf230bb.o)
                0x0000000000008664                rf230_get_last_rx_packet_timestamp
 .text.rf230_interrupt
                0x0000000000008676       0x26 contiki-avr-rss2.a(rf230bb.o)
                0x0000000000008676                rf230_interrupt
 .text.flushrx  0x000000000000869c       0x26 contiki-avr-rss2.a(rf230bb.o)
 .text.rf230_read
                0x00000000000086c2       0x92 contiki-avr-rss2.a(rf230bb.o)
 .text.process_thread_rf230_process
                0x0000000000008754      0x154 contiki-avr-rss2.a(rf230bb.o)
 .text.rf230_set_txpower
                0x00000000000088a8        0x4 contiki-avr-rss2.a(rf230bb.o)
                0x00000000000088a8                rf230_set_txpower
 .text.rf230_get_txpower
                0x00000000000088ac       0x18 contiki-avr-rss2.a(rf230bb.o)
                0x00000000000088ac                rf230_get_txpower
 .text.rf230_transmit
                0x00000000000088c4      0x254 contiki-avr-rss2.a(rf230bb.o)
 .text.rf230_send
                0x0000000000008b18       0x32 contiki-avr-rss2.a(rf230bb.o)
 .text.rf230_get_raw_rssi
                0x0000000000008b4a       0x48 contiki-avr-rss2.a(rf230bb.o)
                0x0000000000008b4a                rf230_get_raw_rssi
 .text.get_value
                0x0000000000008b92       0xca contiki-avr-rss2.a(rf230bb.o)
 .text.hal_init
                0x0000000000008c5c        0x2 contiki-avr-rss2.a(halbb.o)
                0x0000000000008c5c                hal_init
 .text.hal_subregister_read
                0x0000000000008c5e       0x16 contiki-avr-rss2.a(halbb.o)
                0x0000000000008c5e                hal_subregister_read
 .text.hal_subregister_write
                0x0000000000008c74       0x38 contiki-avr-rss2.a(halbb.o)
                0x0000000000008c74                hal_subregister_write
 .text.hal_frame_read
                0x0000000000008cac       0x54 contiki-avr-rss2.a(halbb.o)
                0x0000000000008cac                hal_frame_read
 .text.hal_frame_write
                0x0000000000008d00       0x1c contiki-avr-rss2.a(halbb.o)
                0x0000000000008d00                hal_frame_write
 .text.__vector_60
                0x0000000000008d1c       0x70 contiki-avr-rss2.a(halbb.o)
                0x0000000000008d1c                __vector_60
 .text.__vector_59
                0x0000000000008d8c       0x50 contiki-avr-rss2.a(halbb.o)
                0x0000000000008d8c                __vector_59
 .text.__vector_64
                0x0000000000008ddc       0x18 contiki-avr-rss2.a(halbb.o)
                0x0000000000008ddc                __vector_64
 .text.__vector_63
                0x0000000000008df4       0x18 contiki-avr-rss2.a(halbb.o)
                0x0000000000008df4                __vector_63
 .text.__vector_62
                0x0000000000008e0c       0x14 contiki-avr-rss2.a(halbb.o)
                0x0000000000008e0c                __vector_62
 .text.__vector_58
                0x0000000000008e20       0x14 contiki-avr-rss2.a(halbb.o)
                0x0000000000008e20                __vector_58
 .text.__vector_57
                0x0000000000008e34       0x14 contiki-avr-rss2.a(halbb.o)
                0x0000000000008e34                __vector_57
 .text.__vector_61
                0x0000000000008e48       0x18 contiki-avr-rss2.a(halbb.o)
                0x0000000000008e48                __vector_61
 .text.process_thread_ctimer_process
                0x0000000000008e60       0xcc contiki-avr-rss2.a(ctimer.o)
 .text.ctimer_init
                0x0000000000008f2c       0x18 contiki-avr-rss2.a(ctimer.o)
                0x0000000000008f2c                ctimer_init
 .text.ctimer_set_with_process
                0x0000000000008f44       0x66 contiki-avr-rss2.a(ctimer.o)
                0x0000000000008f44                ctimer_set_with_process
 .text.ctimer_set
                0x0000000000008faa       0x1e contiki-avr-rss2.a(ctimer.o)
                0x0000000000008faa                ctimer_set
 .text.autostart_start
                0x0000000000008fc8       0x1e contiki-avr-rss2.a(autostart.o)
                0x0000000000008fc8                autostart_start
 .text.energest_init
                0x0000000000008fe6       0x2c contiki-avr-rss2.a(energest.o)
                0x0000000000008fe6                energest_init
 .text.energest_type_time
                0x0000000000009012       0x6c contiki-avr-rss2.a(energest.o)
                0x0000000000009012                energest_type_time
 .text.energest_flush
                0x000000000000907e       0x5c contiki-avr-rss2.a(energest.o)
                0x000000000000907e                energest_flush
 .text.update_time
                0x00000000000090da       0xba contiki-avr-rss2.a(etimer.o)
 .text.etimer_request_poll
                0x0000000000009194        0x8 contiki-avr-rss2.a(etimer.o)
                0x0000000000009194                etimer_request_poll
 .text.process_thread_etimer_process
                0x000000000000919c      0x106 contiki-avr-rss2.a(etimer.o)
 .text.add_timer
                0x00000000000092a2       0x5e contiki-avr-rss2.a(etimer.o)
 .text.etimer_set
                0x0000000000009300       0x14 contiki-avr-rss2.a(etimer.o)
                0x0000000000009300                etimer_set
 .text.etimer_reset
                0x0000000000009314       0x14 contiki-avr-rss2.a(etimer.o)
                0x0000000000009314                etimer_reset
 .text.etimer_expired
                0x0000000000009328       0x16 contiki-avr-rss2.a(etimer.o)
                0x0000000000009328                etimer_expired
 .text.etimer_pending
                0x000000000000933e       0x16 contiki-avr-rss2.a(etimer.o)
                0x000000000000933e                etimer_pending
 .text.call_process.part.0
                0x0000000000009354       0x54 contiki-avr-rss2.a(process.o)
 .text.call_process
                0x00000000000093a8        0xc contiki-avr-rss2.a(process.o)
 .text.exit_process
                0x00000000000093b4       0xd6 contiki-avr-rss2.a(process.o)
 .text.do_poll  0x000000000000948a       0x3e contiki-avr-rss2.a(process.o)
 .text.process_alloc_event
                0x00000000000094c8        0xe contiki-avr-rss2.a(process.o)
                0x00000000000094c8                process_alloc_event
 .text.process_init
                0x00000000000094d6       0x20 contiki-avr-rss2.a(process.o)
                0x00000000000094d6                process_init
 .text.process_run
                0x00000000000094f6       0xaa contiki-avr-rss2.a(process.o)
                0x00000000000094f6                process_run
 .text.process_post
                0x00000000000095a0       0x3a contiki-avr-rss2.a(process.o)
                0x00000000000095a0                process_post
 .text.process_post_synch
                0x00000000000095da       0x1e contiki-avr-rss2.a(process.o)
                0x00000000000095da                process_post_synch
 .text.process_start
                0x00000000000095f8       0x42 contiki-avr-rss2.a(process.o)
                0x00000000000095f8                process_start
 .text.process_poll
                0x000000000000963a       0x18 contiki-avr-rss2.a(process.o)
                0x000000000000963a                process_poll
 .text.rtimer_init
                0x0000000000009652        0x4 contiki-avr-rss2.a(rtimer.o)
                0x0000000000009652                rtimer_init
 .text.rtimer_run_next
                0x0000000000009656       0x3e contiki-avr-rss2.a(rtimer.o)
                0x0000000000009656                rtimer_run_next
 .text.timer_set
                0x0000000000009694       0x20 contiki-avr-rss2.a(timer.o)
                0x0000000000009694                timer_set
 .text.timer_reset
                0x00000000000096b4       0x24 contiki-avr-rss2.a(timer.o)
                0x00000000000096b4                timer_reset
 .text.timer_expired
                0x00000000000096d8       0x56 contiki-avr-rss2.a(timer.o)
                0x00000000000096d8                timer_expired
 .text.process_thread_serial_line_process
                0x000000000000972e      0x136 contiki-avr-rss2.a(serial-line.o)
 .text.serial_line_input_byte
                0x0000000000009864       0x48 contiki-avr-rss2.a(serial-line.o)
                0x0000000000009864                serial_line_input_byte
 .text.serial_line_init
                0x00000000000098ac       0x1a contiki-avr-rss2.a(serial-line.o)
                0x00000000000098ac                serial_line_init
 .text.ringbuf_init
                0x00000000000098c6       0x10 contiki-avr-rss2.a(ringbuf.o)
                0x00000000000098c6                ringbuf_init
 .text.ringbuf_put
                0x00000000000098d6       0x40 contiki-avr-rss2.a(ringbuf.o)
                0x00000000000098d6                ringbuf_put
 .text.ringbuf_get
                0x0000000000009916       0x3a contiki-avr-rss2.a(ringbuf.o)
                0x0000000000009916                ringbuf_get
 .text.list_init
                0x0000000000009950        0x8 contiki-avr-rss2.a(list.o)
                0x0000000000009950                list_init
 .text.list_head
                0x0000000000009958        0x8 contiki-avr-rss2.a(list.o)
                0x0000000000009958                list_head
 .text.list_tail
                0x0000000000009960       0x20 contiki-avr-rss2.a(list.o)
                0x0000000000009960                list_tail
 .text.list_remove
                0x0000000000009980       0x36 contiki-avr-rss2.a(list.o)
                0x0000000000009980                list_remove
 .text.list_add
                0x00000000000099b6       0x32 contiki-avr-rss2.a(list.o)
                0x00000000000099b6                list_add
 .text.list_item_next
                0x00000000000099e8       0x12 contiki-avr-rss2.a(list.o)
                0x00000000000099e8                list_item_next
 .text.sent_by_abc
                0x00000000000099fa       0x18 contiki-avr-rss2.a(broadcast.o)
 .text.recv_from_abc
                0x0000000000009a12       0x4e contiki-avr-rss2.a(broadcast.o)
 .text.broadcast_open
                0x0000000000009a60       0x36 contiki-avr-rss2.a(broadcast.o)
                0x0000000000009a60                broadcast_open
 .text.broadcast_close
                0x0000000000009a96        0x4 contiki-avr-rss2.a(broadcast.o)
                0x0000000000009a96                broadcast_close
 .text.broadcast_send
                0x0000000000009a9a       0x1a contiki-avr-rss2.a(broadcast.o)
                0x0000000000009a9a                broadcast_send
 .text.packet_sent
                0x0000000000009ab4       0x52 contiki-avr-rss2.a(rime.o)
 .text.input    0x0000000000009b06       0x4c contiki-avr-rss2.a(rime.o)
 .text.init     0x0000000000009b52       0x4e contiki-avr-rss2.a(rime.o)
 .text.rime_output
                0x0000000000009ba0       0x2c contiki-avr-rss2.a(rime.o)
                0x0000000000009ba0                rime_output
 .text.announcement_init
                0x0000000000009bcc        0x8 contiki-avr-rss2.a(announcement.o)
                0x0000000000009bcc                announcement_init
 .text.announcement_register_observer_callback
                0x0000000000009bd4        0xa contiki-avr-rss2.a(announcement.o)
                0x0000000000009bd4                announcement_register_observer_callback
 .text.announcement_list
                0x0000000000009bde        0x8 contiki-avr-rss2.a(announcement.o)
                0x0000000000009bde                announcement_list
 .text.announcement_heard
                0x0000000000009be6       0x62 contiki-avr-rss2.a(announcement.o)
                0x0000000000009be6                announcement_heard
 .text.send_packet
                0x0000000000009c48        0xa contiki-avr-rss2.a(nullmac.o)
 .text.packet_input
                0x0000000000009c52        0xa contiki-avr-rss2.a(nullmac.o)
 .text.on       0x0000000000009c5c        0xa contiki-avr-rss2.a(nullmac.o)
 .text.off      0x0000000000009c66        0xa contiki-avr-rss2.a(nullmac.o)
 .text.channel_check_interval
                0x0000000000009c70        0x6 contiki-avr-rss2.a(nullmac.o)
 .text.init     0x0000000000009c76        0x2 contiki-avr-rss2.a(nullmac.o)
 .text.on       0x0000000000009c78        0xa contiki-avr-rss2.a(nullrdc.o)
 .text.channel_check_interval
                0x0000000000009c82        0x6 contiki-avr-rss2.a(nullrdc.o)
 .text.init     0x0000000000009c88        0x4 contiki-avr-rss2.a(nullrdc.o)
 .text.send_one_packet
                0x0000000000009c8c       0x98 contiki-avr-rss2.a(nullrdc.o)
 .text.send_list
                0x0000000000009d24       0x40 contiki-avr-rss2.a(nullrdc.o)
 .text.send_packet
                0x0000000000009d64        0x4 contiki-avr-rss2.a(nullrdc.o)
 .text.off      0x0000000000009d68       0x18 contiki-avr-rss2.a(nullrdc.o)
 .text.packet_input
                0x0000000000009d80       0x34 contiki-avr-rss2.a(nullrdc.o)
 .text.queuebuf_init
                0x0000000000009db4       0x10 contiki-avr-rss2.a(queuebuf.o)
                0x0000000000009db4                queuebuf_init
 .text.queuebuf_to_packetbuf
                0x0000000000009dc4       0x44 contiki-avr-rss2.a(queuebuf.o)
                0x0000000000009dc4                queuebuf_to_packetbuf
 .text.packetbuf_hdrreduce
                0x0000000000009e08       0x3a contiki-avr-rss2.a(packetbuf.o)
                0x0000000000009e08                packetbuf_hdrreduce
 .text.packetbuf_set_datalen
                0x0000000000009e42        0xa contiki-avr-rss2.a(packetbuf.o)
                0x0000000000009e42                packetbuf_set_datalen
 .text.packetbuf_hdrptr
                0x0000000000009e4c        0x6 contiki-avr-rss2.a(packetbuf.o)
                0x0000000000009e4c                packetbuf_hdrptr
 .text.packetbuf_datalen
                0x0000000000009e52        0xa contiki-avr-rss2.a(packetbuf.o)
                0x0000000000009e52                packetbuf_datalen
 .text.packetbuf_hdrlen
                0x0000000000009e5c        0xc contiki-avr-rss2.a(packetbuf.o)
                0x0000000000009e5c                packetbuf_hdrlen
 .text.packetbuf_compact
                0x0000000000009e68       0x62 contiki-avr-rss2.a(packetbuf.o)
                0x0000000000009e68                packetbuf_compact
 .text.packetbuf_dataptr
                0x0000000000009eca        0xc contiki-avr-rss2.a(packetbuf.o)
                0x0000000000009eca                packetbuf_dataptr
 .text.packetbuf_totlen
                0x0000000000009ed6       0x16 contiki-avr-rss2.a(packetbuf.o)
                0x0000000000009ed6                packetbuf_totlen
 .text.packetbuf_hdralloc
                0x0000000000009eec       0x4a contiki-avr-rss2.a(packetbuf.o)
                0x0000000000009eec                packetbuf_hdralloc
 .text.packetbuf_attr_clear
                0x0000000000009f36       0x30 contiki-avr-rss2.a(packetbuf.o)
                0x0000000000009f36                packetbuf_attr_clear
 .text.packetbuf_clear
                0x0000000000009f66       0x18 contiki-avr-rss2.a(packetbuf.o)
                0x0000000000009f66                packetbuf_clear
 .text.packetbuf_copyfrom
                0x0000000000009f7e       0x44 contiki-avr-rss2.a(packetbuf.o)
                0x0000000000009f7e                packetbuf_copyfrom
 .text.packetbuf_attr_copyfrom
                0x0000000000009fc2       0x22 contiki-avr-rss2.a(packetbuf.o)
                0x0000000000009fc2                packetbuf_attr_copyfrom
 .text.packetbuf_set_attr
                0x0000000000009fe4       0x16 contiki-avr-rss2.a(packetbuf.o)
                0x0000000000009fe4                packetbuf_set_attr
 .text.packetbuf_attr
                0x0000000000009ffa       0x12 contiki-avr-rss2.a(packetbuf.o)
                0x0000000000009ffa                packetbuf_attr
 .text.packetbuf_set_addr
                0x000000000000a00c       0x14 contiki-avr-rss2.a(packetbuf.o)
                0x000000000000a00c                packetbuf_set_addr
 .text.packetbuf_addr
                0x000000000000a020        0xc contiki-avr-rss2.a(packetbuf.o)
                0x000000000000a020                packetbuf_addr
 .text.packetbuf_holds_broadcast
                0x000000000000a02c        0xc contiki-avr-rss2.a(packetbuf.o)
                0x000000000000a02c                packetbuf_holds_broadcast
 .text.linkaddr_copy
                0x000000000000a038        0xe contiki-avr-rss2.a(linkaddr.o)
                0x000000000000a038                linkaddr_copy
 .text.linkaddr_cmp
                0x000000000000a046       0x18 contiki-avr-rss2.a(linkaddr.o)
                0x000000000000a046                linkaddr_cmp
 .text.linkaddr_set_node_addr
                0x000000000000a05e        0xa contiki-avr-rss2.a(linkaddr.o)
                0x000000000000a05e                linkaddr_set_node_addr
 .text.init     0x000000000000a068        0x2 contiki-avr-rss2.a(nullsec.o)
 .text.input    0x000000000000a06a        0xa contiki-avr-rss2.a(nullsec.o)
 .text.send     0x000000000000a074       0x2c contiki-avr-rss2.a(nullsec.o)
 .text.xmit_mmc
                0x000000000000a0a0       0x80 contiki-avr-rss2.a(diskio.o)
 .text.rcvr_mmc
                0x000000000000a120       0x64 contiki-avr-rss2.a(diskio.o)
 .text.deselect
                0x000000000000a184       0x20 contiki-avr-rss2.a(diskio.o)
 .text.wait_ready
                0x000000000000a1a4       0x4e contiki-avr-rss2.a(diskio.o)
 .text.select   0x000000000000a1f2       0x3e contiki-avr-rss2.a(diskio.o)
 .text.send_cmd
                0x000000000000a230       0xd0 contiki-avr-rss2.a(diskio.o)
 .text.rcvr_datablock
                0x000000000000a300       0x80 contiki-avr-rss2.a(diskio.o)
 .text.xmit_datablock
                0x000000000000a380       0x7a contiki-avr-rss2.a(diskio.o)
 .text.disk_status
                0x000000000000a3fa        0xe contiki-avr-rss2.a(diskio.o)
                0x000000000000a3fa                disk_status
 .text.disk_initialize
                0x000000000000a408      0x15e contiki-avr-rss2.a(diskio.o)
                0x000000000000a408                disk_initialize
 .text.disk_read
                0x000000000000a566       0x98 contiki-avr-rss2.a(diskio.o)
                0x000000000000a566                disk_read
 .text.disk_write
                0x000000000000a5fe       0xc2 contiki-avr-rss2.a(diskio.o)
                0x000000000000a5fe                disk_write
 .text.__vector_32
                0x000000000000a6c0       0xf0 contiki-avr-rss2.a(rtimer-arch.o)
                0x000000000000a6c0                __vector_32
 .text.rtimer_arch_init
                0x000000000000a7b0       0x34 contiki-avr-rss2.a(rtimer-arch.o)
                0x000000000000a7b0                rtimer_arch_init
 .text.rtimer_arch_schedule
                0x000000000000a7e4       0x22 contiki-avr-rss2.a(rtimer-arch.o)
                0x000000000000a7e4                rtimer_arch_schedule
 .text.memb_init
                0x000000000000a806       0x3c contiki-avr-rss2.a(memb.o)
                0x000000000000a806                memb_init
 .text.memb_inmemb
                0x000000000000a842       0x3a contiki-avr-rss2.a(memb.o)
                0x000000000000a842                memb_inmemb
 .text.adv_packet_sent
                0x000000000000a87c        0x2 contiki-avr-rss2.a(broadcast-annou)
 .text.set_timers
                0x000000000000a87e       0x54 contiki-avr-rss2.a(broadcast-annou)
 .text.send_timer
                0x000000000000a8d2       0x4a contiki-avr-rss2.a(broadcast-annou)
 .text.send_adv
                0x000000000000a91c       0x8e contiki-avr-rss2.a(broadcast-annou)
 .text.adv_packet_received
                0x000000000000a9aa       0x86 contiki-avr-rss2.a(broadcast-annou)
 .text.new_announcement
                0x000000000000aa30       0x30 contiki-avr-rss2.a(broadcast-annou)
 .text.broadcast_announcement_init
                0x000000000000aa60       0x72 contiki-avr-rss2.a(broadcast-annou)
                0x000000000000aa60                broadcast_announcement_init
 .text.abc_open
                0x000000000000aad2       0x32 contiki-avr-rss2.a(abc.o)
                0x000000000000aad2                abc_open
 .text.abc_close
                0x000000000000ab04        0x4 contiki-avr-rss2.a(abc.o)
                0x000000000000ab04                abc_close
 .text.abc_send
                0x000000000000ab08        0x4 contiki-avr-rss2.a(abc.o)
                0x000000000000ab08                abc_send
 .text.abc_input
                0x000000000000ab0c       0x18 contiki-avr-rss2.a(abc.o)
                0x000000000000ab0c                abc_input
 .text.abc_sent
                0x000000000000ab24       0x18 contiki-avr-rss2.a(abc.o)
                0x000000000000ab24                abc_sent
 .text.channel_init
                0x000000000000ab3c        0x8 contiki-avr-rss2.a(channel.o)
                0x000000000000ab3c                channel_init
 .text.channel_open
                0x000000000000ab44       0x10 contiki-avr-rss2.a(channel.o)
                0x000000000000ab44                channel_open
 .text.channel_close
                0x000000000000ab54        0xa contiki-avr-rss2.a(channel.o)
                0x000000000000ab54                channel_close
 .text.channel_lookup
                0x000000000000ab5e       0x2e contiki-avr-rss2.a(channel.o)
                0x000000000000ab5e                channel_lookup
 .text.channel_set_attributes
                0x000000000000ab8c       0x2a contiki-avr-rss2.a(channel.o)
                0x000000000000ab8c                channel_set_attributes
 .text.chameleon_init
                0x000000000000abb6        0x4 contiki-avr-rss2.a(chameleon.o)
                0x000000000000abb6                chameleon_init
 .text.chameleon_parse
                0x000000000000abba       0x26 contiki-avr-rss2.a(chameleon.o)
                0x000000000000abba                chameleon_parse
 .text.chameleon_create
                0x000000000000abe0       0x36 contiki-avr-rss2.a(chameleon.o)
                0x000000000000abe0                chameleon_create
 .text.chameleon_hdrsize
                0x000000000000ac16        0xa contiki-avr-rss2.a(chameleon.o)
                0x000000000000ac16                chameleon_hdrsize
 .text.mac_call_sent_callback
                0x000000000000ac20       0x10 contiki-avr-rss2.a(mac.o)
                0x000000000000ac20                mac_call_sent_callback
 .text.parse    0x000000000000ac30       0xda contiki-avr-rss2.a(framer-802154.o)
 .text.create_frame.isra.0
                0x000000000000ad0a      0x156 contiki-avr-rss2.a(framer-802154.o)
 .text.create   0x000000000000ae60        0x8 contiki-avr-rss2.a(framer-802154.o)
 .text.hdr_length
                0x000000000000ae68        0x8 contiki-avr-rss2.a(framer-802154.o)
 .text.get_bits_in_byte
                0x000000000000ae70       0x3c contiki-avr-rss2.a(chameleon-bitop)
 .text.header_size
                0x000000000000aeac       0x18 contiki-avr-rss2.a(chameleon-bitop)
 .text.get_bits
                0x000000000000aec4       0xe6 contiki-avr-rss2.a(chameleon-bitop)
                0x000000000000aec4                get_bits
 .text.unpack_header
                0x000000000000afaa      0x110 contiki-avr-rss2.a(chameleon-bitop)
 .text.set_bits
                0x000000000000b0ba      0x13c contiki-avr-rss2.a(chameleon-bitop)
                0x000000000000b0ba                set_bits
 .text.pack_header
                0x000000000000b1f6       0xfe contiki-avr-rss2.a(chameleon-bitop)
 .text.frame802154_get_pan_id
                0x000000000000b2f4        0xa contiki-avr-rss2.a(frame802154.o)
                0x000000000000b2f4                frame802154_get_pan_id
 .text.frame802154_has_panid
                0x000000000000b2fe       0xfc contiki-avr-rss2.a(frame802154.o)
                0x000000000000b2fe                frame802154_has_panid
 .text.field_len
                0x000000000000b3fa       0xd2 contiki-avr-rss2.a(frame802154.o)
 .text.frame802154_is_broadcast_addr
                0x000000000000b4cc       0x2a contiki-avr-rss2.a(frame802154.o)
                0x000000000000b4cc                frame802154_is_broadcast_addr
 .text.frame802154_hdrlen
                0x000000000000b4f6       0x4c contiki-avr-rss2.a(frame802154.o)
                0x000000000000b4f6                frame802154_hdrlen
 .text.frame802154_create_fcf
                0x000000000000b542       0xaa contiki-avr-rss2.a(frame802154.o)
                0x000000000000b542                frame802154_create_fcf
 .text.frame802154_create
                0x000000000000b5ec       0xee contiki-avr-rss2.a(frame802154.o)
                0x000000000000b5ec                frame802154_create
 .text.frame802154_parse_fcf
                0x000000000000b6da       0x5c contiki-avr-rss2.a(frame802154.o)
                0x000000000000b6da                frame802154_parse_fcf
 .text.frame802154_parse
                0x000000000000b736      0x1d6 contiki-avr-rss2.a(frame802154.o)
                0x000000000000b736                frame802154_parse
 .text.avr-libc
                0x000000000000b90c      0x74c /usr/lib/gcc/avr/5.4.0/../../../avr/lib/avr6/libprintf_flt.a(vfprintf_flt.o)
                0x000000000000b90c                vfprintf
 .text.avr-libc.fplib
                0x000000000000c058        0xe /usr/lib/gcc/avr/5.4.0/../../../avr/lib/avr6/libm.a(addsf3.o)
                0x000000000000c058                __subsf3
                0x000000000000c05a                __addsf3
 .text.avr-libc.fplib
                0x000000000000c066       0xcc /usr/lib/gcc/avr/5.4.0/../../../avr/lib/avr6/libm.a(addsf3x.o)
                0x000000000000c088                __addsf3x
 .text.avr-libc.fplib
                0x000000000000c132        0xa /usr/lib/gcc/avr/5.4.0/../../../avr/lib/avr6/libm.a(cmpsf2.o)
                0x000000000000c132                __lesf2
                0x000000000000c132                __nesf2
                0x000000000000c132                __eqsf2
                0x000000000000c132                __cmpsf2
                0x000000000000c132                __ltsf2
 .text.avr-libc.fplib
                0x000000000000c13c        0x8 /usr/lib/gcc/avr/5.4.0/../../../avr/lib/avr6/libm.a(divsf3.o)
                0x000000000000c13c                __divsf3
 .text.avr-libc.fplib
                0x000000000000c144       0xdc /usr/lib/gcc/avr/5.4.0/../../../avr/lib/avr6/libm.a(divsf3x.o)
                0x000000000000c164                __divsf3x
                0x000000000000c16a                __divsf3_pse
 .text.avr-libc.fplib
                0x000000000000c220        0xe /usr/lib/gcc/avr/5.4.0/../../../avr/lib/avr6/libm.a(fixsfsi.o)
                0x000000000000c220                __fixsfsi
 .text.avr-libc.fplib
                0x000000000000c22e       0x5e /usr/lib/gcc/avr/5.4.0/../../../avr/lib/avr6/libm.a(fixunssfsi.o)
                0x000000000000c22e                __fixunssfsi
 .text.avr-libc.fplib
                0x000000000000c28c       0x7a /usr/lib/gcc/avr/5.4.0/../../../avr/lib/avr6/libm.a(floatsisf.o)
                0x000000000000c28c                __floatunsisf
                0x000000000000c290                __floatsisf
 .text.avr-libc.fplib
                0x000000000000c306       0x48 /usr/lib/gcc/avr/5.4.0/../../../avr/lib/avr6/libm.a(fp_cmp.o)
                0x000000000000c306                __fp_cmp
 .text.avr-libc.fplib
                0x000000000000c34e        0xc /usr/lib/gcc/avr/5.4.0/../../../avr/lib/avr6/libm.a(fp_inf.o)
                0x000000000000c34e                __fp_inf
 .text.avr-libc.fplib
                0x000000000000c35a        0x6 /usr/lib/gcc/avr/5.4.0/../../../avr/lib/avr6/libm.a(fp_nan.o)
                0x000000000000c35a                __fp_nan
 .text.avr-libc.fplib
                0x000000000000c360        0xe /usr/lib/gcc/avr/5.4.0/../../../avr/lib/avr6/libm.a(fp_pscA.o)
                0x000000000000c360                __fp_pscA
 .text.avr-libc.fplib
                0x000000000000c36e        0xe /usr/lib/gcc/avr/5.4.0/../../../avr/lib/avr6/libm.a(fp_pscB.o)
                0x000000000000c36e                __fp_pscB
 .text.avr-libc.fplib
                0x000000000000c37c       0x22 /usr/lib/gcc/avr/5.4.0/../../../avr/lib/avr6/libm.a(fp_round.o)
                0x000000000000c37c                __fp_round
 .text.avr-libc.fplib
                0x000000000000c39e       0x44 /usr/lib/gcc/avr/5.4.0/../../../avr/lib/avr6/libm.a(fp_split3.o)
                0x000000000000c39e                __fp_split3
                0x000000000000c3ae                __fp_splitA
 .text.avr-libc.fplib
                0x000000000000c3e2        0xe /usr/lib/gcc/avr/5.4.0/../../../avr/lib/avr6/libm.a(fp_zero.o)
                0x000000000000c3e2                __fp_zero
                0x000000000000c3e4                __fp_szero
 .text.avr-libc.fplib
                0x000000000000c3f0        0x8 /usr/lib/gcc/avr/5.4.0/../../../avr/lib/avr6/libm.a(mulsf3.o)
                0x000000000000c3f0                __mulsf3
 .text.avr-libc.fplib
                0x000000000000c3f8       0xd2 /usr/lib/gcc/avr/5.4.0/../../../avr/lib/avr6/libm.a(mulsf3x.o)
                0x000000000000c416                __mulsf3x
                0x000000000000c41c                __mulsf3_pse
 .text.libgcc.div
                0x000000000000c4ca       0x18 /usr/lib/gcc/avr/5.4.0/avr6/libgcc.a(_udivmodqi4.o)
                0x000000000000c4ca                __udivmodqi4
 .text.libgcc.div
                0x000000000000c4e2       0x28 /usr/lib/gcc/avr/5.4.0/avr6/libgcc.a(_udivmodhi4.o)
                0x000000000000c4e2                __udivmodhi4
 .text.libgcc.div
                0x000000000000c50a       0x44 /usr/lib/gcc/avr/5.4.0/avr6/libgcc.a(_udivmodsi4.o)
                0x000000000000c50a                __udivmodsi4
 .text.libgcc   0x000000000000c54e       0x10 /usr/lib/gcc/avr/5.4.0/avr6/libgcc.a(_tablejump2.o)
                0x000000000000c54e                __tablejump2__
 .text.libgcc.mul
                0x000000000000c55e        0xe /usr/lib/gcc/avr/5.4.0/avr6/libgcc.a(_usmulhisi3.o)
                0x000000000000c55e                __usmulhisi3
                0x000000000000c562                __usmulhisi3_tail
 .text.libgcc.mul
                0x000000000000c56c       0x16 /usr/lib/gcc/avr/5.4.0/avr6/libgcc.a(_muluhisi3.o)
                0x000000000000c56c                __muluhisi3
 .text.libgcc.mul
                0x000000000000c582       0x1e /usr/lib/gcc/avr/5.4.0/avr6/libgcc.a(_umulhisi3.o)
                0x000000000000c582                __umulhisi3
 .text.avr-libc
                0x000000000000c5a0      0x242 /usr/lib/gcc/avr/5.4.0/../../../avr/lib/avr6/libc.a(malloc.o)
                0x000000000000c5a0                malloc
                0x000000000000c6d0                free
 .text.avr-libc
                0x000000000000c7e2       0xb4 /usr/lib/gcc/avr/5.4.0/../../../avr/lib/avr6/libc.a(rand.o)
                0x000000000000c874                rand_r
                0x000000000000c878                rand
                0x000000000000c880                srand
 .text.avr-libc
                0x000000000000c896       0x3c /usr/lib/gcc/avr/5.4.0/../../../avr/lib/avr6/libc.a(atoi.o)
                0x000000000000c896                atoi
 .text.avr-libc
                0x000000000000c8d2      0x1b0 /usr/lib/gcc/avr/5.4.0/../../../avr/lib/avr6/libc.a(ftoa_engine.o)
                0x000000000000c8d2                __ftoa_engine
 .text.avr-libc
                0x000000000000ca82       0x12 /usr/lib/gcc/avr/5.4.0/../../../avr/lib/avr6/libc.a(isspace.o)
                0x000000000000ca82                isspace
 .text.avr-libc
                0x000000000000ca94       0x16 /usr/lib/gcc/avr/5.4.0/../../../avr/lib/avr6/libc.a(strnlen_P.o)
                0x000000000000ca94                strnlen_P
 .text.avr-libc
                0x000000000000caaa        0x8 /usr/lib/gcc/avr/5.4.0/../../../avr/lib/avr6/libc.a(strtok.o)
                0x000000000000caaa                strtok
 .text.avr-libc
                0x000000000000cab2       0x1a /usr/lib/gcc/avr/5.4.0/../../../avr/lib/avr6/libc.a(memcmp.o)
                0x000000000000cab2                memcmp
 .text.avr-libc
                0x000000000000cacc       0x12 /usr/lib/gcc/avr/5.4.0/../../../avr/lib/avr6/libc.a(memcpy.o)
                0x000000000000cacc                memcpy
 .text.avr-libc
                0x000000000000cade        0xe /usr/lib/gcc/avr/5.4.0/../../../avr/lib/avr6/libc.a(memset.o)
                0x000000000000cade                memset
 .text.avr-libc
                0x000000000000caec       0x16 /usr/lib/gcc/avr/5.4.0/../../../avr/lib/avr6/libc.a(strcat.o)
                0x000000000000caec                strcat
 .text.avr-libc
                0x000000000000cb02        0xe /usr/lib/gcc/avr/5.4.0/../../../avr/lib/avr6/libc.a(strcpy.o)
                0x000000000000cb02                strcpy
 .text.avr-libc
                0x000000000000cb10       0x28 /usr/lib/gcc/avr/5.4.0/../../../avr/lib/avr6/libc.a(strlcpy.o)
                0x000000000000cb10                strlcpy
 .text.avr-libc
                0x000000000000cb38       0x20 /usr/lib/gcc/avr/5.4.0/../../../avr/lib/avr6/libc.a(strncat.o)
                0x000000000000cb38                strncat
 .text.avr-libc
                0x000000000000cb58       0x1c /usr/lib/gcc/avr/5.4.0/../../../avr/lib/avr6/libc.a(strncmp.o)
                0x000000000000cb58                strncmp
 .text.avr-libc
                0x000000000000cb74       0x16 /usr/lib/gcc/avr/5.4.0/../../../avr/lib/avr6/libc.a(strnlen.o)
                0x000000000000cb74                strnlen
 .text.avr-libc
                0x000000000000cb8a       0x4e /usr/lib/gcc/avr/5.4.0/../../../avr/lib/avr6/libc.a(strtok_r.o)
                0x000000000000cb8a                strtok_r
 .text.avr-libc
                0x000000000000cbd8       0x10 /usr/lib/gcc/avr/5.4.0/../../../avr/lib/avr6/libc.a(mul10.o)
                0x000000000000cbd8                __mulhi_const_10
 .text.avr-libc
                0x000000000000cbe8       0x78 /usr/lib/gcc/avr/5.4.0/../../../avr/lib/avr6/libc.a(fputc.o)
                0x000000000000cbe8                fputc
 .text.avr-libc
                0x000000000000cc60       0x28 /usr/lib/gcc/avr/5.4.0/../../../avr/lib/avr6/libc.a(printf.o)
                0x000000000000cc60                printf
 .text.avr-libc
                0x000000000000cc88       0x50 /usr/lib/gcc/avr/5.4.0/../../../avr/lib/avr6/libc.a(printf_p.o)
                0x000000000000cc88                printf_P
 .text.avr-libc
                0x000000000000ccd8        0xc /usr/lib/gcc/avr/5.4.0/../../../avr/lib/avr6/libc.a(putchar.o)
                0x000000000000ccd8                putchar
 .text.avr-libc
                0x000000000000cce4       0x60 /usr/lib/gcc/avr/5.4.0/../../../avr/lib/avr6/libc.a(puts.o)
                0x000000000000cce4                puts
 .text.avr-libc
                0x000000000000cd44       0x7a /usr/lib/gcc/avr/5.4.0/../../../avr/lib/avr6/libc.a(snprintf.o)
                0x000000000000cd44                snprintf
 .text.avr-libc
                0x000000000000cdbe       0xbc /usr/lib/gcc/avr/5.4.0/../../../avr/lib/avr6/libc.a(ultoa_invert.o)
                0x000000000000cdbe                __ultoa_invert
 .text.avr-libc
                0x000000000000ce7a        0x6 /usr/lib/gcc/avr/5.4.0/../../../avr/lib/avr6/libc.a(cty_isfalse.o)
                0x000000000000ce7a                __ctype_isfalse
                0x000000000000ce7e                __ctype_istrue
 .text.avr-libc
                0x000000000000ce80       0x20 /usr/lib/gcc/avr/5.4.0/../../../avr/lib/avr6/libatmega256rfr2.a(eerd_block.o)
                0x000000000000ce80                eeprom_read_block
                0x000000000000ce84                eeprom_read_blraw
 .text.avr-libc
                0x000000000000cea0       0x10 /usr/lib/gcc/avr/5.4.0/../../../avr/lib/avr6/libatmega256rfr2.a(eerd_byte.o)
                0x000000000000cea0                eeprom_read_byte
 .text.avr-libc
                0x000000000000ceb0        0xc /usr/lib/gcc/avr/5.4.0/../../../avr/lib/avr6/libatmega256rfr2.a(eerd_word.o)
                0x000000000000ceb0                eeprom_read_word
 .text.avr-libc
                0x000000000000cebc       0x20 /usr/lib/gcc/avr/5.4.0/../../../avr/lib/avr6/libatmega256rfr2.a(eeupd_block.o)
                0x000000000000cebc                eeprom_update_block
 .text.avr-libc
                0x000000000000cedc       0x24 /usr/lib/gcc/avr/5.4.0/../../../avr/lib/avr6/libatmega256rfr2.a(eeupd_byte.o)
                0x000000000000cedc                eeprom_update_byte
                0x000000000000cede                eeprom_update_r18
 .text.avr-libc
                0x000000000000cf00        0xc /usr/lib/gcc/avr/5.4.0/../../../avr/lib/avr6/libatmega256rfr2.a(eeupd_word.o)
                0x000000000000cf00                eeprom_update_word
 .text.avr-libc
                0x000000000000cf0c       0x14 /usr/lib/gcc/avr/5.4.0/../../../avr/lib/avr6/libatmega256rfr2.a(eewr_block.o)
                0x000000000000cf0c                eeprom_write_block
 .text.avr-libc
                0x000000000000cf20       0x1c /usr/lib/gcc/avr/5.4.0/../../../avr/lib/avr6/libatmega256rfr2.a(eewr_byte.o)
                0x000000000000cf20                eeprom_write_byte
                0x000000000000cf22                eeprom_write_r18
 .text.avr-libc
                0x000000000000cf3c        0xa /usr/lib/gcc/avr/5.4.0/../../../avr/lib/avr6/libatmega256rfr2.a(eewr_word.o)
                0x000000000000cf3c                eeprom_write_word
 .text.libgcc.div
                0x000000000000cf46       0x2e /usr/lib/gcc/avr/5.4.0/avr6/libgcc.a(_divmodsi4.o)
                0x000000000000cf46                __divmodsi4
 .text.libgcc.div
                0x000000000000cf74       0x10 /usr/lib/gcc/avr/5.4.0/avr6/libgcc.a(_negsi2.o)
                0x000000000000cf74                __negsi2
 .text.libgcc.mul
                0x000000000000cf84       0x10 /usr/lib/gcc/avr/5.4.0/avr6/libgcc.a(_mulshisi3.o)
                0x000000000000cf84                __mulshisi3
                0x000000000000cf8a                __mulohisi3
                0x000000000000cf94                . = ALIGN (0x2)
 *(.fini9)
 .fini9         0x000000000000cf94        0x0 /usr/lib/gcc/avr/5.4.0/avr6/libgcc.a(_exit.o)
                0x000000000000cf94                exit
                0x000000000000cf94                _exit
 *(.fini9)
 *(.fini8)
 *(.fini8)
 *(.fini7)
 *(.fini7)
 *(.fini6)
 *(.fini6)
 *(.fini5)
 *(.fini5)
 *(.fini4)
 *(.fini4)
 *(.fini3)
 *(.fini3)
 *(.fini2)
 *(.fini2)
 *(.fini1)
 *(.fini1)
 *(.fini0)
 .fini0         0x000000000000cf94        0x4 /usr/lib/gcc/avr/5.4.0/avr6/libgcc.a(_exit.o)
 *(.fini0)
                0x000000000000cf98                _etext = .

.data           0x0000000000800200     0x14a4 load address 0x000000000000cf98
                0x0000000000800200                PROVIDE (__data_start, .)
 *(.data)
 .data          0x0000000000800200        0x6 /usr/lib/gcc/avr/5.4.0/../../../avr/lib/avr6/libc.a(malloc.o)
                0x0000000000800200                __malloc_heap_end
                0x0000000000800202                __malloc_heap_start
                0x0000000000800204                __malloc_margin
 .data          0x0000000000800206        0x4 /usr/lib/gcc/avr/5.4.0/../../../avr/lib/avr6/libc.a(rand.o)
 *(.data*)
 .data.ttl      0x000000000080020a        0x1 wimea-ict-rss2.co
                0x000000000080020a                ttl
 .data.default_sensors
                0x000000000080020b       0x32 wimea-ict-rss2.co
 .data.powertrace_process
                0x000000000080023d        0xa wimea-ict-rss2.co
                0x000000000080023d                powertrace_process
 .data.mcu_sleep_process
                0x0000000000800247        0xa wimea-ict-rss2.co
                0x0000000000800247                mcu_sleep_process
 .data.buffer_process
                0x0000000000800251        0xa wimea-ict-rss2.co
                0x0000000000800251                buffer_process
 .data.sensor_data_process_report3
                0x000000000080025b        0xa wimea-ict-rss2.co
                0x000000000080025b                sensor_data_process_report3
 .data.sensor_data_process_report2
                0x0000000000800265        0xa wimea-ict-rss2.co
                0x0000000000800265                sensor_data_process_report2
 .data.sensor_data_process_report1
                0x000000000080026f        0xa wimea-ict-rss2.co
                0x000000000080026f                sensor_data_process_report1
 .data.sensor_data_process_report0
                0x0000000000800279        0xa wimea-ict-rss2.co
                0x0000000000800279                sensor_data_process_report0
 .data.broadcast_data_process
                0x0000000000800283        0xa wimea-ict-rss2.co
                0x0000000000800283                broadcast_data_process
 .data.default_config_process
                0x000000000080028d        0xa wimea-ict-rss2.co
                0x000000000080028d                default_config_process
 .data.serial_input_process
                0x0000000000800297        0xa wimea-ict-rss2.co
                0x0000000000800297                serial_input_process
 .data.missing_p_value_flag
                0x00000000008002a1        0x1 contiki-avr-rss2.a(ms5611.o)
 .data.missing_adc_value_flag
                0x00000000008002a2        0x1 contiki-avr-rss2.a(mcp3424.o)
                0x00000000008002a2                missing_adc_value_flag
 .data.missing_rh_value_flag
                0x00000000008002a3        0x1 contiki-avr-rss2.a(sht25.o)
 .data.missing_t_value_flag
                0x00000000008002a4        0x1 contiki-avr-rss2.a(sht25.o)
 .data.rs232_stdout
                0x00000000008002a5        0xe contiki-avr-rss2.a(rs232.o)
 .data.rpc      0x00000000008002b3        0x1 contiki-avr-rss2.a(rf230bb.o)
 .data.rf230_process
                0x00000000008002b4        0xa contiki-avr-rss2.a(rf230bb.o)
                0x00000000008002b4                rf230_process
 .data.ctimer_process
                0x00000000008002be        0xa contiki-avr-rss2.a(ctimer.o)
                0x00000000008002be                ctimer_process
 .data.etimer_process
                0x00000000008002c8        0xa contiki-avr-rss2.a(etimer.o)
                0x00000000008002c8                etimer_process
 .data.serial_line_process
                0x00000000008002d2        0xa contiki-avr-rss2.a(serial-line.o)
                0x00000000008002d2                serial_line_process
 .data.buframmem
                0x00000000008002dc        0x8 contiki-avr-rss2.a(queuebuf.o)
 .data.bufmem   0x00000000008002e4        0x8 contiki-avr-rss2.a(queuebuf.o)
 .data.Stat     0x00000000008002ec        0x1 contiki-avr-rss2.a(diskio.o)
 .data.mac_pan_id
                0x00000000008002ed        0x2 contiki-avr-rss2.a(frame802154.o)
 *(.rodata)
 .rodata        0x00000000008002ef       0x2a wimea-ict-rss2.co
 *(.rodata*)
 .rodata.str1.1
                0x0000000000800319     0x1110 wimea-ict-rss2.co
                                       0x1133 (size before relaxing)
 .rodata.broadcast_call
                0x0000000000801429        0x4 wimea-ict-rss2.co
 .rodata.autostart_processes
                0x000000000080142d       0x16 wimea-ict-rss2.co
                0x000000000080142d                autostart_processes
 .rodata.str1.1
                0x0000000000801443       0x79 contiki-avr-rss2.a(contiki-main.o)
 .rodata.str1.1
                0x00000000008014bc        0x8 contiki-avr-rss2.a(battery-sensor.)
 .rodata.battery_sensor
                0x00000000008014c4        0x8 contiki-avr-rss2.a(battery-sensor.)
                0x00000000008014c4                battery_sensor
 .rodata.str1.1
                0x00000000008014cc        0x9 contiki-avr-rss2.a(temp_mcu-sensor)
 .rodata.temp_mcu_sensor
                0x00000000008014d5        0x8 contiki-avr-rss2.a(temp_mcu-sensor)
                0x00000000008014d5                temp_mcu_sensor
 .rodata.str1.1
                0x00000000008014dd        0x6 contiki-avr-rss2.a(pulse-sensor.o)
 .rodata.pulse_sensor
                0x00000000008014e3        0x8 contiki-avr-rss2.a(pulse-sensor.o)
                0x00000000008014e3                pulse_sensor
 .rodata.str1.1
                0x00000000008014eb        0x5 contiki-avr-rss2.a(temp-sensor.o)
 .rodata.temp_sensor
                0x00000000008014f0        0x8 contiki-avr-rss2.a(temp-sensor.o)
                0x00000000008014f0                temp_sensor
 .rodata.str1.1
                0x00000000008014f8        0x4 contiki-avr-rss2.a(ds1307.o)
 .rodata.ds1307_sensor
                0x00000000008014fc        0x8 contiki-avr-rss2.a(ds1307.o)
                0x00000000008014fc                ds1307_sensor
 .rodata.str1.1
                0x0000000000801504       0x1f contiki-avr-rss2.a(ff.o)
 .rodata.ExCvt  0x0000000000801523       0x80 contiki-avr-rss2.a(ff.o)
 .rodata.str1.1
                0x00000000008015a3        0x9 contiki-avr-rss2.a(ms5611.o)
 .rodata.ms5611_sensor
                0x00000000008015ac        0x8 contiki-avr-rss2.a(ms5611.o)
                0x00000000008015ac                ms5611_sensor
 .rodata.CSWTCH.4
                0x00000000008015b4        0x3 contiki-avr-rss2.a(mcp3424.o)
 .rodata.str1.1
                0x00000000008015b7        0xf contiki-avr-rss2.a(mcp3424.o)
 .rodata.mcp3424_sensor
                0x00000000008015c6        0x8 contiki-avr-rss2.a(mcp3424.o)
                0x00000000008015c6                mcp3424_sensor
 .rodata.str1.1
                0x00000000008015ce        0xd contiki-avr-rss2.a(sht25.o)
 .rodata.sht25_sensor
                0x00000000008015db        0x8 contiki-avr-rss2.a(sht25.o)
                0x00000000008015db                sht25_sensor
 .rodata.str1.1
                0x00000000008015e3        0xd contiki-avr-rss2.a(rf230bb.o)
 .rodata.rf230_driver
                0x00000000008015f0       0x1c contiki-avr-rss2.a(rf230bb.o)
                0x00000000008015f0                rf230_driver
 .rodata.str1.1
                0x000000000080160c        0xf contiki-avr-rss2.a(ctimer.o)
 .rodata.str1.1
                0x000000000080161b        0xc contiki-avr-rss2.a(etimer.o)
 .rodata.str1.1
                0x0000000000801627        0xe contiki-avr-rss2.a(serial-line.o)
 .rodata.broadcast
                0x0000000000801635        0x4 contiki-avr-rss2.a(broadcast.o)
 .rodata.attributes
                0x0000000000801639        0x4 contiki-avr-rss2.a(broadcast.o)
 .rodata.str1.1
                0x000000000080163d        0x5 contiki-avr-rss2.a(rime.o)
 .rodata.rime_driver
                0x0000000000801642        0x6 contiki-avr-rss2.a(rime.o)
                0x0000000000801642                rime_driver
 .rodata.str1.1
                0x0000000000801648        0x8 contiki-avr-rss2.a(nullmac.o)
 .rodata.nullmac_driver
                0x0000000000801650        0xe contiki-avr-rss2.a(nullmac.o)
                0x0000000000801650                nullmac_driver
 .rodata.str1.1
                0x000000000080165e        0x8 contiki-avr-rss2.a(nullrdc.o)
 .rodata.nullrdc_driver
                0x0000000000801666       0x10 contiki-avr-rss2.a(nullrdc.o)
                0x0000000000801666                nullrdc_driver
 .rodata.linkaddr_null
                0x0000000000801676        0x2 contiki-avr-rss2.a(linkaddr.o)
                0x0000000000801676                linkaddr_null
 .rodata.str1.1
                0x0000000000801678        0x8 contiki-avr-rss2.a(nullsec.o)
 .rodata.nullsec_driver
                0x0000000000801680        0x8 contiki-avr-rss2.a(nullsec.o)
                0x0000000000801680                nullsec_driver
 .rodata.broadcast_callbacks
                0x0000000000801688        0x4 contiki-avr-rss2.a(broadcast-annou)
 .rodata.attributes
                0x000000000080168c        0x2 contiki-avr-rss2.a(abc.o)
 .rodata.framer_802154
                0x000000000080168e        0x6 contiki-avr-rss2.a(framer-802154.o)
                0x000000000080168e                framer_802154
 .rodata.chameleon_bitopt
                0x0000000000801694        0x6 contiki-avr-rss2.a(chameleon-bitop)
                0x0000000000801694                chameleon_bitopt
 .rodata.bitmask
                0x000000000080169a        0x9 contiki-avr-rss2.a(chameleon-bitop)
 *(.gnu.linkonce.d*)
                0x00000000008016a4                . = ALIGN (0x2)
 *fill*         0x00000000008016a3        0x1 
                0x00000000008016a4                _edata = .
                0x00000000008016a4                PROVIDE (__data_end, .)

.bss            0x00000000008016a4     0x131b
                0x00000000008016a4                PROVIDE (__bss_start, .)
 *(.bss)
 .bss           0x00000000008016a4        0x2 /usr/lib/gcc/avr/5.4.0/../../../avr/lib/avr6/libc.a(strtok.o)
 *(.bss*)
 .bss.name2.4979
                0x00000000008016a6        0xc wimea-ict-rss2.co
 .bss.name1.4978
                0x00000000008016b2        0xc wimea-ict-rss2.co
 .bss.date.4879
                0x00000000008016be        0xf wimea-ict-rss2.co
 .bss.time.4875
                0x00000000008016cd        0xf wimea-ict-rss2.co
 .bss.adc3.4867
                0x00000000008016dc        0x2 wimea-ict-rss2.co
 .bss.adc2.4866
                0x00000000008016de        0x2 wimea-ict-rss2.co
 .bss.adc1.4865
                0x00000000008016e0        0x2 wimea-ict-rss2.co
 .bss.adc3.4852
                0x00000000008016e2        0x2 wimea-ict-rss2.co
 .bss.adc2.4851
                0x00000000008016e4        0x2 wimea-ict-rss2.co
 .bss.adc1.4850
                0x00000000008016e6        0x2 wimea-ict-rss2.co
 .bss.adc3.4812
                0x00000000008016e8        0x2 wimea-ict-rss2.co
 .bss.adc2.4811
                0x00000000008016ea        0x2 wimea-ict-rss2.co
 .bss.adc1.4810
                0x00000000008016ec        0x2 wimea-ict-rss2.co
 .bss.P0_LST.4823
                0x00000000008016ee        0x2 wimea-ict-rss2.co
 .bss.listen_power.4625
                0x00000000008016f0        0x4 wimea-ict-rss2.co
 .bss.transmit_power.4624
                0x00000000008016f4        0x4 wimea-ict-rss2.co
 .bss.cpu_power.4623
                0x00000000008016f8        0x4 wimea-ict-rss2.co
 .bss.counter.4626
                0x00000000008016fc        0x2 wimea-ict-rss2.co
 .bss.j.4619    0x00000000008016fe        0x2 wimea-ict-rss2.co
 .bss.t.4618    0x0000000000801700        0x2 wimea-ict-rss2.co
 .bss.periodic_timers.4613
                0x0000000000801702        0xc wimea-ict-rss2.co
 .bss.time_counter.4627
                0x000000000080170e        0x2 wimea-ict-rss2.co
 .bss.time_interval_3.4722
                0x0000000000801710        0x2 wimea-ict-rss2.co
 .bss.time_interval_2.4712
                0x0000000000801712        0x2 wimea-ict-rss2.co
 .bss.counter.4680
                0x0000000000801714        0x2 wimea-ict-rss2.co
 .bss.time_interval_0.4681
                0x0000000000801716        0x2 wimea-ict-rss2.co
 .bss.j.4683    0x0000000000801718        0x2 wimea-ict-rss2.co
 .bss.i.4682    0x000000000080171a        0x2 wimea-ict-rss2.co
 .bss.seqno.4759
                0x000000000080171c        0x1 wimea-ict-rss2.co
 .bss.broadcast
                0x000000000080171d        0xb wimea-ict-rss2.co
 .bss.I2C_MS5611_flag
                0x0000000000801728        0x2 wimea-ict-rss2.co
 .bss.I2C_MCP3424_flag
                0x000000000080172a        0x2 wimea-ict-rss2.co
 .bss.I2C_SHT25_flag
                0x000000000080172c        0x2 wimea-ict-rss2.co
 .bss.error_status
                0x000000000080172e        0x2 wimea-ict-rss2.co
 .bss.power_save
                0x0000000000801730        0x2 wimea-ict-rss2.co
 .bss.array.3624
                0x0000000000801732       0x18 contiki-avr-rss2.a(powertrace.o)
 .bss.seqno.3641
                0x000000000080174a        0x4 contiki-avr-rss2.a(powertrace.o)
 .bss.last_listen.3621
                0x000000000080174e        0x4 contiki-avr-rss2.a(powertrace.o)
 .bss.last_transmit.3620
                0x0000000000801752        0x4 contiki-avr-rss2.a(powertrace.o)
 .bss.last_lpm.3619
                0x0000000000801756        0x4 contiki-avr-rss2.a(powertrace.o)
 .bss.last_cpu.3618
                0x000000000080175a        0x4 contiki-avr-rss2.a(powertrace.o)
 .bss.intr_counts
                0x000000000080175e        0x2 contiki-avr-rss2.a(pulse-sensor.o)
                0x000000000080175e                intr_counts
 .bss.Fsid      0x0000000000801760        0x2 contiki-avr-rss2.a(ff.o)
 .bss.FatFs     0x0000000000801762        0x2 contiki-avr-rss2.a(ff.o)
 .bss.nac_value_flag
                0x0000000000801764        0x1 contiki-avr-rss2.a(ms5611.o)
                0x0000000000801764                nac_value_flag
 .bss.ac_value_flag
                0x0000000000801765        0x1 contiki-avr-rss2.a(ms5611.o)
                0x0000000000801765                ac_value_flag
 .bss.rcount    0x0000000000801766        0x1 contiki-avr-rss2.a(clock.o)
 .bss.count     0x0000000000801767        0x4 contiki-avr-rss2.a(clock.o)
 .bss.stdout_rs232_port
                0x000000000080176b        0x1 contiki-avr-rss2.a(rs232.o)
 .bss.buffer    0x000000000080176c       0x81 contiki-avr-rss2.a(rf230bb.o)
 .bss.channel   0x00000000008017ed        0x1 contiki-avr-rss2.a(rf230bb.o)
 .bss.rf230_last_rx_packet_timestamp
                0x00000000008017ee        0x2 contiki-avr-rss2.a(rf230bb.o)
 .bss.poll_mode
                0x00000000008017f0        0x1 contiki-avr-rss2.a(rf230bb.o)
                0x00000000008017f0                poll_mode
 .bss.is_promiscuous
                0x00000000008017f1        0x1 contiki-avr-rss2.a(rf230bb.o)
 .bss.initialized
                0x00000000008017f2        0x1 contiki-avr-rss2.a(ctimer.o)
 .bss.ctimer_list_list
                0x00000000008017f3        0x2 contiki-avr-rss2.a(ctimer.o)
 .bss.next_expiration
                0x00000000008017f5        0x4 contiki-avr-rss2.a(etimer.o)
 .bss.timerlist
                0x00000000008017f9        0x2 contiki-avr-rss2.a(etimer.o)
 .bss.poll_requested
                0x00000000008017fb        0x1 contiki-avr-rss2.a(process.o)
 .bss.events    0x00000000008017fc       0xa0 contiki-avr-rss2.a(process.o)
 .bss.fevent    0x000000000080189c        0x1 contiki-avr-rss2.a(process.o)
 .bss.nevents   0x000000000080189d        0x1 contiki-avr-rss2.a(process.o)
 .bss.lastevent
                0x000000000080189e        0x1 contiki-avr-rss2.a(process.o)
 .bss.process_current
                0x000000000080189f        0x2 contiki-avr-rss2.a(process.o)
                0x000000000080189f                process_current
 .bss.process_list
                0x00000000008018a1        0x2 contiki-avr-rss2.a(process.o)
                0x00000000008018a1                process_list
 .bss.next_rtimer
                0x00000000008018a3        0x2 contiki-avr-rss2.a(rtimer.o)
 .bss.overflow.2180
                0x00000000008018a5        0x1 contiki-avr-rss2.a(serial-line.o)
 .bss.buf.2186  0x00000000008018a6       0x80 contiki-avr-rss2.a(serial-line.o)
 .bss.ptr.2187  0x0000000000801926        0x2 contiki-avr-rss2.a(serial-line.o)
 .bss.rxbuf_data
                0x0000000000801928       0x80 contiki-avr-rss2.a(serial-line.o)
 .bss.rxbuf     0x00000000008019a8        0x5 contiki-avr-rss2.a(serial-line.o)
 .bss.sniffers_list
                0x00000000008019ad        0x2 contiki-avr-rss2.a(rime.o)
 .bss.observer_callback
                0x00000000008019af        0x2 contiki-avr-rss2.a(announcement.o)
 .bss.announcements_list
                0x00000000008019b1        0x2 contiki-avr-rss2.a(announcement.o)
 .bss.buframmem_memb_mem
                0x00000000008019b3      0xb22 contiki-avr-rss2.a(queuebuf.o)
 .bss.buframmem_memb_count
                0x00000000008024d5        0xf contiki-avr-rss2.a(queuebuf.o)
 .bss.bufmem_memb_mem
                0x00000000008024e4       0x1e contiki-avr-rss2.a(queuebuf.o)
 .bss.bufmem_memb_count
                0x0000000000802502        0xf contiki-avr-rss2.a(queuebuf.o)
 .bss.packetbuf_aligned
                0x0000000000802511       0x80 contiki-avr-rss2.a(packetbuf.o)
 .bss.hdrlen    0x0000000000802591        0x1 contiki-avr-rss2.a(packetbuf.o)
 .bss.bufptr    0x0000000000802592        0x2 contiki-avr-rss2.a(packetbuf.o)
 .bss.buflen    0x0000000000802594        0x2 contiki-avr-rss2.a(packetbuf.o)
 .bss.CardType  0x0000000000802596        0x1 contiki-avr-rss2.a(diskio.o)
 .bss.c         0x0000000000802597       0x45 contiki-avr-rss2.a(broadcast-annou)
 .bss.channel_list_list
                0x00000000008025dc        0x2 contiki-avr-rss2.a(channel.o)
 .bss.initialized
                0x00000000008025de        0x1 contiki-avr-rss2.a(framer-802154.o)
 .bss.mac_dsn   0x00000000008025df        0x1 contiki-avr-rss2.a(framer-802154.o)
 *(COMMON)
 COMMON         0x00000000008025e0      0x28e wimea-ict-rss2.co
                0x00000000008025e0                fp
                0x00000000008025e2                et2
                0x00000000008025ee                i2c_probed1
                0x00000000008025f0                FatFs
                0x0000000000802822                et3
                0x000000000080282e                time_interval
                0x0000000000802830                et1
                0x000000000080283c                eui64_addr
                0x0000000000802844                bw
                0x0000000000802846                rssi
                0x0000000000802848                et
                0x0000000000802854                et0
                0x0000000000802860                lqi
                0x0000000000802862                periodic
 COMMON         0x000000000080286e        0xc contiki-avr-rss2.a(contiki-main.o)
                0x000000000080286e                ledtimer_red
                0x0000000000802870                node_id
                0x0000000000802872                ledtimer_yellow
                0x0000000000802874                clocktime
                0x0000000000802878                i2c_probed
 COMMON         0x000000000080287a        0x2 contiki-avr-rss2.a(pulse-sensor.o)